Archive member included to satisfy reference by file (symbol)

D:/ST/STM32CubeIDE_1.16.0/STM32CubeIDE/plugins/com.st.stm32cube.ide.mcu.externaltools.gnu-tools-for-stm32.12.3.rel1.win32_1.0.200.202406191623/tools/bin/../lib/gcc/arm-none-eabi/12.3.1/../../../../arm-none-eabi/lib/thumb/v7e-m+fp/hard\libc_nano.a(libc_a-exit.o)
                              D:/ST/STM32CubeIDE_1.16.0/STM32CubeIDE/plugins/com.st.stm32cube.ide.mcu.externaltools.gnu-tools-for-stm32.12.3.rel1.win32_1.0.200.202406191623/tools/bin/../lib/gcc/arm-none-eabi/12.3.1/../../../../arm-none-eabi/lib/thumb/v7e-m+fp/hard/crt0.o (exit)
D:/ST/STM32CubeIDE_1.16.0/STM32CubeIDE/plugins/com.st.stm32cube.ide.mcu.externaltools.gnu-tools-for-stm32.12.3.rel1.win32_1.0.200.202406191623/tools/bin/../lib/gcc/arm-none-eabi/12.3.1/../../../../arm-none-eabi/lib/thumb/v7e-m+fp/hard\libc_nano.a(libc_a-findfp.o)
                              D:/ST/STM32CubeIDE_1.16.0/STM32CubeIDE/plugins/com.st.stm32cube.ide.mcu.externaltools.gnu-tools-for-stm32.12.3.rel1.win32_1.0.200.202406191623/tools/bin/../lib/gcc/arm-none-eabi/12.3.1/../../../../arm-none-eabi/lib/thumb/v7e-m+fp/hard\libc_nano.a(libc_a-exit.o) (__stdio_exit_handler)
D:/ST/STM32CubeIDE_1.16.0/STM32CubeIDE/plugins/com.st.stm32cube.ide.mcu.externaltools.gnu-tools-for-stm32.12.3.rel1.win32_1.0.200.202406191623/tools/bin/../lib/gcc/arm-none-eabi/12.3.1/../../../../arm-none-eabi/lib/thumb/v7e-m+fp/hard\libc_nano.a(libc_a-fwalk.o)
                              D:/ST/STM32CubeIDE_1.16.0/STM32CubeIDE/plugins/com.st.stm32cube.ide.mcu.externaltools.gnu-tools-for-stm32.12.3.rel1.win32_1.0.200.202406191623/tools/bin/../lib/gcc/arm-none-eabi/12.3.1/../../../../arm-none-eabi/lib/thumb/v7e-m+fp/hard\libc_nano.a(libc_a-findfp.o) (_fwalk_sglue)
D:/ST/STM32CubeIDE_1.16.0/STM32CubeIDE/plugins/com.st.stm32cube.ide.mcu.externaltools.gnu-tools-for-stm32.12.3.rel1.win32_1.0.200.202406191623/tools/bin/../lib/gcc/arm-none-eabi/12.3.1/../../../../arm-none-eabi/lib/thumb/v7e-m+fp/hard\libc_nano.a(libc_a-stdio.o)
                              D:/ST/STM32CubeIDE_1.16.0/STM32CubeIDE/plugins/com.st.stm32cube.ide.mcu.externaltools.gnu-tools-for-stm32.12.3.rel1.win32_1.0.200.202406191623/tools/bin/../lib/gcc/arm-none-eabi/12.3.1/../../../../arm-none-eabi/lib/thumb/v7e-m+fp/hard\libc_nano.a(libc_a-findfp.o) (__sread)
D:/ST/STM32CubeIDE_1.16.0/STM32CubeIDE/plugins/com.st.stm32cube.ide.mcu.externaltools.gnu-tools-for-stm32.12.3.rel1.win32_1.0.200.202406191623/tools/bin/../lib/gcc/arm-none-eabi/12.3.1/../../../../arm-none-eabi/lib/thumb/v7e-m+fp/hard\libc_nano.a(libc_a-memcmp.o)
                              ./common/ThirdParty/SEGGER/OS/SEGGER_SYSVIEW_FreeRTOS.o (memcmp)
D:/ST/STM32CubeIDE_1.16.0/STM32CubeIDE/plugins/com.st.stm32cube.ide.mcu.externaltools.gnu-tools-for-stm32.12.3.rel1.win32_1.0.200.202406191623/tools/bin/../lib/gcc/arm-none-eabi/12.3.1/../../../../arm-none-eabi/lib/thumb/v7e-m+fp/hard\libc_nano.a(libc_a-memset.o)
                              D:/ST/STM32CubeIDE_1.16.0/STM32CubeIDE/plugins/com.st.stm32cube.ide.mcu.externaltools.gnu-tools-for-stm32.12.3.rel1.win32_1.0.200.202406191623/tools/bin/../lib/gcc/arm-none-eabi/12.3.1/../../../../arm-none-eabi/lib/thumb/v7e-m+fp/hard/crt0.o (memset)
D:/ST/STM32CubeIDE_1.16.0/STM32CubeIDE/plugins/com.st.stm32cube.ide.mcu.externaltools.gnu-tools-for-stm32.12.3.rel1.win32_1.0.200.202406191623/tools/bin/../lib/gcc/arm-none-eabi/12.3.1/../../../../arm-none-eabi/lib/thumb/v7e-m+fp/hard\libc_nano.a(libc_a-closer.o)
                              D:/ST/STM32CubeIDE_1.16.0/STM32CubeIDE/plugins/com.st.stm32cube.ide.mcu.externaltools.gnu-tools-for-stm32.12.3.rel1.win32_1.0.200.202406191623/tools/bin/../lib/gcc/arm-none-eabi/12.3.1/../../../../arm-none-eabi/lib/thumb/v7e-m+fp/hard\libc_nano.a(libc_a-stdio.o) (_close_r)
D:/ST/STM32CubeIDE_1.16.0/STM32CubeIDE/plugins/com.st.stm32cube.ide.mcu.externaltools.gnu-tools-for-stm32.12.3.rel1.win32_1.0.200.202406191623/tools/bin/../lib/gcc/arm-none-eabi/12.3.1/../../../../arm-none-eabi/lib/thumb/v7e-m+fp/hard\libc_nano.a(libc_a-reent.o)
                              D:/ST/STM32CubeIDE_1.16.0/STM32CubeIDE/plugins/com.st.stm32cube.ide.mcu.externaltools.gnu-tools-for-stm32.12.3.rel1.win32_1.0.200.202406191623/tools/bin/../lib/gcc/arm-none-eabi/12.3.1/../../../../arm-none-eabi/lib/thumb/v7e-m+fp/hard\libc_nano.a(libc_a-closer.o) (errno)
D:/ST/STM32CubeIDE_1.16.0/STM32CubeIDE/plugins/com.st.stm32cube.ide.mcu.externaltools.gnu-tools-for-stm32.12.3.rel1.win32_1.0.200.202406191623/tools/bin/../lib/gcc/arm-none-eabi/12.3.1/../../../../arm-none-eabi/lib/thumb/v7e-m+fp/hard\libc_nano.a(libc_a-impure.o)
                              D:/ST/STM32CubeIDE_1.16.0/STM32CubeIDE/plugins/com.st.stm32cube.ide.mcu.externaltools.gnu-tools-for-stm32.12.3.rel1.win32_1.0.200.202406191623/tools/bin/../lib/gcc/arm-none-eabi/12.3.1/../../../../arm-none-eabi/lib/thumb/v7e-m+fp/hard\libc_nano.a(libc_a-reent.o) (_impure_ptr)
[...]
Memory Configuration

Name             Origin             Length             Attributes
CCMRAM           0x10000000         0x00010000         xrw
RAM              0x20000000         0x00020000         xrw
FLASH            0x08000000         0x00100000         xr
*default*        0x00000000         0xffffffff

Linker script and memory map

LOAD D:/ST/STM32CubeIDE_1.16.0/STM32CubeIDE/plugins/com.st.stm32cube.ide.mcu.externaltools.gnu-tools-for-stm32.12.3.rel1.win32_1.0.200.202406191623/tools/bin/../lib/gcc/arm-none-eabi/12.3.1/thumb/v7e-m+fp/hard/crti.o
LOAD D:/ST/STM32CubeIDE_1.16.0/STM32CubeIDE/plugins/com.st.stm32cube.ide.mcu.externaltools.gnu-tools-for-stm32.12.3.rel1.win32_1.0.200.202406191623/tools/bin/../lib/gcc/arm-none-eabi/12.3.1/thumb/v7e-m+fp/hard/crtbegin.o
LOAD D:/ST/STM32CubeIDE_1.16.0/STM32CubeIDE/plugins/com.st.stm32cube.ide.mcu.externaltools.gnu-tools-for-stm32.12.3.rel1.win32_1.0.200.202406191623/tools/bin/../lib/gcc/arm-none-eabi/12.3.1/../../../../arm-none-eabi/lib/thumb/v7e-m+fp/hard/crt0.o
LOAD ./Core/Src/main.o
LOAD ./Core/Src/stm32f4xx_hal_msp.o
LOAD ./Core/Src/stm32f4xx_hal_timebase_tim.o
LOAD ./Core/Src/stm32f4xx_it.o
LOAD ./Core/Src/syscalls.o
LOAD ./Core/Src/sysmem.o
LOAD ./Core/Src/system_stm32f4xx.o
LOAD ./Core/Startup/startup_stm32f407vgtx.o
LOAD ./Drivers/STM32F4xx_HAL_Driver/Src/stm32f4xx_hal.o
LOAD ./Drivers/STM32F4xx_HAL_Driver/Src/stm32f4xx_hal_cortex.o
LOAD ./Drivers/STM32F4xx_HAL_Driver/Src/stm32f4xx_hal_dma.o
LOAD ./Drivers/STM32F4xx_HAL_Driver/Src/stm32f4xx_hal_dma_ex.o
LOAD ./Drivers/STM32F4xx_HAL_Driver/Src/stm32f4xx_hal_exti.o
LOAD ./Drivers/STM32F4xx_HAL_Driver/Src/stm32f4xx_hal_flash.o
LOAD ./Drivers/STM32F4xx_HAL_Driver/Src/stm32f4xx_hal_flash_ex.o
LOAD ./Drivers/STM32F4xx_HAL_Driver/Src/stm32f4xx_hal_flash_ramfunc.o
LOAD ./Drivers/STM32F4xx_HAL_Driver/Src/stm32f4xx_hal_gpio.o
LOAD ./Drivers/STM32F4xx_HAL_Driver/Src/stm32f4xx_hal_pwr.o
LOAD ./Drivers/STM32F4xx_HAL_Driver/Src/stm32f4xx_hal_pwr_ex.o
LOAD ./Drivers/STM32F4xx_HAL_Driver/Src/stm32f4xx_hal_rcc.o
LOAD ./Drivers/STM32F4xx_HAL_Driver/Src/stm32f4xx_hal_rcc_ex.o
LOAD ./Drivers/STM32F4xx_HAL_Driver/Src/stm32f4xx_hal_tim.o
LOAD ./Drivers/STM32F4xx_HAL_Driver/Src/stm32f4xx_hal_tim_ex.o
LOAD ./common/ThirdParty/FreeRTOS/croutine.o
LOAD ./common/ThirdParty/FreeRTOS/event_groups.o
LOAD ./common/ThirdParty/FreeRTOS/list.o
LOAD ./common/ThirdParty/FreeRTOS/queue.o
LOAD ./common/ThirdParty/FreeRTOS/stream_buffer.o
LOAD ./common/ThirdParty/FreeRTOS/tasks.o
LOAD ./common/ThirdParty/FreeRTOS/timers.o
LOAD ./common/ThirdParty/FreeRTOS/portable/GCC/ARM_CM4F/port.o
LOAD ./common/ThirdParty/FreeRTOS/portable/MemMang/heap_4.o
LOAD ./common/ThirdParty/SEGGER/Config/SEGGER_SYSVIEW_Config_FreeRTOS.o
LOAD ./common/ThirdParty/SEGGER/OS/SEGGER_SYSVIEW_FreeRTOS.o
LOAD ./common/ThirdParty/SEGGER/Rec/segger_uart.o
LOAD ./common/ThirdParty/SEGGER/SEGGER/SEGGER_RTT.o
LOAD ./common/ThirdParty/SEGGER/SEGGER/SEGGER_RTT_ASM_ARMv7M.o
LOAD ./common/ThirdParty/SEGGER/SEGGER/SEGGER_RTT_printf.o
LOAD ./common/ThirdParty/SEGGER/SEGGER/SEGGER_SYSVIEW.o
LOAD ./common/ThirdParty/SEGGER/SEGGER/Syscalls/SEGGER_RTT_Syscalls_GCC.o
START GROUP
LOAD D:/ST/STM32CubeIDE_1.16.0/STM32CubeIDE/plugins/com.st.stm32cube.ide.mcu.externaltools.gnu-tools-for-stm32.12.3.rel1.win32_1.0.200.202406191623/tools/bin/../lib/gcc/arm-none-eabi/12.3.1/../../../../arm-none-eabi/lib/thumb/v7e-m+fp/hard\libc_nano.a
LOAD D:/ST/STM32CubeIDE_1.16.0/STM32CubeIDE/plugins/com.st.stm32cube.ide.mcu.externaltools.gnu-tools-for-stm32.12.3.rel1.win32_1.0.200.202406191623/tools/bin/../lib/gcc/arm-none-eabi/12.3.1/../../../../arm-none-eabi/lib/thumb/v7e-m+fp/hard\libm.a
END GROUP
START GROUP
LOAD D:/ST/STM32CubeIDE_1.16.0/STM32CubeIDE/plugins/com.st.stm32cube.ide.mcu.externaltools.gnu-tools-for-stm32.12.3.rel1.win32_1.0.200.202406191623/tools/bin/../lib/gcc/arm-none-eabi/12.3.1/thumb/v7e-m+fp/hard\libgcc.a
LOAD D:/ST/STM32CubeIDE_1.16.0/STM32CubeIDE/plugins/com.st.stm32cube.ide.mcu.externaltools.gnu-tools-for-stm32.12.3.rel1.win32_1.0.200.202406191623/tools/bin/../lib/gcc/arm-none-eabi/12.3.1/../../../../arm-none-eabi/lib/thumb/v7e-m+fp/hard\libc_nano.a
END GROUP
START GROUP
LOAD D:/ST/STM32CubeIDE_1.16.0/STM32CubeIDE/plugins/com.st.stm32cube.ide.mcu.externaltools.gnu-tools-for-stm32.12.3.rel1.win32_1.0.200.202406191623/tools/bin/../lib/gcc/arm-none-eabi/12.3.1/thumb/v7e-m+fp/hard\libgcc.a
LOAD D:/ST/STM32CubeIDE_1.16.0/STM32CubeIDE/plugins/com.st.stm32cube.ide.mcu.externaltools.gnu-tools-for-stm32.12.3.rel1.win32_1.0.200.202406191623/tools/bin/../lib/gcc/arm-none-eabi/12.3.1/../../../../arm-none-eabi/lib/thumb/v7e-m+fp/hard\libc_nano.a
LOAD D:/ST/STM32CubeIDE_1.16.0/STM32CubeIDE/plugins/com.st.stm32cube.ide.mcu.externaltools.gnu-tools-for-stm32.12.3.rel1.win32_1.0.200.202406191623/tools/bin/../lib/gcc/arm-none-eabi/12.3.1/../../../../arm-none-eabi/lib/thumb/v7e-m+fp/hard\libnosys.a
END GROUP
START GROUP
LOAD D:/ST/STM32CubeIDE_1.16.0/STM32CubeIDE/plugins/com.st.stm32cube.ide.mcu.externaltools.gnu-tools-for-stm32.12.3.rel1.win32_1.0.200.202406191623/tools/bin/../lib/gcc/arm-none-eabi/12.3.1/thumb/v7e-m+fp/hard\libgcc.a
LOAD D:/ST/STM32CubeIDE_1.16.0/STM32CubeIDE/plugins/com.st.stm32cube.ide.mcu.externaltools.gnu-tools-for-stm32.12.3.rel1.win32_1.0.200.202406191623/tools/bin/../lib/gcc/arm-none-eabi/12.3.1/../../../../arm-none-eabi/lib/thumb/v7e-m+fp/hard\libc_nano.a
LOAD D:/ST/STM32CubeIDE_1.16.0/STM32CubeIDE/plugins/com.st.stm32cube.ide.mcu.externaltools.gnu-tools-for-stm32.12.3.rel1.win32_1.0.200.202406191623/tools/bin/../lib/gcc/arm-none-eabi/12.3.1/../../../../arm-none-eabi/lib/thumb/v7e-m+fp/hard\libnosys.a
END GROUP
LOAD D:/ST/STM32CubeIDE_1.16.0/STM32CubeIDE/plugins/com.st.stm32cube.ide.mcu.externaltools.gnu-tools-for-stm32.12.3.rel1.win32_1.0.200.202406191623/tools/bin/../lib/gcc/arm-none-eabi/12.3.1/thumb/v7e-m+fp/hard/crtend.o
LOAD D:/ST/STM32CubeIDE_1.16.0/STM32CubeIDE/plugins/com.st.stm32cube.ide.mcu.externaltools.gnu-tools-for-stm32.12.3.rel1.win32_1.0.200.202406191623/tools/bin/../lib/gcc/arm-none-eabi/12.3.1/thumb/v7e-m+fp/hard/crtn.o
                0x20020000                        _estack = (ORIGIN (RAM) + LENGTH (RAM))
                0x00000200                        _Min_Heap_Size = 0x200
                0x00000400                        _Min_Stack_Size = 0x400

.isr_vector     0x08000000      0x188
                0x08000000                        . = ALIGN (0x4)
 *(.isr_vector)
 .isr_vector    0x08000000      0x188 ./Core/Startup/startup_stm32f407vgtx.o
                0x08000000                g_pfnVectors
                0x08000188                        . = ALIGN (0x4)

.text           0x08000190     0x73f0
                0x08000190                        . = ALIGN (0x4)
 *(.text)
 .text          0x08000190       0x40 D:/ST/STM32CubeIDE_1.16.0/STM32CubeIDE/plugins/com.st.stm32cube.ide.mcu.externaltools.gnu-tools-for-stm32.12.3.rel1.win32_1.0.200.202406191623/tools/bin/../lib/gcc/arm-none-eabi/12.3.1/thumb/v7e-m+fp/hard/crtbegin.o
 .text          0x080001d0       0x94 ./common/ThirdParty/SEGGER/SEGGER/SEGGER_RTT_ASM_ARMv7M.o
                0x080001d0                SEGGER_RTT_ASM_WriteSkipNoLock
 .text          0x08000264       0x30 D:/ST/STM32CubeIDE_1.16.0/STM32CubeIDE/plugins/com.st.stm32cube.ide.mcu.externaltools.gnu-tools-for-stm32.12.3.rel1.win32_1.0.200.202406191623/tools/bin/../lib/gcc/arm-none-eabi/12.3.1/thumb/v7e-m+fp/hard\libgcc.a(_aeabi_uldivmod.o)
                0x08000264                __aeabi_uldivmod
 .text          0x08000294      0x2bc D:/ST/STM32CubeIDE_1.16.0/STM32CubeIDE/plugins/com.st.stm32cube.ide.mcu.externaltools.gnu-tools-for-stm32.12.3.rel1.win32_1.0.200.202406191623/tools/bin/../lib/gcc/arm-none-eabi/12.3.1/thumb/v7e-m+fp/hard\libgcc.a(_udivmoddi4.o)
                0x08000294                __udivmoddi4
 .text          0x08000550        0x4 D:/ST/STM32CubeIDE_1.16.0/STM32CubeIDE/plugins/com.st.stm32cube.ide.mcu.externaltools.gnu-tools-for-stm32.12.3.rel1.win32_1.0.200.202406191623/tools/bin/../lib/gcc/arm-none-eabi/12.3.1/thumb/v7e-m+fp/hard\libgcc.a(_dvmd_tls.o)
                0x08000550                __aeabi_idiv0
                0x08000550                __aeabi_ldiv0
 *(.text*)
 .text.main     0x08000554       0xf0 ./Core/Src/main.o
                0x08000554                main
 .text.SystemClock_Config
                0x08000644       0xd4 ./Core/Src/main.o
                0x08000644                SystemClock_Config
 .text.MX_GPIO_Init
                0x08000718      0x2bc ./Core/Src/main.o
 .text.led_green_handler
                0x080009d4       0x3c ./Core/Src/main.o
 .text.led_orange_handler
                0x08000a10       0x3c ./Core/Src/main.o
 .text.led_red_handler
                0x08000a4c       0x3c ./Core/Src/main.o
 .text.HAL_TIM_PeriodElapsedCallback
                0x08000a88       0x24 ./Core/Src/main.o
                0x08000a88                HAL_TIM_PeriodElapsedCallback
 .text.Error_Handler
                0x08000aac        0xc ./Core/Src/main.o
                0x08000aac                Error_Handler
 .text.HAL_MspInit
                0x08000ab8       0x50 ./Core/Src/stm32f4xx_hal_msp.o
                0x08000ab8                HAL_MspInit
 .text.HAL_InitTick
                0x08000b08       0xf8 ./Core/Src/stm32f4xx_hal_timebase_tim.o
                0x08000b08                HAL_InitTick
 .text.NMI_Handler
                0x08000c00        0x8 ./Core/Src/stm32f4xx_it.o
                0x08000c00                NMI_Handler
 .text.HardFault_Handler
                0x08000c08        0x8 ./Core/Src/stm32f4xx_it.o
                0x08000c08                HardFault_Handler
 .text.MemManage_Handler
                0x08000c10        0x8 ./Core/Src/stm32f4xx_it.o
                0x08000c10                MemManage_Handler
 .text.BusFault_Handler
                0x08000c18        0x8 ./Core/Src/stm32f4xx_it.o
                0x08000c18                BusFault_Handler
 .text.UsageFault_Handler
                0x08000c20        0x8 ./Core/Src/stm32f4xx_it.o
                0x08000c20                UsageFault_Handler
 .text.DebugMon_Handler
                0x08000c28        0xe ./Core/Src/stm32f4xx_it.o
                0x08000c28                DebugMon_Handler
 *fill*         0x08000c36        0x2 
 .text.TIM6_DAC_IRQHandler
                0x08000c38       0x14 ./Core/Src/stm32f4xx_it.o
                0x08000c38                TIM6_DAC_IRQHandler
 .text.SystemInit
                0x08000c4c       0x24 ./Core/Src/system_stm32f4xx.o
                0x08000c4c                SystemInit
 .text.Reset_Handler
                0x08000c70       0x50 ./Core/Startup/startup_stm32f407vgtx.o
                0x08000c70                Reset_Handler
 .text.Default_Handler
                0x08000cc0        0x2 ./Core/Startup/startup_stm32f407vgtx.o
                0x08000cc0                RTC_Alarm_IRQHandler
                0x08000cc0                HASH_RNG_IRQHandler
                0x08000cc0                EXTI2_IRQHandler
                0x08000cc0                TIM8_CC_IRQHandler
                0x08000cc0                TIM1_CC_IRQHandler
                0x08000cc0                DMA2_Stream5_IRQHandler
                0x08000cc0                DMA1_Stream5_IRQHandler
                0x08000cc0                PVD_IRQHandler
                0x08000cc0                SDIO_IRQHandler
                0x08000cc0                TAMP_STAMP_IRQHandler
                0x08000cc0                CAN2_RX1_IRQHandler
                0x08000cc0                EXTI3_IRQHandler
                0x08000cc0                TIM8_TRG_COM_TIM14_IRQHandler
                0x08000cc0                TIM1_UP_TIM10_IRQHandler
                0x08000cc0                TIM8_UP_TIM13_IRQHandler
                0x08000cc0                I2C3_ER_IRQHandler
                0x08000cc0                EXTI0_IRQHandler
                0x08000cc0                I2C2_EV_IRQHandler
                0x08000cc0                DMA1_Stream2_IRQHandler
                0x08000cc0                CAN1_RX0_IRQHandler
                0x08000cc0                FPU_IRQHandler
                0x08000cc0                OTG_HS_WKUP_IRQHandler
                0x08000cc0                CAN2_SCE_IRQHandler
                0x08000cc0                DMA2_Stream2_IRQHandler
                0x08000cc0                SPI1_IRQHandler
                0x08000cc0                TIM1_BRK_TIM9_IRQHandler
                0x08000cc0                DCMI_IRQHandler
                0x08000cc0                CAN2_RX0_IRQHandler
                0x08000cc0                DMA2_Stream3_IRQHandler
                0x08000cc0                USART6_IRQHandler
                0x08000cc0                USART3_IRQHandler
                0x08000cc0                CAN1_RX1_IRQHandler
                0x08000cc0                UART5_IRQHandler
                0x08000cc0                DMA2_Stream0_IRQHandler
                0x08000cc0                TIM4_IRQHandler
                0x08000cc0                I2C1_EV_IRQHandler
                0x08000cc0                DMA1_Stream6_IRQHandler
                0x08000cc0                DMA1_Stream1_IRQHandler
                0x08000cc0                UART4_IRQHandler
                0x08000cc0                TIM3_IRQHandler
                0x08000cc0                RCC_IRQHandler
                0x08000cc0                TIM8_BRK_TIM12_IRQHandler
                0x08000cc0                Default_Handler
                0x08000cc0                EXTI15_10_IRQHandler
                0x08000cc0                ADC_IRQHandler
                0x08000cc0                DMA1_Stream7_IRQHandler
                0x08000cc0                TIM7_IRQHandler
                0x08000cc0                CAN2_TX_IRQHandler
                0x08000cc0                TIM5_IRQHandler
                0x08000cc0                DMA2_Stream7_IRQHandler
                0x08000cc0                I2C3_EV_IRQHandler
                0x08000cc0                EXTI9_5_IRQHandler
                0x08000cc0                RTC_WKUP_IRQHandler
                0x08000cc0                ETH_WKUP_IRQHandler
                0x08000cc0                SPI2_IRQHandler
                0x08000cc0                OTG_HS_EP1_IN_IRQHandler
                0x08000cc0                DMA1_Stream0_IRQHandler
                0x08000cc0                CAN1_TX_IRQHandler
                0x08000cc0                EXTI4_IRQHandler
                0x08000cc0                FSMC_IRQHandler
                0x08000cc0                ETH_IRQHandler
                0x08000cc0                OTG_HS_EP1_OUT_IRQHandler
                0x08000cc0                WWDG_IRQHandler
                0x08000cc0                TIM2_IRQHandler
                0x08000cc0                OTG_FS_WKUP_IRQHandler
                0x08000cc0                TIM1_TRG_COM_TIM11_IRQHandler
                0x08000cc0                OTG_HS_IRQHandler
                0x08000cc0                EXTI1_IRQHandler
                0x08000cc0                I2C2_ER_IRQHandler
                0x08000cc0                DMA2_Stream1_IRQHandler
                0x08000cc0                CAN1_SCE_IRQHandler
                0x08000cc0                FLASH_IRQHandler
                0x08000cc0                DMA2_Stream4_IRQHandler
                0x08000cc0                USART1_IRQHandler
                0x08000cc0                OTG_FS_IRQHandler
                0x08000cc0                SPI3_IRQHandler
                0x08000cc0                DMA1_Stream4_IRQHandler
                0x08000cc0                I2C1_ER_IRQHandler
                0x08000cc0                DMA2_Stream6_IRQHandler
                0x08000cc0                DMA1_Stream3_IRQHandler
 *fill*         0x08000cc2        0x2 
 .text.HAL_Init
                0x08000cc4       0x44 ./Drivers/STM32F4xx_HAL_Driver/Src/stm32f4xx_hal.o
                0x08000cc4                HAL_Init
 .text.HAL_IncTick
                0x08000d08       0x28 ./Drivers/STM32F4xx_HAL_Driver/Src/stm32f4xx_hal.o
                0x08000d08                HAL_IncTick
 .text.HAL_GetTick
                0x08000d30       0x18 ./Drivers/STM32F4xx_HAL_Driver/Src/stm32f4xx_hal.o
                0x08000d30                HAL_GetTick
 .text.__NVIC_SetPriorityGrouping
                0x08000d48       0x48 ./Drivers/STM32F4xx_HAL_Driver/Src/stm32f4xx_hal_cortex.o
 .text.__NVIC_GetPriorityGrouping
                0x08000d90       0x1c ./Drivers/STM32F4xx_HAL_Driver/Src/stm32f4xx_hal_cortex.o
 .text.__NVIC_EnableIRQ
                0x08000dac       0x3c ./Drivers/STM32F4xx_HAL_Driver/Src/stm32f4xx_hal_cortex.o
 .text.__NVIC_SetPriority
                0x08000de8       0x54 ./Drivers/STM32F4xx_HAL_Driver/Src/stm32f4xx_hal_cortex.o
 .text.NVIC_EncodePriority
                0x08000e3c       0x66 ./Drivers/STM32F4xx_HAL_Driver/Src/stm32f4xx_hal_cortex.o
 .text.HAL_NVIC_SetPriorityGrouping
                0x08000ea2       0x16 ./Drivers/STM32F4xx_HAL_Driver/Src/stm32f4xx_hal_cortex.o
                0x08000ea2                HAL_NVIC_SetPriorityGrouping
 .text.HAL_NVIC_SetPriority
                0x08000eb8       0x38 ./Drivers/STM32F4xx_HAL_Driver/Src/stm32f4xx_hal_cortex.o
                0x08000eb8                HAL_NVIC_SetPriority
 .text.HAL_NVIC_EnableIRQ
                0x08000ef0       0x1c ./Drivers/STM32F4xx_HAL_Driver/Src/stm32f4xx_hal_cortex.o
                0x08000ef0                HAL_NVIC_EnableIRQ
 .text.HAL_GPIO_Init
                0x08000f0c      0x338 ./Drivers/STM32F4xx_HAL_Driver/Src/stm32f4xx_hal_gpio.o
                0x08000f0c                HAL_GPIO_Init
 .text.HAL_GPIO_WritePin
                0x08001244       0x32 ./Drivers/STM32F4xx_HAL_Driver/Src/stm32f4xx_hal_gpio.o
                0x08001244                HAL_GPIO_WritePin
 .text.HAL_GPIO_TogglePin
                0x08001276       0x34 ./Drivers/STM32F4xx_HAL_Driver/Src/stm32f4xx_hal_gpio.o
                0x08001276                HAL_GPIO_TogglePin
 *fill*         0x080012aa        0x2 
 .text.HAL_RCC_OscConfig
                0x080012ac      0x4f0 ./Drivers/STM32F4xx_HAL_Driver/Src/stm32f4xx_hal_rcc.o
                0x080012ac                HAL_RCC_OscConfig
 .text.HAL_RCC_ClockConfig
                0x0800179c      0x1cc ./Drivers/STM32F4xx_HAL_Driver/Src/stm32f4xx_hal_rcc.o
                0x0800179c                HAL_RCC_ClockConfig
 .text.HAL_RCC_GetSysClockFreq
                0x08001968      0x20c ./Drivers/STM32F4xx_HAL_Driver/Src/stm32f4xx_hal_rcc.o
                0x08001968                HAL_RCC_GetSysClockFreq
 .text.HAL_RCC_GetHCLKFreq
                0x08001b74       0x18 ./Drivers/STM32F4xx_HAL_Driver/Src/stm32f4xx_hal_rcc.o
                0x08001b74                HAL_RCC_GetHCLKFreq
 .text.HAL_RCC_GetPCLK1Freq
                0x08001b8c       0x28 ./Drivers/STM32F4xx_HAL_Driver/Src/stm32f4xx_hal_rcc.o
                0x08001b8c                HAL_RCC_GetPCLK1Freq
 .text.HAL_RCC_GetClockConfig
                0x08001bb4       0x64 ./Drivers/STM32F4xx_HAL_Driver/Src/stm32f4xx_hal_rcc.o
                0x08001bb4                HAL_RCC_GetClockConfig
 .text.HAL_TIM_Base_Init
                0x08001c18       0x9e ./Drivers/STM32F4xx_HAL_Driver/Src/stm32f4xx_hal_tim.o
                0x08001c18                HAL_TIM_Base_Init
 .text.HAL_TIM_Base_MspInit
                0x08001cb6       0x14 ./Drivers/STM32F4xx_HAL_Driver/Src/stm32f4xx_hal_tim.o
                0x08001cb6                HAL_TIM_Base_MspInit
 *fill*         0x08001cca        0x2 
 .text.HAL_TIM_Base_Start_IT
                0x08001ccc       0xe0 ./Drivers/STM32F4xx_HAL_Driver/Src/stm32f4xx_hal_tim.o
                0x08001ccc                HAL_TIM_Base_Start_IT
 .text.HAL_TIM_IRQHandler
                0x08001dac      0x1e0 ./Drivers/STM32F4xx_HAL_Driver/Src/stm32f4xx_hal_tim.o
                0x08001dac                HAL_TIM_IRQHandler
 .text.HAL_TIM_OC_DelayElapsedCallback
                0x08001f8c       0x14 ./Drivers/STM32F4xx_HAL_Driver/Src/stm32f4xx_hal_tim.o
                0x08001f8c                HAL_TIM_OC_DelayElapsedCallback
 .text.HAL_TIM_IC_CaptureCallback
                0x08001fa0       0x14 ./Drivers/STM32F4xx_HAL_Driver/Src/stm32f4xx_hal_tim.o
                0x08001fa0                HAL_TIM_IC_CaptureCallback
 .text.HAL_TIM_PWM_PulseFinishedCallback
                0x08001fb4       0x14 ./Drivers/STM32F4xx_HAL_Driver/Src/stm32f4xx_hal_tim.o
                0x08001fb4                HAL_TIM_PWM_PulseFinishedCallback
 .text.HAL_TIM_TriggerCallback
                0x08001fc8       0x14 ./Drivers/STM32F4xx_HAL_Driver/Src/stm32f4xx_hal_tim.o
                0x08001fc8                HAL_TIM_TriggerCallback
 .text.TIM_Base_SetConfig
                0x08001fdc      0x158 ./Drivers/STM32F4xx_HAL_Driver/Src/stm32f4xx_hal_tim.o
                0x08001fdc                TIM_Base_SetConfig
 .text.HAL_TIMEx_CommutCallback
                0x08002134       0x14 ./Drivers/STM32F4xx_HAL_Driver/Src/stm32f4xx_hal_tim_ex.o
                0x08002134                HAL_TIMEx_CommutCallback
 .text.HAL_TIMEx_BreakCallback
                0x08002148       0x14 ./Drivers/STM32F4xx_HAL_Driver/Src/stm32f4xx_hal_tim_ex.o
                0x08002148                HAL_TIMEx_BreakCallback
 .text.vListInitialise
                0x0800215c       0x40 ./common/ThirdParty/FreeRTOS/list.o
                0x0800215c                vListInitialise
 .text.vListInitialiseItem
                0x0800219c       0x1a ./common/ThirdParty/FreeRTOS/list.o
                0x0800219c                vListInitialiseItem
 .text.vListInsertEnd
                0x080021b6       0x48 ./common/ThirdParty/FreeRTOS/list.o
                0x080021b6                vListInsertEnd
 .text.vListInsert
                0x080021fe       0x72 ./common/ThirdParty/FreeRTOS/list.o
                0x080021fe                vListInsert
 .text.uxListRemove
                0x08002270       0x54 ./common/ThirdParty/FreeRTOS/list.o
                0x08002270                uxListRemove
 .text.xQueueGenericReset
                0x080022c4       0xd4 ./common/ThirdParty/FreeRTOS/queue.o
                0x080022c4                xQueueGenericReset
 .text.xQueueGenericCreate
                0x08002398       0xc4 ./common/ThirdParty/FreeRTOS/queue.o
                0x08002398                xQueueGenericCreate
 .text.prvInitialiseNewQueue
                0x0800245c       0x52 ./common/ThirdParty/FreeRTOS/queue.o
 *fill*         0x080024ae        0x2 
 .text.xQueueGenericSend
                0x080024b0      0x254 ./common/ThirdParty/FreeRTOS/queue.o
                0x080024b0                xQueueGenericSend
 .text.xQueueGenericSendFromISR
                0x08002704      0x184 ./common/ThirdParty/FreeRTOS/queue.o
                0x08002704                xQueueGenericSendFromISR
 .text.xQueueReceive
                0x08002888      0x228 ./common/ThirdParty/FreeRTOS/queue.o
                0x08002888                xQueueReceive
 .text.prvCopyDataToQueue
                0x08002ab0       0xd4 ./common/ThirdParty/FreeRTOS/queue.o
 .text.prvCopyDataFromQueue
                0x08002b84       0x4c ./common/ThirdParty/FreeRTOS/queue.o
 .text.prvUnlockQueue
                0x08002bd0       0xa4 ./common/ThirdParty/FreeRTOS/queue.o
 .text.prvIsQueueEmpty
                0x08002c74       0x2c ./common/ThirdParty/FreeRTOS/queue.o
 .text.prvIsQueueFull
                0x08002ca0       0x30 ./common/ThirdParty/FreeRTOS/queue.o
 .text.vQueueAddToRegistry
                0x08002cd0       0x64 ./common/ThirdParty/FreeRTOS/queue.o
                0x08002cd0                vQueueAddToRegistry
 .text.vQueueWaitForMessageRestricted
                0x08002d34       0x68 ./common/ThirdParty/FreeRTOS/queue.o
                0x08002d34                vQueueWaitForMessageRestricted
 .text.xTaskCreate
                0x08002d9c       0x82 ./common/ThirdParty/FreeRTOS/tasks.o
                0x08002d9c                xTaskCreate
 .text.prvInitialiseNewTask
                0x08002e1e      0x12e ./common/ThirdParty/FreeRTOS/tasks.o
 .text.prvAddNewTaskToReadyList
                0x08002f4c      0x118 ./common/ThirdParty/FreeRTOS/tasks.o
 .text.xTaskDelayUntil
                0x08003064      0x108 ./common/ThirdParty/FreeRTOS/tasks.o
                0x08003064                xTaskDelayUntil
 .text.vTaskStartScheduler
                0x0800316c       0xc4 ./common/ThirdParty/FreeRTOS/tasks.o
                0x0800316c                vTaskStartScheduler
 .text.vTaskSuspendAll
                0x08003230       0x1c ./common/ThirdParty/FreeRTOS/tasks.o
                0x08003230                vTaskSuspendAll
 .text.xTaskResumeAll
                0x0800324c      0x144 ./common/ThirdParty/FreeRTOS/tasks.o
                0x0800324c                xTaskResumeAll
 .text.xTaskGetTickCount
                0x08003390       0x20 ./common/ThirdParty/FreeRTOS/tasks.o
                0x08003390                xTaskGetTickCount
 .text.xTaskGetTickCountFromISR
                0x080033b0       0x24 ./common/ThirdParty/FreeRTOS/tasks.o
                0x080033b0                xTaskGetTickCountFromISR
 .text.xTaskIncrementTick
                0x080033d4      0x17c ./common/ThirdParty/FreeRTOS/tasks.o
                0x080033d4                xTaskIncrementTick
 .text.vTaskSwitchContext
                0x08003550       0xd4 ./common/ThirdParty/FreeRTOS/tasks.o
                0x08003550                vTaskSwitchContext
 .text.vTaskPlaceOnEventList
                0x08003624       0x4c ./common/ThirdParty/FreeRTOS/tasks.o
                0x08003624                vTaskPlaceOnEventList
 .text.vTaskPlaceOnEventListRestricted
                0x08003670       0x60 ./common/ThirdParty/FreeRTOS/tasks.o
                0x08003670                vTaskPlaceOnEventListRestricted
 .text.xTaskRemoveFromEventList
                0x080036d0       0xd0 ./common/ThirdParty/FreeRTOS/tasks.o
                0x080036d0                xTaskRemoveFromEventList
 .text.vTaskInternalSetTimeOutState
                0x080037a0       0x2c ./common/ThirdParty/FreeRTOS/tasks.o
                0x080037a0                vTaskInternalSetTimeOutState
 .text.xTaskCheckForTimeOut
                0x080037cc       0xd0 ./common/ThirdParty/FreeRTOS/tasks.o
                0x080037cc                xTaskCheckForTimeOut
 .text.vTaskMissedYield
                0x0800389c       0x18 ./common/ThirdParty/FreeRTOS/tasks.o
                0x0800389c                vTaskMissedYield
 .text.prvIdleTask
                0x080038b4       0x30 ./common/ThirdParty/FreeRTOS/tasks.o
 .text.prvInitialiseTaskLists
                0x080038e4       0x80 ./common/ThirdParty/FreeRTOS/tasks.o
 .text.prvCheckTasksWaitingTermination
                0x08003964       0x5c ./common/ThirdParty/FreeRTOS/tasks.o
 .text.prvDeleteTCB
                0x080039c0       0x20 ./common/ThirdParty/FreeRTOS/tasks.o
 .text.prvResetNextTaskUnblockTime
                0x080039e0       0x38 ./common/ThirdParty/FreeRTOS/tasks.o
 .text.xTaskGetSchedulerState
                0x08003a18       0x3c ./common/ThirdParty/FreeRTOS/tasks.o
                0x08003a18                xTaskGetSchedulerState
 .text.xTaskPriorityDisinherit
                0x08003a54      0x104 ./common/ThirdParty/FreeRTOS/tasks.o
                0x08003a54                xTaskPriorityDisinherit
 .text.prvAddCurrentTaskToDelayedList
                0x08003b58       0xf0 ./common/ThirdParty/FreeRTOS/tasks.o
 .text.xTimerCreateTimerTask
                0x08003c48       0x68 ./common/ThirdParty/FreeRTOS/timers.o
                0x08003c48                xTimerCreateTimerTask
 .text.xTimerGenericCommand
                0x08003cb0       0x9c ./common/ThirdParty/FreeRTOS/timers.o
                0x08003cb0                xTimerGenericCommand
 .text.prvProcessExpiredTimer
                0x08003d4c       0x9c ./common/ThirdParty/FreeRTOS/timers.o
 .text.prvTimerTask
                0x08003de8       0x26 ./common/ThirdParty/FreeRTOS/timers.o
 *fill*         0x08003e0e        0x2 
 .text.prvProcessTimerOrBlockTask
                0x08003e10       0x9c ./common/ThirdParty/FreeRTOS/timers.o
 .text.prvGetNextExpireTime
                0x08003eac       0x48 ./common/ThirdParty/FreeRTOS/timers.o
 .text.prvSampleTimeNow
                0x08003ef4       0x40 ./common/ThirdParty/FreeRTOS/timers.o
 .text.prvInsertTimerInActiveList
                0x08003f34       0x84 ./common/ThirdParty/FreeRTOS/timers.o
 .text.prvProcessReceivedCommands
                0x08003fb8      0x194 ./common/ThirdParty/FreeRTOS/timers.o
 .text.prvSwitchTimerLists
                0x0800414c       0xcc ./common/ThirdParty/FreeRTOS/timers.o
 .text.prvCheckForValidListAndQueue
                0x08004218       0x6c ./common/ThirdParty/FreeRTOS/timers.o
 .text.pxPortInitialiseStack
                0x08004284       0x68 ./common/ThirdParty/FreeRTOS/portable/GCC/ARM_CM4F/port.o
                0x08004284                pxPortInitialiseStack
 .text.prvTaskExitError
                0x080042ec       0x5c ./common/ThirdParty/FreeRTOS/portable/GCC/ARM_CM4F/port.o
 *fill*         0x08004348        0x8 
 .text.SVC_Handler
                0x08004350       0x28 ./common/ThirdParty/FreeRTOS/portable/GCC/ARM_CM4F/port.o
                0x08004350                SVC_Handler
 .text.prvPortStartFirstTask
                0x08004378       0x2c ./common/ThirdParty/FreeRTOS/portable/GCC/ARM_CM4F/port.o
 .text.xPortStartScheduler
                0x080043a4      0x148 ./common/ThirdParty/FreeRTOS/portable/GCC/ARM_CM4F/port.o
                0x080043a4                xPortStartScheduler
 .text.vInitPrioGroupValue
                0x080044ec      0x100 ./common/ThirdParty/FreeRTOS/portable/GCC/ARM_CM4F/port.o
                0x080044ec                vInitPrioGroupValue
 .text.vPortEnterCritical
                0x080045ec       0x64 ./common/ThirdParty/FreeRTOS/portable/GCC/ARM_CM4F/port.o
                0x080045ec                vPortEnterCritical
 .text.vPortExitCritical
                0x08004650       0x54 ./common/ThirdParty/FreeRTOS/portable/GCC/ARM_CM4F/port.o
                0x08004650                vPortExitCritical
 *fill*         0x080046a4        0xc 
 .text.PendSV_Handler
                0x080046b0       0x68 ./common/ThirdParty/FreeRTOS/portable/GCC/ARM_CM4F/port.o
                0x080046b0                PendSV_Handler
 .text.SysTick_Handler
                0x08004718       0x54 ./common/ThirdParty/FreeRTOS/portable/GCC/ARM_CM4F/port.o
                0x08004718                SysTick_Handler
 .text.vPortSetupTimerInterrupt
                0x0800476c       0x48 ./common/ThirdParty/FreeRTOS/portable/GCC/ARM_CM4F/port.o
                0x0800476c                vPortSetupTimerInterrupt
 .text.vPortEnableVFP
                0x080047b4       0x18 ./common/ThirdParty/FreeRTOS/portable/GCC/ARM_CM4F/port.o
 .text.vPortValidateInterruptPriority
                0x080047cc       0x84 ./common/ThirdParty/FreeRTOS/portable/GCC/ARM_CM4F/port.o
                0x080047cc                vPortValidateInterruptPriority
 .text.pvPortMalloc
                0x08004850      0x1c4 ./common/ThirdParty/FreeRTOS/portable/MemMang/heap_4.o
                0x08004850                pvPortMalloc
 .text.vPortFree
                0x08004a14       0xc8 ./common/ThirdParty/FreeRTOS/portable/MemMang/heap_4.o
                0x08004a14                vPortFree
 .text.prvHeapInit
                0x08004adc       0xc4 ./common/ThirdParty/FreeRTOS/portable/MemMang/heap_4.o
 .text.prvInsertBlockIntoFreeList
                0x08004ba0       0xb4 ./common/ThirdParty/FreeRTOS/portable/MemMang/heap_4.o
 .text._cbSendSystemDesc
                0x08004c54       0x1c ./common/ThirdParty/SEGGER/Config/SEGGER_SYSVIEW_Config_FreeRTOS.o
 .text.SEGGER_SYSVIEW_Conf
                0x08004c70       0x2c ./common/ThirdParty/SEGGER/Config/SEGGER_SYSVIEW_Config_FreeRTOS.o
                0x08004c70                SEGGER_SYSVIEW_Conf
 .text._cbSendTaskList
                0x08004c9c       0x90 ./common/ThirdParty/SEGGER/OS/SEGGER_SYSVIEW_FreeRTOS.o
 .text._cbGetTime
                0x08004d2c       0x86 ./common/ThirdParty/SEGGER/OS/SEGGER_SYSVIEW_FreeRTOS.o
 *fill*         0x08004db2        0x2 
 .text.SYSVIEW_AddTask
                0x08004db4       0xd0 ./common/ThirdParty/SEGGER/OS/SEGGER_SYSVIEW_FreeRTOS.o
                0x08004db4                SYSVIEW_AddTask
 .text.SYSVIEW_SendTaskInfo
                0x08004e84       0x42 ./common/ThirdParty/SEGGER/OS/SEGGER_SYSVIEW_FreeRTOS.o
                0x08004e84                SYSVIEW_SendTaskInfo
 *fill*         0x08004ec6        0x2 
 .text.__NVIC_EnableIRQ
                0x08004ec8       0x3c ./common/ThirdParty/SEGGER/Rec/segger_uart.o
 .text.__NVIC_SetPriority
                0x08004f04       0x54 ./common/ThirdParty/SEGGER/Rec/segger_uart.o
 .text._StartSysView
                0x08004f58       0x1e ./common/ThirdParty/SEGGER/Rec/segger_uart.o
 *fill*         0x08004f76        0x2 
 .text._cbOnUARTRx
                0x08004f78       0x40 ./common/ThirdParty/SEGGER/Rec/segger_uart.o
 .text._cbOnUARTTx
                0x08004fb8       0x64 ./common/ThirdParty/SEGGER/Rec/segger_uart.o
 .text.SEGGER_UART_init
                0x0800501c       0x24 ./common/ThirdParty/SEGGER/Rec/segger_uart.o
                0x0800501c                SEGGER_UART_init
 .text.USART2_IRQHandler
                0x08005040       0x94 ./common/ThirdParty/SEGGER/Rec/segger_uart.o
                0x08005040                USART2_IRQHandler
 .text.HIF_UART_EnableTXEInterrupt
                0x080050d4       0x20 ./common/ThirdParty/SEGGER/Rec/segger_uart.o
                0x080050d4                HIF_UART_EnableTXEInterrupt
 .text.HIF_UART_Init
                0x080050f4       0xf4 ./common/ThirdParty/SEGGER/Rec/segger_uart.o
                0x080050f4                HIF_UART_Init
 .text._DoInit  0x080051e8       0xb0 ./common/ThirdParty/SEGGER/SEGGER/SEGGER_RTT.o
 .text._WriteBlocking
                0x08005298       0xba ./common/ThirdParty/SEGGER/SEGGER/SEGGER_RTT.o
 .text._WriteNoCheck
                0x08005352       0x90 ./common/ThirdParty/SEGGER/SEGGER/SEGGER_RTT.o
 .text._GetAvailWriteSpace
                0x080053e2       0x46 ./common/ThirdParty/SEGGER/SEGGER/SEGGER_RTT.o
 .text.SEGGER_RTT_ReadUpBufferNoLock
                0x08005428      0x10c ./common/ThirdParty/SEGGER/SEGGER/SEGGER_RTT.o
                0x08005428                SEGGER_RTT_ReadUpBufferNoLock
 .text.SEGGER_RTT_ReadNoLock
                0x08005534      0x10c ./common/ThirdParty/SEGGER/SEGGER/SEGGER_RTT.o
                0x08005534                SEGGER_RTT_ReadNoLock
 .text.SEGGER_RTT_WriteDownBufferNoLock
                0x08005640       0xa0 ./common/ThirdParty/SEGGER/SEGGER/SEGGER_RTT.o
                0x08005640                SEGGER_RTT_WriteDownBufferNoLock
 .text.SEGGER_RTT_WriteDownBuffer
                0x080056e0       0x4c ./common/ThirdParty/SEGGER/SEGGER/SEGGER_RTT.o
                0x080056e0                SEGGER_RTT_WriteDownBuffer
 .text.SEGGER_RTT_AllocUpBuffer
                0x0800572c      0x108 ./common/ThirdParty/SEGGER/SEGGER/SEGGER_RTT.o
                0x0800572c                SEGGER_RTT_AllocUpBuffer
 .text.SEGGER_RTT_ConfigDownBuffer
                0x08005834       0xe0 ./common/ThirdParty/SEGGER/SEGGER/SEGGER_RTT.o
                0x08005834                SEGGER_RTT_ConfigDownBuffer
 .text._EncodeStr
                0x08005914       0x9a ./common/ThirdParty/SEGGER/SEGGER/SEGGER_SYSVIEW.o
 .text._PreparePacket
                0x080059ae       0x18 ./common/ThirdParty/SEGGER/SEGGER/SEGGER_SYSVIEW.o
 *fill*         0x080059c6        0x2 
 .text._HandleIncomingPacket
                0x080059c8       0xe0 ./common/ThirdParty/SEGGER/SEGGER/SEGGER_SYSVIEW.o
 .text._TrySendOverflowPacket
                0x08005aa8       0xe8 ./common/ThirdParty/SEGGER/SEGGER/SEGGER_SYSVIEW.o
 .text._SendPacket
                0x08005b90      0x1d0 ./common/ThirdParty/SEGGER/SEGGER/SEGGER_SYSVIEW.o
 .text._StoreChar
                0x08005d60       0xf6 ./common/ThirdParty/SEGGER/SEGGER/SEGGER_SYSVIEW.o
 *fill*         0x08005e56        0x2 
 .text._PrintUnsigned
                0x08005e58      0x12c ./common/ThirdParty/SEGGER/SEGGER/SEGGER_SYSVIEW.o
 .text._PrintInt
                0x08005f84      0x11e ./common/ThirdParty/SEGGER/SEGGER/SEGGER_SYSVIEW.o
 *fill*         0x080060a2        0x2 
 .text._VPrintTarget
                0x080060a4      0x3f0 ./common/ThirdParty/SEGGER/SEGGER/SEGGER_SYSVIEW.o
 .text.SEGGER_SYSVIEW_Init
                0x08006494       0x88 ./common/ThirdParty/SEGGER/SEGGER/SEGGER_SYSVIEW.o
                0x08006494                SEGGER_SYSVIEW_Init
 .text.SEGGER_SYSVIEW_SetRAMBase
                0x0800651c       0x20 ./common/ThirdParty/SEGGER/SEGGER/SEGGER_SYSVIEW.o
                0x0800651c                SEGGER_SYSVIEW_SetRAMBase
 .text.SEGGER_SYSVIEW_RecordVoid
                0x0800653c       0x3c ./common/ThirdParty/SEGGER/SEGGER/SEGGER_SYSVIEW.o
                0x0800653c                SEGGER_SYSVIEW_RecordVoid
 .text.SEGGER_SYSVIEW_RecordU32
                0x08006578       0x78 ./common/ThirdParty/SEGGER/SEGGER/SEGGER_SYSVIEW.o
                0x08006578                SEGGER_SYSVIEW_RecordU32
 .text.SEGGER_SYSVIEW_RecordU32x2
                0x080065f0       0xb4 ./common/ThirdParty/SEGGER/SEGGER/SEGGER_SYSVIEW.o
                0x080065f0                SEGGER_SYSVIEW_RecordU32x2
 .text.SEGGER_SYSVIEW_RecordU32x3
                0x080066a4       0xec ./common/ThirdParty/SEGGER/SEGGER/SEGGER_SYSVIEW.o
                0x080066a4                SEGGER_SYSVIEW_RecordU32x3
 .text.SEGGER_SYSVIEW_RecordU32x4
                0x08006790      0x124 ./common/ThirdParty/SEGGER/SEGGER/SEGGER_SYSVIEW.o
                0x08006790                SEGGER_SYSVIEW_RecordU32x4
 .text.SEGGER_SYSVIEW_Start
                0x080068b4      0x178 ./common/ThirdParty/SEGGER/SEGGER/SEGGER_SYSVIEW.o
                0x080068b4                SEGGER_SYSVIEW_Start
 .text.SEGGER_SYSVIEW_Stop
                0x08006a2c       0x4c ./common/ThirdParty/SEGGER/SEGGER/SEGGER_SYSVIEW.o
                0x08006a2c                SEGGER_SYSVIEW_Stop
 .text.SEGGER_SYSVIEW_GetSysDesc
                0x08006a78      0x134 ./common/ThirdParty/SEGGER/SEGGER/SEGGER_SYSVIEW.o
                0x08006a78                SEGGER_SYSVIEW_GetSysDesc
 .text.SEGGER_SYSVIEW_SendTaskInfo
                0x08006bac      0x1c8 ./common/ThirdParty/SEGGER/SEGGER/SEGGER_SYSVIEW.o
                0x08006bac                SEGGER_SYSVIEW_SendTaskInfo
 .text.SEGGER_SYSVIEW_SendTaskList
                0x08006d74       0x28 ./common/ThirdParty/SEGGER/SEGGER/SEGGER_SYSVIEW.o
                0x08006d74                SEGGER_SYSVIEW_SendTaskList
 .text.SEGGER_SYSVIEW_SendSysDesc
                0x08006d9c       0x48 ./common/ThirdParty/SEGGER/SEGGER/SEGGER_SYSVIEW.o
                0x08006d9c                SEGGER_SYSVIEW_SendSysDesc
 .text.SEGGER_SYSVIEW_RecordSystime
                0x08006de4       0x64 ./common/ThirdParty/SEGGER/SEGGER/SEGGER_SYSVIEW.o
                0x08006de4                SEGGER_SYSVIEW_RecordSystime
 .text.SEGGER_SYSVIEW_RecordEnterISR
                0x08006e48       0x84 ./common/ThirdParty/SEGGER/SEGGER/SEGGER_SYSVIEW.o
                0x08006e48                SEGGER_SYSVIEW_RecordEnterISR
 .text.SEGGER_SYSVIEW_RecordExitISR
                0x08006ecc       0x38 ./common/ThirdParty/SEGGER/SEGGER/SEGGER_SYSVIEW.o
                0x08006ecc                SEGGER_SYSVIEW_RecordExitISR
 .text.SEGGER_SYSVIEW_RecordExitISRToScheduler
                0x08006f04       0x38 ./common/ThirdParty/SEGGER/SEGGER/SEGGER_SYSVIEW.o
                0x08006f04                SEGGER_SYSVIEW_RecordExitISRToScheduler
 .text.SEGGER_SYSVIEW_OnIdle
                0x08006f3c       0x38 ./common/ThirdParty/SEGGER/SEGGER/SEGGER_SYSVIEW.o
                0x08006f3c                SEGGER_SYSVIEW_OnIdle
 .text.SEGGER_SYSVIEW_OnTaskCreate
                0x08006f74       0x84 ./common/ThirdParty/SEGGER/SEGGER/SEGGER_SYSVIEW.o
                0x08006f74                SEGGER_SYSVIEW_OnTaskCreate
 .text.SEGGER_SYSVIEW_OnTaskStartExec
                0x08006ff8       0x84 ./common/ThirdParty/SEGGER/SEGGER/SEGGER_SYSVIEW.o
                0x08006ff8                SEGGER_SYSVIEW_OnTaskStartExec
 .text.SEGGER_SYSVIEW_OnTaskStartReady
                0x0800707c       0x84 ./common/ThirdParty/SEGGER/SEGGER/SEGGER_SYSVIEW.o
                0x0800707c                SEGGER_SYSVIEW_OnTaskStartReady
 .text.SEGGER_SYSVIEW_OnTaskStopReady
                0x08007100       0xc0 ./common/ThirdParty/SEGGER/SEGGER/SEGGER_SYSVIEW.o
                0x08007100                SEGGER_SYSVIEW_OnTaskStopReady
 .text.SEGGER_SYSVIEW_ShrinkId
                0x080071c0       0x20 ./common/ThirdParty/SEGGER/SEGGER/SEGGER_SYSVIEW.o
                0x080071c0                SEGGER_SYSVIEW_ShrinkId
 .text.SEGGER_SYSVIEW_SendModule
                0x080071e0      0x100 ./common/ThirdParty/SEGGER/SEGGER/SEGGER_SYSVIEW.o
                0x080071e0                SEGGER_SYSVIEW_SendModule
 .text.SEGGER_SYSVIEW_SendModuleDescription
                0x080072e0       0x3c ./common/ThirdParty/SEGGER/SEGGER/SEGGER_SYSVIEW.o
                0x080072e0                SEGGER_SYSVIEW_SendModuleDescription
 .text.SEGGER_SYSVIEW_SendNumModules
                0x0800731c       0x7c ./common/ThirdParty/SEGGER/SEGGER/SEGGER_SYSVIEW.o
                0x0800731c                SEGGER_SYSVIEW_SendNumModules
 .text.SEGGER_SYSVIEW_PrintfTarget
                0x08007398       0x28 ./common/ThirdParty/SEGGER/SEGGER/SEGGER_SYSVIEW.o
                0x08007398                SEGGER_SYSVIEW_PrintfTarget
 .text.SEGGER_SYSVIEW_Warn
                0x080073c0       0xb8 ./common/ThirdParty/SEGGER/SEGGER/SEGGER_SYSVIEW.o
                0x080073c0                SEGGER_SYSVIEW_Warn
 .text.SEGGER_SYSVIEW_IsStarted
                0x08007478       0x5c ./common/ThirdParty/SEGGER/SEGGER/SEGGER_SYSVIEW.o
                0x08007478                SEGGER_SYSVIEW_IsStarted
 .text.memcmp   0x080074d4       0x20 D:/ST/STM32CubeIDE_1.16.0/STM32CubeIDE/plugins/com.st.stm32cube.ide.mcu.externaltools.gnu-tools-for-stm32.12.3.rel1.win32_1.0.200.202406191623/tools/bin/../lib/gcc/arm-none-eabi/12.3.1/../../../../arm-none-eabi/lib/thumb/v7e-m+fp/hard\libc_nano.a(libc_a-memcmp.o)
                0x080074d4                memcmp
 .text.memset   0x080074f4       0x10 D:/ST/STM32CubeIDE_1.16.0/STM32CubeIDE/plugins/com.st.stm32cube.ide.mcu.externaltools.gnu-tools-for-stm32.12.3.rel1.win32_1.0.200.202406191623/tools/bin/../lib/gcc/arm-none-eabi/12.3.1/../../../../arm-none-eabi/lib/thumb/v7e-m+fp/hard\libc_nano.a(libc_a-memset.o)
                0x080074f4                memset
 .text.__libc_init_array
                0x08007504       0x48 D:/ST/STM32CubeIDE_1.16.0/STM32CubeIDE/plugins/com.st.stm32cube.ide.mcu.externaltools.gnu-tools-for-stm32.12.3.rel1.win32_1.0.200.202406191623/tools/bin/../lib/gcc/arm-none-eabi/12.3.1/../../../../arm-none-eabi/lib/thumb/v7e-m+fp/hard\libc_nano.a(libc_a-init.o)
                0x08007504                __libc_init_array
 .text.memcpy   0x0800754c       0x1c D:/ST/STM32CubeIDE_1.16.0/STM32CubeIDE/plugins/com.st.stm32cube.ide.mcu.externaltools.gnu-tools-for-stm32.12.3.rel1.win32_1.0.200.202406191623/tools/bin/../lib/gcc/arm-none-eabi/12.3.1/../../../../arm-none-eabi/lib/thumb/v7e-m+fp/hard\libc_nano.a(libc_a-memcpy-stub.o)
                0x0800754c                memcpy
 *(.glue_7)
 .glue_7        0x08007568        0x0 linker stubs
 *(.glue_7t)
 .glue_7t       0x08007568        0x0 linker stubs
 *(.eh_frame)
 .eh_frame      0x08007568        0x0 D:/ST/STM32CubeIDE_1.16.0/STM32CubeIDE/plugins/com.st.stm32cube.ide.mcu.externaltools.gnu-tools-for-stm32.12.3.rel1.win32_1.0.200.202406191623/tools/bin/../lib/gcc/arm-none-eabi/12.3.1/thumb/v7e-m+fp/hard/crtbegin.o
 *(.init)
 .init          0x08007568        0x4 D:/ST/STM32CubeIDE_1.16.0/STM32CubeIDE/plugins/com.st.stm32cube.ide.mcu.externaltools.gnu-tools-for-stm32.12.3.rel1.win32_1.0.200.202406191623/tools/bin/../lib/gcc/arm-none-eabi/12.3.1/thumb/v7e-m+fp/hard/crti.o
                0x08007568                _init
 .init          0x0800756c        0x8 D:/ST/STM32CubeIDE_1.16.0/STM32CubeIDE/plugins/com.st.stm32cube.ide.mcu.externaltools.gnu-tools-for-stm32.12.3.rel1.win32_1.0.200.202406191623/tools/bin/../lib/gcc/arm-none-eabi/12.3.1/thumb/v7e-m+fp/hard/crtn.o
 *(.fini)
 .fini          0x08007574        0x4 D:/ST/STM32CubeIDE_1.16.0/STM32CubeIDE/plugins/com.st.stm32cube.ide.mcu.externaltools.gnu-tools-for-stm32.12.3.rel1.win32_1.0.200.202406191623/tools/bin/../lib/gcc/arm-none-eabi/12.3.1/thumb/v7e-m+fp/hard/crti.o
                0x08007574                _fini
 .fini          0x08007578        0x8 D:/ST/STM32CubeIDE_1.16.0/STM32CubeIDE/plugins/com.st.stm32cube.ide.mcu.externaltools.gnu-tools-for-stm32.12.3.rel1.win32_1.0.200.202406191623/tools/bin/../lib/gcc/arm-none-eabi/12.3.1/thumb/v7e-m+fp/hard/crtn.o
                0x08007580                        . = ALIGN (0x4)
                0x08007580                        _etext = .

.vfp11_veneer   0x08007580        0x0
 .vfp11_veneer  0x08007580        0x0 linker stubs

.v4_bx          0x08007580        0x0
 .v4_bx         0x08007580        0x0 linker stubs

.iplt           0x08007580        0x0
 .iplt          0x08007580        0x0 D:/ST/STM32CubeIDE_1.16.0/STM32CubeIDE/plugins/com.st.stm32cube.ide.mcu.externaltools.gnu-tools-for-stm32.12.3.rel1.win32_1.0.200.202406191623/tools/bin/../lib/gcc/arm-none-eabi/12.3.1/thumb/v7e-m+fp/hard/crtbegin.o

.rodata         0x08007580      0x190
                0x08007580                        . = ALIGN (0x4)
 *(.rodata)
 .rodata        0x08007580       0x69 ./Core/Src/main.o
 *fill*         0x080075e9        0x3 
 .rodata        0x080075ec        0x5 ./common/ThirdParty/FreeRTOS/tasks.o
 *fill*         0x080075f1        0x3 
 .rodata        0x080075f4        0xd ./common/ThirdParty/FreeRTOS/timers.o
 *fill*         0x08007601        0x3 
 .rodata        0x08007604       0x51 ./common/ThirdParty/SEGGER/Config/SEGGER_SYSVIEW_Config_FreeRTOS.o
 *fill*         0x08007655        0x3 
 .rodata        0x08007658       0x58 ./common/ThirdParty/SEGGER/OS/SEGGER_SYSVIEW_FreeRTOS.o
 .rodata        0x080076b0       0x17 ./common/ThirdParty/SEGGER/SEGGER/SEGGER_RTT.o
 *fill*         0x080076c7        0x1 
 .rodata        0x080076c8        0x8 ./common/ThirdParty/SEGGER/SEGGER/SEGGER_SYSVIEW.o
 *(.rodata*)
 .rodata.AHBPrescTable
                0x080076d0       0x10 ./Core/Src/system_stm32f4xx.o
                0x080076d0                AHBPrescTable
 .rodata.APBPrescTable
                0x080076e0        0x8 ./Core/Src/system_stm32f4xx.o
                0x080076e0                APBPrescTable
 .rodata.SYSVIEW_X_OS_TraceAPI
                0x080076e8        0x8 ./common/ThirdParty/SEGGER/OS/SEGGER_SYSVIEW_FreeRTOS.o
                0x080076e8                SYSVIEW_X_OS_TraceAPI
 .rodata._abHelloMsg
                0x080076f0        0x4 ./common/ThirdParty/SEGGER/Rec/segger_uart.o
 .rodata._abSync
                0x080076f4        0xa ./common/ThirdParty/SEGGER/SEGGER/SEGGER_SYSVIEW.o
 *fill*         0x080076fe        0x2 
 .rodata._aV2C.0
                0x08007700       0x10 ./common/ThirdParty/SEGGER/SEGGER/SEGGER_SYSVIEW.o
                0x08007710                        . = ALIGN (0x4)

.ARM.extab      0x08007710        0x0
                0x08007710                        . = ALIGN (0x4)
 *(.ARM.extab* .gnu.linkonce.armextab.*)
                0x08007710                        . = ALIGN (0x4)

.ARM            0x08007710        0x8
                0x08007710                        . = ALIGN (0x4)
                0x08007710                        __exidx_start = .
 *(.ARM.exidx*)
 .ARM.exidx     0x08007710        0x8 D:/ST/STM32CubeIDE_1.16.0/STM32CubeIDE/plugins/com.st.stm32cube.ide.mcu.externaltools.gnu-tools-for-stm32.12.3.rel1.win32_1.0.200.202406191623/tools/bin/../lib/gcc/arm-none-eabi/12.3.1/thumb/v7e-m+fp/hard\libgcc.a(_udivmoddi4.o)
                0x08007718                        __exidx_end = .
                0x08007718                        . = ALIGN (0x4)

.preinit_array  0x08007718        0x0
                0x08007718                        . = ALIGN (0x4)
                0x08007718                        PROVIDE (__preinit_array_start = .)
 *(.preinit_array*)
                0x08007718                        PROVIDE (__preinit_array_end = .)
                0x08007718                        . = ALIGN (0x4)

.init_array     0x08007718        0x4
                0x08007718                        . = ALIGN (0x4)
                0x08007718                        PROVIDE (__init_array_start = .)
 *(SORT_BY_NAME(.init_array.*))
 *(.init_array*)
 .init_array    0x08007718        0x4 D:/ST/STM32CubeIDE_1.16.0/STM32CubeIDE/plugins/com.st.stm32cube.ide.mcu.externaltools.gnu-tools-for-stm32.12.3.rel1.win32_1.0.200.202406191623/tools/bin/../lib/gcc/arm-none-eabi/12.3.1/thumb/v7e-m+fp/hard/crtbegin.o
                0x0800771c                        PROVIDE (__init_array_end = .)
                0x0800771c                        . = ALIGN (0x4)

.fini_array     0x0800771c        0x4
                0x0800771c                        . = ALIGN (0x4)
                [!provide]                        PROVIDE (__fini_array_start = .)
 *(SORT_BY_NAME(.fini_array.*))
 *(.fini_array*)
 .fini_array    0x0800771c        0x4 D:/ST/STM32CubeIDE_1.16.0/STM32CubeIDE/plugins/com.st.stm32cube.ide.mcu.externaltools.gnu-tools-for-stm32.12.3.rel1.win32_1.0.200.202406191623/tools/bin/../lib/gcc/arm-none-eabi/12.3.1/thumb/v7e-m+fp/hard/crtbegin.o
                [!provide]                        PROVIDE (__fini_array_end = .)
                0x08007720                        . = ALIGN (0x4)
                0x08007720                        _sidata = LOADADDR (.data)

.rel.dyn        0x08007720        0x0
 .rel.iplt      0x08007720        0x0 D:/ST/STM32CubeIDE_1.16.0/STM32CubeIDE/plugins/com.st.stm32cube.ide.mcu.externaltools.gnu-tools-for-stm32.12.3.rel1.win32_1.0.200.202406191623/tools/bin/../lib/gcc/arm-none-eabi/12.3.1/thumb/v7e-m+fp/hard/crtbegin.o

.data           0x20000000       0x1c load address 0x08007720
                0x20000000                        . = ALIGN (0x4)
                0x20000000                        _sdata = .
 *(.data)
 *(.data*)
 .data.SystemCoreClock
                0x20000000        0x4 ./Core/Src/system_stm32f4xx.o
                0x20000000                SystemCoreClock
 .data.uwTickPrio
                0x20000004        0x4 ./Drivers/STM32F4xx_HAL_Driver/Src/stm32f4xx_hal.o
                0x20000004                uwTickPrio
 .data.uwTickFreq
                0x20000008        0x1 ./Drivers/STM32F4xx_HAL_Driver/Src/stm32f4xx_hal.o
                0x20000008                uwTickFreq
 *fill*         0x20000009        0x3 
 .data.uxTopUsedPriority
                0x2000000c        0x4 ./common/ThirdParty/FreeRTOS/tasks.o
                0x2000000c                uxTopUsedPriority
 .data.uxCriticalNesting
                0x20000010        0x4 ./common/ThirdParty/FreeRTOS/portable/GCC/ARM_CM4F/port.o
 .data._SVInfo  0x20000014        0x8 ./common/ThirdParty/SEGGER/Rec/segger_uart.o
 *(.RamFunc)
 *(.RamFunc*)
                0x2000001c                        . = ALIGN (0x4)
                0x2000001c                        _edata = .
                0x0800773c                        _siccmram = LOADADDR (.ccmram)

.igot.plt       0x2000001c        0x0 load address 0x0800773c
 .igot.plt      0x2000001c        0x0 D:/ST/STM32CubeIDE_1.16.0/STM32CubeIDE/plugins/com.st.stm32cube.ide.mcu.externaltools.gnu-tools-for-stm32.12.3.rel1.win32_1.0.200.202406191623/tools/bin/../lib/gcc/arm-none-eabi/12.3.1/thumb/v7e-m+fp/hard/crtbegin.o

.ccmram         0x10000000        0x0 load address 0x0800773c
                0x10000000                        . = ALIGN (0x4)
                0x10000000                        _sccmram = .
 *(.ccmram)
 *(.ccmram*)
                0x10000000                        . = ALIGN (0x4)
                0x10000000                        _eccmram = .
                0x10000000                        . = ALIGN (0x4)

.bss            0x2000001c    0x14490
                0x2000001c                        _sbss = .
                0x2000001c                        __bss_start__ = _sbss
 *(.bss)
 .bss           0x2000001c       0x1c D:/ST/STM32CubeIDE_1.16.0/STM32CubeIDE/plugins/com.st.stm32cube.ide.mcu.externaltools.gnu-tools-for-stm32.12.3.rel1.win32_1.0.200.202406191623/tools/bin/../lib/gcc/arm-none-eabi/12.3.1/thumb/v7e-m+fp/hard/crtbegin.o
 *(.bss*)
 .bss.htim6     0x20000038       0x48 ./Core/Src/stm32f4xx_hal_timebase_tim.o
                0x20000038                htim6
 .bss.uwTick    0x20000080        0x4 ./Drivers/STM32F4xx_HAL_Driver/Src/stm32f4xx_hal.o
                0x20000080                uwTick
 .bss.xQueueRegistry
                0x20000084       0x40 ./common/ThirdParty/FreeRTOS/queue.o
                0x20000084                xQueueRegistry
 .bss.pxCurrentTCB
                0x200000c4        0x4 ./common/ThirdParty/FreeRTOS/tasks.o
                0x200000c4                pxCurrentTCB
 .bss.pxReadyTasksLists
                0x200000c8       0x64 ./common/ThirdParty/FreeRTOS/tasks.o
 .bss.xDelayedTaskList1
                0x2000012c       0x14 ./common/ThirdParty/FreeRTOS/tasks.o
 .bss.xDelayedTaskList2
                0x20000140       0x14 ./common/ThirdParty/FreeRTOS/tasks.o
 .bss.pxDelayedTaskList
                0x20000154        0x4 ./common/ThirdParty/FreeRTOS/tasks.o
 .bss.pxOverflowDelayedTaskList
                0x20000158        0x4 ./common/ThirdParty/FreeRTOS/tasks.o
 .bss.xPendingReadyList
                0x2000015c       0x14 ./common/ThirdParty/FreeRTOS/tasks.o
 .bss.xTasksWaitingTermination
                0x20000170       0x14 ./common/ThirdParty/FreeRTOS/tasks.o
 .bss.uxDeletedTasksWaitingCleanUp
                0x20000184        0x4 ./common/ThirdParty/FreeRTOS/tasks.o
 .bss.xSuspendedTaskList
                0x20000188       0x14 ./common/ThirdParty/FreeRTOS/tasks.o
 .bss.uxCurrentNumberOfTasks
                0x2000019c        0x4 ./common/ThirdParty/FreeRTOS/tasks.o
 .bss.xTickCount
                0x200001a0        0x4 ./common/ThirdParty/FreeRTOS/tasks.o
 .bss.uxTopReadyPriority
                0x200001a4        0x4 ./common/ThirdParty/FreeRTOS/tasks.o
 .bss.xSchedulerRunning
                0x200001a8        0x4 ./common/ThirdParty/FreeRTOS/tasks.o
 .bss.xPendedTicks
                0x200001ac        0x4 ./common/ThirdParty/FreeRTOS/tasks.o
 .bss.xYieldPending
                0x200001b0        0x4 ./common/ThirdParty/FreeRTOS/tasks.o
 .bss.xNumOfOverflows
                0x200001b4        0x4 ./common/ThirdParty/FreeRTOS/tasks.o
 .bss.uxTaskNumber
                0x200001b8        0x4 ./common/ThirdParty/FreeRTOS/tasks.o
 .bss.xNextTaskUnblockTime
                0x200001bc        0x4 ./common/ThirdParty/FreeRTOS/tasks.o
 .bss.xIdleTaskHandle
                0x200001c0        0x4 ./common/ThirdParty/FreeRTOS/tasks.o
 .bss.uxSchedulerSuspended
                0x200001c4        0x4 ./common/ThirdParty/FreeRTOS/tasks.o
 .bss.xActiveTimerList1
                0x200001c8       0x14 ./common/ThirdParty/FreeRTOS/timers.o
 .bss.xActiveTimerList2
                0x200001dc       0x14 ./common/ThirdParty/FreeRTOS/timers.o
 .bss.pxCurrentTimerList
                0x200001f0        0x4 ./common/ThirdParty/FreeRTOS/timers.o
 .bss.pxOverflowTimerList
                0x200001f4        0x4 ./common/ThirdParty/FreeRTOS/timers.o
 .bss.xTimerQueue
                0x200001f8        0x4 ./common/ThirdParty/FreeRTOS/timers.o
 .bss.xTimerTaskHandle
                0x200001fc        0x4 ./common/ThirdParty/FreeRTOS/timers.o
 .bss.xLastTime.0
                0x20000200        0x4 ./common/ThirdParty/FreeRTOS/timers.o
 .bss.ucMaxSysCallPriority
                0x20000204        0x1 ./common/ThirdParty/FreeRTOS/portable/GCC/ARM_CM4F/port.o
 *fill*         0x20000205        0x3 
 .bss.ulMaxPRIGROUPValue
                0x20000208        0x4 ./common/ThirdParty/FreeRTOS/portable/GCC/ARM_CM4F/port.o
 .bss.ucHeap    0x2000020c    0x12c00 ./common/ThirdParty/FreeRTOS/portable/MemMang/heap_4.o
 .bss.xStart    0x20012e0c        0x8 ./common/ThirdParty/FreeRTOS/portable/MemMang/heap_4.o
 .bss.pxEnd     0x20012e14        0x4 ./common/ThirdParty/FreeRTOS/portable/MemMang/heap_4.o
 .bss.xFreeBytesRemaining
                0x20012e18        0x4 ./common/ThirdParty/FreeRTOS/portable/MemMang/heap_4.o
 .bss.xMinimumEverFreeBytesRemaining
                0x20012e1c        0x4 ./common/ThirdParty/FreeRTOS/portable/MemMang/heap_4.o
 .bss.xNumberOfSuccessfulAllocations
                0x20012e20        0x4 ./common/ThirdParty/FreeRTOS/portable/MemMang/heap_4.o
 .bss.xNumberOfSuccessfulFrees
                0x20012e24        0x4 ./common/ThirdParty/FreeRTOS/portable/MemMang/heap_4.o
 .bss.xBlockAllocatedBit
                0x20012e28        0x4 ./common/ThirdParty/FreeRTOS/portable/MemMang/heap_4.o
 .bss._aTasks   0x20012e2c       0xa0 ./common/ThirdParty/SEGGER/OS/SEGGER_SYSVIEW_FreeRTOS.o
 .bss._NumTasks
                0x20012ecc        0x4 ./common/ThirdParty/SEGGER/OS/SEGGER_SYSVIEW_FreeRTOS.o
 .bss._cbOnRx   0x20012ed0        0x4 ./common/ThirdParty/SEGGER/Rec/segger_uart.o
 .bss._cbOnTx   0x20012ed4        0x4 ./common/ThirdParty/SEGGER/Rec/segger_uart.o
 .bss._SEGGER_RTT
                0x20012ed8       0xa8 ./common/ThirdParty/SEGGER/SEGGER/SEGGER_RTT.o
                0x20012ed8                _SEGGER_RTT
 .bss._acUpBuffer
                0x20012f80      0x400 ./common/ThirdParty/SEGGER/SEGGER/SEGGER_RTT.o
 .bss._acDownBuffer
                0x20013380       0x10 ./common/ThirdParty/SEGGER/SEGGER/SEGGER_RTT.o
 .bss._UpBuffer
                0x20013390     0x1000 ./common/ThirdParty/SEGGER/SEGGER/SEGGER_SYSVIEW.o
 .bss._DownBuffer
                0x20014390        0x8 ./common/ThirdParty/SEGGER/SEGGER/SEGGER_SYSVIEW.o
 .bss._SYSVIEW_Globals
                0x20014398       0x28 ./common/ThirdParty/SEGGER/SEGGER/SEGGER_SYSVIEW.o
 .bss._pFirstModule
                0x200143c0        0x4 ./common/ThirdParty/SEGGER/SEGGER/SEGGER_SYSVIEW.o
 .bss._NumModules
                0x200143c4        0x1 ./common/ThirdParty/SEGGER/SEGGER/SEGGER_SYSVIEW.o
 *fill*         0x200143c5        0x3 
 .bss._aPacket  0x200143c8       0xe3 ./common/ThirdParty/SEGGER/SEGGER/SEGGER_SYSVIEW.o
 *(COMMON)
                0x200144ac                        . = ALIGN (0x4)
 *fill*         0x200144ab        0x1 
                0x200144ac                        _ebss = .
                0x200144ac                        __bss_end__ = _ebss

._user_heap_stack
                0x200144ac      0x604
                0x200144b0                        . = ALIGN (0x8)
 *fill*         0x200144ac        0x4 
                [!provide]                        PROVIDE (end = .)
                0x200144b0                        PROVIDE (_end = .)
                0x200146b0                        . = (. + _Min_Heap_Size)
 *fill*         0x200144b0      0x200 
                0x20014ab0                        . = (. + _Min_Stack_Size)
 *fill*         0x200146b0      0x400 
                0x20014ab0                        . = ALIGN (0x8)

/DISCARD/
 libc.a(*)
 libm.a(*)
 libgcc.a(*)

.ARM.attributes
                0x00000000       0x30
 *(.ARM.attributes)
 .ARM.attributes
                0x00000000       0x22 D:/ST/STM32CubeIDE_1.16.0/STM32CubeIDE/plugins/com.st.stm32cube.ide.mcu.externaltools.gnu-tools-for-stm32.12.3.rel1.win32_1.0.200.202406191623/tools/bin/../lib/gcc/arm-none-eabi/12.3.1/thumb/v7e-m+fp/hard/crti.o
 .ARM.attributes
                0x00000022       0x34 D:/ST/STM32CubeIDE_1.16.0/STM32CubeIDE/plugins/com.st.stm32cube.ide.mcu.externaltools.gnu-tools-for-stm32.12.3.rel1.win32_1.0.200.202406191623/tools/bin/../lib/gcc/arm-none-eabi/12.3.1/thumb/v7e-m+fp/hard/crtbegin.o
 .ARM.attributes
                0x00000056       0x34 ./Core/Src/main.o
 .ARM.attributes
                0x0000008a       0x34 ./Core/Src/stm32f4xx_hal_msp.o
 .ARM.attributes
                0x000000be       0x34 ./Core/Src/stm32f4xx_hal_timebase_tim.o
 .ARM.attributes
                0x000000f2       0x34 ./Core/Src/stm32f4xx_it.o
 .ARM.attributes
                0x00000126       0x34 ./Core/Src/system_stm32f4xx.o
 .ARM.attributes
                0x0000015a       0x21 ./Core/Startup/startup_stm32f407vgtx.o
 .ARM.attributes
                0x0000017b       0x34 ./Drivers/STM32F4xx_HAL_Driver/Src/stm32f4xx_hal.o
 .ARM.attributes
                0x000001af       0x34 ./Drivers/STM32F4xx_HAL_Driver/Src/stm32f4xx_hal_cortex.o
 .ARM.attributes
                0x000001e3       0x34 ./Drivers/STM32F4xx_HAL_Driver/Src/stm32f4xx_hal_gpio.o
 .ARM.attributes
                0x00000217       0x34 ./Drivers/STM32F4xx_HAL_Driver/Src/stm32f4xx_hal_rcc.o
 .ARM.attributes
                0x0000024b       0x34 ./Drivers/STM32F4xx_HAL_Driver/Src/stm32f4xx_hal_tim.o
 .ARM.attributes
                0x0000027f       0x34 ./Drivers/STM32F4xx_HAL_Driver/Src/stm32f4xx_hal_tim_ex.o
 .ARM.attributes
                0x000002b3       0x34 ./common/ThirdParty/FreeRTOS/list.o
 .ARM.attributes
                0x000002e7       0x34 ./common/ThirdParty/FreeRTOS/queue.o
 .ARM.attributes
                0x0000031b       0x34 ./common/ThirdParty/FreeRTOS/tasks.o
 .ARM.attributes
                0x0000034f       0x34 ./common/ThirdParty/FreeRTOS/timers.o
 .ARM.attributes
                0x00000383       0x34 ./common/ThirdParty/FreeRTOS/portable/GCC/ARM_CM4F/port.o
 .ARM.attributes
                0x000003b7       0x34 ./common/ThirdParty/FreeRTOS/portable/MemMang/heap_4.o
 .ARM.attributes
                0x000003eb       0x34 ./common/ThirdParty/SEGGER/Config/SEGGER_SYSVIEW_Config_FreeRTOS.o
 .ARM.attributes
                0x0000041f       0x34 ./common/ThirdParty/SEGGER/OS/SEGGER_SYSVIEW_FreeRTOS.o
 .ARM.attributes
                0x00000453       0x34 ./common/ThirdParty/SEGGER/Rec/segger_uart.o
 .ARM.attributes
                0x00000487       0x34 ./common/ThirdParty/SEGGER/SEGGER/SEGGER_RTT.o
 .ARM.attributes
                0x000004bb       0x20 ./common/ThirdParty/SEGGER/SEGGER/SEGGER_RTT_ASM_ARMv7M.o
 .ARM.attributes
                0x000004db       0x34 ./common/ThirdParty/SEGGER/SEGGER/SEGGER_SYSVIEW.o
 .ARM.attributes
                0x0000050f       0x34 D:/ST/STM32CubeIDE_1.16.0/STM32CubeIDE/plugins/com.st.stm32cube.ide.mcu.externaltools.gnu-tools-for-stm32.12.3.rel1.win32_1.0.200.202406191623/tools/bin/../lib/gcc/arm-none-eabi/12.3.1/../../../../arm-none-eabi/lib/thumb/v7e-m+fp/hard\libc_nano.a(libc_a-memcmp.o)
 .ARM.attributes
                0x00000543       0x34 D:/ST/STM32CubeIDE_1.16.0/STM32CubeIDE/plugins/com.st.stm32cube.ide.mcu.externaltools.gnu-tools-for-stm32.12.3.rel1.win32_1.0.200.202406191623/tools/bin/../lib/gcc/arm-none-eabi/12.3.1/../../../../arm-none-eabi/lib/thumb/v7e-m+fp/hard\libc_nano.a(libc_a-memset.o)
 .ARM.attributes
                0x00000577       0x34 D:/ST/STM32CubeIDE_1.16.0/STM32CubeIDE/plugins/com.st.stm32cube.ide.mcu.externaltools.gnu-tools-for-stm32.12.3.rel1.win32_1.0.200.202406191623/tools/bin/../lib/gcc/arm-none-eabi/12.3.1/../../../../arm-none-eabi/lib/thumb/v7e-m+fp/hard\libc_nano.a(libc_a-init.o)
 .ARM.attributes
                0x000005ab       0x34 D:/ST/STM32CubeIDE_1.16.0/STM32CubeIDE/plugins/com.st.stm32cube.ide.mcu.externaltools.gnu-tools-for-stm32.12.3.rel1.win32_1.0.200.202406191623/tools/bin/../lib/gcc/arm-none-eabi/12.3.1/../../../../arm-none-eabi/lib/thumb/v7e-m+fp/hard\libc_nano.a(libc_a-memcpy-stub.o)
 .ARM.attributes
                0x000005df       0x22 D:/ST/STM32CubeIDE_1.16.0/STM32CubeIDE/plugins/com.st.stm32cube.ide.mcu.externaltools.gnu-tools-for-stm32.12.3.rel1.win32_1.0.200.202406191623/tools/bin/../lib/gcc/arm-none-eabi/12.3.1/thumb/v7e-m+fp/hard\libgcc.a(_aeabi_uldivmod.o)
 .ARM.attributes
                0x00000601       0x34 D:/ST/STM32CubeIDE_1.16.0/STM32CubeIDE/plugins/com.st.stm32cube.ide.mcu.externaltools.gnu-tools-for-stm32.12.3.rel1.win32_1.0.200.202406191623/tools/bin/../lib/gcc/arm-none-eabi/12.3.1/thumb/v7e-m+fp/hard\libgcc.a(_udivmoddi4.o)
 .ARM.attributes
                0x00000635       0x22 D:/ST/STM32CubeIDE_1.16.0/STM32CubeIDE/plugins/com.st.stm32cube.ide.mcu.externaltools.gnu-tools-for-stm32.12.3.rel1.win32_1.0.200.202406191623/tools/bin/../lib/gcc/arm-none-eabi/12.3.1/thumb/v7e-m+fp/hard\libgcc.a(_dvmd_tls.o)
 .ARM.attributes
                0x00000657       0x22 D:/ST/STM32CubeIDE_1.16.0/STM32CubeIDE/plugins/com.st.stm32cube.ide.mcu.externaltools.gnu-tools-for-stm32.12.3.rel1.win32_1.0.200.202406191623/tools/bin/../lib/gcc/arm-none-eabi/12.3.1/thumb/v7e-m+fp/hard/crtn.o
OUTPUT(004_LED_Periodic_Tasks.elf elf32-littlearm)
LOAD linker stubs
LOAD D:/ST/STM32CubeIDE_1.16.0/STM32CubeIDE/plugins/com.st.stm32cube.ide.mcu.externaltools.gnu-tools-for-stm32.12.3.rel1.win32_1.0.200.202406191623/tools/bin/../lib/gcc/arm-none-eabi/12.3.1/../../../../arm-none-eabi/lib/thumb/v7e-m+fp/hard\libc.a
LOAD D:/ST/STM32CubeIDE_1.16.0/STM32CubeIDE/plugins/com.st.stm32cube.ide.mcu.externaltools.gnu-tools-for-stm32.12.3.rel1.win32_1.0.200.202406191623/tools/bin/../lib/gcc/arm-none-eabi/12.3.1/../../../../arm-none-eabi/lib/thumb/v7e-m+fp/hard\libm.a
LOAD D:/ST/STM32CubeIDE_1.16.0/STM32CubeIDE/plugins/com.st.stm32cube.ide.mcu.externaltools.gnu-tools-for-stm32.12.3.rel1.win32_1.0.200.202406191623/tools/bin/../lib/gcc/arm-none-eabi/12.3.1/thumb/v7e-m+fp/hard\libgcc.a

.debug_info     0x00000000    0x13bdf
 .debug_info    0x00000000      0xf55 ./Core/Src/main.o
 .debug_info    0x00000f55      0x278 ./Core/Src/stm32f4xx_hal_msp.o
 .debug_info    0x000011cd      0xbee ./Core/Src/stm32f4xx_hal_timebase_tim.o
 .debug_info    0x00001dbb      0x6ab ./Core/Src/stm32f4xx_it.o
 .debug_info    0x00002466      0x512 ./Core/Src/system_stm32f4xx.o
 .debug_info    0x00002978       0x30 ./Core/Startup/startup_stm32f407vgtx.o
 .debug_info    0x000029a8      0x944 ./Drivers/STM32F4xx_HAL_Driver/Src/stm32f4xx_hal.o
 .debug_info    0x000032ec      0xd8c ./Drivers/STM32F4xx_HAL_Driver/Src/stm32f4xx_hal_cortex.o
 .debug_info    0x00004078      0x6c3 ./Drivers/STM32F4xx_HAL_Driver/Src/stm32f4xx_hal_gpio.o
 .debug_info    0x0000473b      0x8af ./Drivers/STM32F4xx_HAL_Driver/Src/stm32f4xx_hal_rcc.o
 .debug_info    0x00004fea     0x299d ./Drivers/STM32F4xx_HAL_Driver/Src/stm32f4xx_hal_tim.o
 .debug_info    0x00007987     0x14db ./Drivers/STM32F4xx_HAL_Driver/Src/stm32f4xx_hal_tim_ex.o
 .debug_info    0x00008e62      0x2af ./common/ThirdParty/FreeRTOS/list.o
 .debug_info    0x00009111     0x1878 ./common/ThirdParty/FreeRTOS/queue.o
 .debug_info    0x0000a989     0x224f ./common/ThirdParty/FreeRTOS/tasks.o
 .debug_info    0x0000cbd8      0xe4d ./common/ThirdParty/FreeRTOS/timers.o
 .debug_info    0x0000da25      0x59d ./common/ThirdParty/FreeRTOS/portable/GCC/ARM_CM4F/port.o
 .debug_info    0x0000dfc2      0x4d5 ./common/ThirdParty/FreeRTOS/portable/MemMang/heap_4.o
 .debug_info    0x0000e497      0x173 ./common/ThirdParty/SEGGER/Config/SEGGER_SYSVIEW_Config_FreeRTOS.o
 .debug_info    0x0000e60a      0x411 ./common/ThirdParty/SEGGER/OS/SEGGER_SYSVIEW_FreeRTOS.o
 .debug_info    0x0000ea1b      0x8a4 ./common/ThirdParty/SEGGER/Rec/segger_uart.o
 .debug_info    0x0000f2bf     0x13d7 ./common/ThirdParty/SEGGER/SEGGER/SEGGER_RTT.o
 .debug_info    0x00010696       0x25 ./common/ThirdParty/SEGGER/SEGGER/SEGGER_RTT_ASM_ARMv7M.o
 .debug_info    0x000106bb     0x3524 ./common/ThirdParty/SEGGER/SEGGER/SEGGER_SYSVIEW.o

.debug_abbrev   0x00000000     0x316a
 .debug_abbrev  0x00000000      0x339 ./Core/Src/main.o
 .debug_abbrev  0x00000339       0xeb ./Core/Src/stm32f4xx_hal_msp.o
 .debug_abbrev  0x00000424      0x1f4 ./Core/Src/stm32f4xx_hal_timebase_tim.o
 .debug_abbrev  0x00000618      0x17d ./Core/Src/stm32f4xx_it.o
 .debug_abbrev  0x00000795      0x11a ./Core/Src/system_stm32f4xx.o
 .debug_abbrev  0x000008af       0x24 ./Core/Startup/startup_stm32f407vgtx.o
 .debug_abbrev  0x000008d3      0x214 ./Drivers/STM32F4xx_HAL_Driver/Src/stm32f4xx_hal.o
 .debug_abbrev  0x00000ae7      0x31d ./Drivers/STM32F4xx_HAL_Driver/Src/stm32f4xx_hal_cortex.o
 .debug_abbrev  0x00000e04      0x1d4 ./Drivers/STM32F4xx_HAL_Driver/Src/stm32f4xx_hal_gpio.o
 .debug_abbrev  0x00000fd8      0x2b7 ./Drivers/STM32F4xx_HAL_Driver/Src/stm32f4xx_hal_rcc.o
 .debug_abbrev  0x0000128f      0x278 ./Drivers/STM32F4xx_HAL_Driver/Src/stm32f4xx_hal_tim.o
 .debug_abbrev  0x00001507      0x283 ./Drivers/STM32F4xx_HAL_Driver/Src/stm32f4xx_hal_tim_ex.o
 .debug_abbrev  0x0000178a       0xf5 ./common/ThirdParty/FreeRTOS/list.o
 .debug_abbrev  0x0000187f      0x321 ./common/ThirdParty/FreeRTOS/queue.o
 .debug_abbrev  0x00001ba0      0x3b0 ./common/ThirdParty/FreeRTOS/tasks.o
 .debug_abbrev  0x00001f50      0x2de ./common/ThirdParty/FreeRTOS/timers.o
 .debug_abbrev  0x0000222e      0x25a ./common/ThirdParty/FreeRTOS/portable/GCC/ARM_CM4F/port.o
 .debug_abbrev  0x00002488      0x21e ./common/ThirdParty/FreeRTOS/portable/MemMang/heap_4.o
 .debug_abbrev  0x000026a6       0xdf ./common/ThirdParty/SEGGER/Config/SEGGER_SYSVIEW_Config_FreeRTOS.o
 .debug_abbrev  0x00002785      0x1a4 ./common/ThirdParty/SEGGER/OS/SEGGER_SYSVIEW_FreeRTOS.o
 .debug_abbrev  0x00002929      0x28c ./common/ThirdParty/SEGGER/Rec/segger_uart.o
 .debug_abbrev  0x00002bb5      0x258 ./common/ThirdParty/SEGGER/SEGGER/SEGGER_RTT.o
 .debug_abbrev  0x00002e0d       0x14 ./common/ThirdParty/SEGGER/SEGGER/SEGGER_RTT_ASM_ARMv7M.o
 .debug_abbrev  0x00002e21      0x349 ./common/ThirdParty/SEGGER/SEGGER/SEGGER_SYSVIEW.o

.debug_aranges  0x00000000     0x1360
 .debug_aranges
                0x00000000       0x58 ./Core/Src/main.o
 .debug_aranges
                0x00000058       0x20 ./Core/Src/stm32f4xx_hal_msp.o
 .debug_aranges
                0x00000078       0x30 ./Core/Src/stm32f4xx_hal_timebase_tim.o
 .debug_aranges
                0x000000a8       0x50 ./Core/Src/stm32f4xx_it.o
 .debug_aranges
                0x000000f8       0x28 ./Core/Src/system_stm32f4xx.o
 .debug_aranges
                0x00000120       0x28 ./Core/Startup/startup_stm32f407vgtx.o
 .debug_aranges
                0x00000148       0xf0 ./Drivers/STM32F4xx_HAL_Driver/Src/stm32f4xx_hal.o
 .debug_aranges
                0x00000238      0x130 ./Drivers/STM32F4xx_HAL_Driver/Src/stm32f4xx_hal_cortex.o
 .debug_aranges
                0x00000368       0x58 ./Drivers/STM32F4xx_HAL_Driver/Src/stm32f4xx_hal_gpio.o
 .debug_aranges
                0x000003c0       0x88 ./Drivers/STM32F4xx_HAL_Driver/Src/stm32f4xx_hal_rcc.o
 .debug_aranges
                0x00000448      0x3d0 ./Drivers/STM32F4xx_HAL_Driver/Src/stm32f4xx_hal_tim.o
 .debug_aranges
                0x00000818      0x168 ./Drivers/STM32F4xx_HAL_Driver/Src/stm32f4xx_hal_tim_ex.o
 .debug_aranges
                0x00000980       0x40 ./common/ThirdParty/FreeRTOS/list.o
 .debug_aranges
                0x000009c0      0x130 ./common/ThirdParty/FreeRTOS/queue.o
 .debug_aranges
                0x00000af0      0x208 ./common/ThirdParty/FreeRTOS/tasks.o
 .debug_aranges
                0x00000cf8       0xd8 ./common/ThirdParty/FreeRTOS/timers.o
 .debug_aranges
                0x00000dd0       0x88 ./common/ThirdParty/FreeRTOS/portable/GCC/ARM_CM4F/port.o
 .debug_aranges
                0x00000e58       0x58 ./common/ThirdParty/FreeRTOS/portable/MemMang/heap_4.o
 .debug_aranges
                0x00000eb0       0x28 ./common/ThirdParty/SEGGER/Config/SEGGER_SYSVIEW_Config_FreeRTOS.o
 .debug_aranges
                0x00000ed8       0x48 ./common/ThirdParty/SEGGER/OS/SEGGER_SYSVIEW_FreeRTOS.o
 .debug_aranges
                0x00000f20       0x68 ./common/ThirdParty/SEGGER/Rec/segger_uart.o
 .debug_aranges
                0x00000f88      0x138 ./common/ThirdParty/SEGGER/SEGGER/SEGGER_RTT.o
 .debug_aranges
                0x000010c0       0x20 ./common/ThirdParty/SEGGER/SEGGER/SEGGER_RTT_ASM_ARMv7M.o
 .debug_aranges
                0x000010e0      0x280 ./common/ThirdParty/SEGGER/SEGGER/SEGGER_SYSVIEW.o

.debug_rnglists
                0x00000000      0xedf
 .debug_rnglists
                0x00000000       0x40 ./Core/Src/main.o
 .debug_rnglists
                0x00000040       0x13 ./Core/Src/stm32f4xx_hal_msp.o
 .debug_rnglists
                0x00000053       0x20 ./Core/Src/stm32f4xx_hal_timebase_tim.o
 .debug_rnglists
                0x00000073       0x37 ./Core/Src/stm32f4xx_it.o
 .debug_rnglists
                0x000000aa       0x1a ./Core/Src/system_stm32f4xx.o
 .debug_rnglists
                0x000000c4       0x19 ./Core/Startup/startup_stm32f407vgtx.o
 .debug_rnglists
                0x000000dd       0xaf ./Drivers/STM32F4xx_HAL_Driver/Src/stm32f4xx_hal.o
 .debug_rnglists
                0x0000018c       0xe0 ./Drivers/STM32F4xx_HAL_Driver/Src/stm32f4xx_hal_cortex.o
 .debug_rnglists
                0x0000026c       0x3f ./Drivers/STM32F4xx_HAL_Driver/Src/stm32f4xx_hal_gpio.o
 .debug_rnglists
                0x000002ab       0x66 ./Drivers/STM32F4xx_HAL_Driver/Src/stm32f4xx_hal_rcc.o
 .debug_rnglists
                0x00000311      0x31a ./Drivers/STM32F4xx_HAL_Driver/Src/stm32f4xx_hal_tim.o
 .debug_rnglists
                0x0000062b      0x125 ./Drivers/STM32F4xx_HAL_Driver/Src/stm32f4xx_hal_tim_ex.o
 .debug_rnglists
                0x00000750       0x2b ./common/ThirdParty/FreeRTOS/list.o
 .debug_rnglists
                0x0000077b       0xeb ./common/ThirdParty/FreeRTOS/queue.o
 .debug_rnglists
                0x00000866      0x19f ./common/ThirdParty/FreeRTOS/tasks.o
 .debug_rnglists
                0x00000a05       0xa3 ./common/ThirdParty/FreeRTOS/timers.o
 .debug_rnglists
                0x00000aa8       0x64 ./common/ThirdParty/FreeRTOS/portable/GCC/ARM_CM4F/port.o
 .debug_rnglists
                0x00000b0c       0x42 ./common/ThirdParty/FreeRTOS/portable/MemMang/heap_4.o
 .debug_rnglists
                0x00000b4e       0x19 ./common/ThirdParty/SEGGER/Config/SEGGER_SYSVIEW_Config_FreeRTOS.o
 .debug_rnglists
                0x00000b67       0x36 ./common/ThirdParty/SEGGER/OS/SEGGER_SYSVIEW_FreeRTOS.o
 .debug_rnglists
                0x00000b9d       0x4b ./common/ThirdParty/SEGGER/Rec/segger_uart.o
 .debug_rnglists
                0x00000be8       0xf5 ./common/ThirdParty/SEGGER/SEGGER/SEGGER_RTT.o
 .debug_rnglists
                0x00000cdd      0x202 ./common/ThirdParty/SEGGER/SEGGER/SEGGER_SYSVIEW.o

.debug_macro    0x00000000    0x23163
 .debug_macro   0x00000000      0x2a2 ./Core/Src/main.o
 .debug_macro   0x000002a2      0xab4 ./Core/Src/main.o
 .debug_macro   0x00000d56      0x295 ./Core/Src/main.o
 .debug_macro   0x00000feb       0x2e ./Core/Src/main.o
 .debug_macro   0x00001019       0x2f ./Core/Src/main.o
 .debug_macro   0x00001048       0x22 ./Core/Src/main.o
 .debug_macro   0x0000106a       0x8e ./Core/Src/main.o
 .debug_macro   0x000010f8       0x51 ./Core/Src/main.o
 .debug_macro   0x00001149      0x103 ./Core/Src/main.o
 .debug_macro   0x0000124c       0x6a ./Core/Src/main.o
 .debug_macro   0x000012b6      0x1df ./Core/Src/main.o
 .debug_macro   0x00001495       0x1c ./Core/Src/main.o
 .debug_macro   0x000014b1       0x22 ./Core/Src/main.o
 .debug_macro   0x000014d3       0xfb ./Core/Src/main.o
 .debug_macro   0x000015ce     0x1011 ./Core/Src/main.o
 .debug_macro   0x000025df      0x11f ./Core/Src/main.o
 .debug_macro   0x000026fe    0x15e97 ./Core/Src/main.o
 .debug_macro   0x00018595       0x6d ./Core/Src/main.o
 .debug_macro   0x00018602     0x369a ./Core/Src/main.o
 .debug_macro   0x0001bc9c      0x189 ./Core/Src/main.o
 .debug_macro   0x0001be25       0x5c ./Core/Src/main.o
 .debug_macro   0x0001be81      0x980 ./Core/Src/main.o
 .debug_macro   0x0001c801      0x9e9 ./Core/Src/main.o
 .debug_macro   0x0001d1ea      0x115 ./Core/Src/main.o
 .debug_macro   0x0001d2ff      0x13e ./Core/Src/main.o
 .debug_macro   0x0001d43d       0xa5 ./Core/Src/main.o
 .debug_macro   0x0001d4e2      0x174 ./Core/Src/main.o
 .debug_macro   0x0001d656      0x287 ./Core/Src/main.o
 .debug_macro   0x0001d8dd       0x5f ./Core/Src/main.o
 .debug_macro   0x0001d93c      0x236 ./Core/Src/main.o
 .debug_macro   0x0001db72      0x12c ./Core/Src/main.o
 .debug_macro   0x0001dc9e      0x21e ./Core/Src/main.o
 .debug_macro   0x0001debc       0x2e ./Core/Src/main.o
 .debug_macro   0x0001deea      0x127 ./Core/Src/main.o
 .debug_macro   0x0001e011       0x7e ./Core/Src/main.o
 .debug_macro   0x0001e08f       0x89 ./Core/Src/main.o
 .debug_macro   0x0001e118      0x8ed ./Core/Src/main.o
 .debug_macro   0x0001ea05       0x4d ./Core/Src/main.o
 .debug_macro   0x0001ea52      0x12d ./Core/Src/main.o
 .debug_macro   0x0001eb7f      0x1a5 ./Core/Src/main.o
 .debug_macro   0x0001ed24      0x112 ./Core/Src/main.o
 .debug_macro   0x0001ee36       0x58 ./Core/Src/main.o
 .debug_macro   0x0001ee8e       0x46 ./Core/Src/main.o
 .debug_macro   0x0001eed4       0x64 ./Core/Src/main.o
 .debug_macro   0x0001ef38       0x16 ./Core/Src/main.o
 .debug_macro   0x0001ef4e       0x49 ./Core/Src/main.o
 .debug_macro   0x0001ef97       0xbc ./Core/Src/main.o
 .debug_macro   0x0001f053      0x204 ./Core/Src/main.o
 .debug_macro   0x0001f257      0x450 ./Core/Src/main.o
 .debug_macro   0x0001f6a7      0x15a ./Core/Src/main.o
 .debug_macro   0x0001f801       0xea ./Core/Src/main.o
 .debug_macro   0x0001f8eb       0x1c ./Core/Src/main.o
 .debug_macro   0x0001f907       0x26 ./Core/Src/main.o
 .debug_macro   0x0001f92d      0x3d0 ./Core/Src/main.o
 .debug_macro   0x0001fcfd       0xb5 ./Core/Src/main.o
 .debug_macro   0x0001fdb2      0x120 ./Core/Src/main.o
 .debug_macro   0x0001fed2      0x284 ./Core/Src/stm32f4xx_hal_msp.o
 .debug_macro   0x00020156      0x1c4 ./Core/Src/stm32f4xx_hal_timebase_tim.o
 .debug_macro   0x0002031a      0x1dd ./Core/Src/stm32f4xx_it.o
 .debug_macro   0x000204f7      0x1c4 ./Core/Src/system_stm32f4xx.o
 .debug_macro   0x000206bb      0x224 ./Drivers/STM32F4xx_HAL_Driver/Src/stm32f4xx_hal.o
 .debug_macro   0x000208df      0x1c4 ./Drivers/STM32F4xx_HAL_Driver/Src/stm32f4xx_hal_cortex.o
 .debug_macro   0x00020aa3      0x1ca ./Drivers/STM32F4xx_HAL_Driver/Src/stm32f4xx_hal_gpio.o
 .debug_macro   0x00020c6d      0x1e8 ./Drivers/STM32F4xx_HAL_Driver/Src/stm32f4xx_hal_rcc.o
 .debug_macro   0x00020e55      0x1c5 ./Drivers/STM32F4xx_HAL_Driver/Src/stm32f4xx_hal_tim.o
 .debug_macro   0x0002101a      0x1c4 ./Drivers/STM32F4xx_HAL_Driver/Src/stm32f4xx_hal_tim_ex.o
 .debug_macro   0x000211de      0x1f4 ./common/ThirdParty/FreeRTOS/list.o
 .debug_macro   0x000213d2      0x27d ./common/ThirdParty/FreeRTOS/queue.o
 .debug_macro   0x0002164f       0x16 ./common/ThirdParty/FreeRTOS/queue.o
 .debug_macro   0x00021665       0x20 ./common/ThirdParty/FreeRTOS/queue.o
 .debug_macro   0x00021685       0x80 ./common/ThirdParty/FreeRTOS/queue.o
 .debug_macro   0x00021705      0x2e1 ./common/ThirdParty/FreeRTOS/tasks.o
 .debug_macro   0x000219e6       0x10 ./common/ThirdParty/FreeRTOS/tasks.o
 .debug_macro   0x000219f6      0x23d ./common/ThirdParty/FreeRTOS/timers.o
 .debug_macro   0x00021c33       0x97 ./common/ThirdParty/FreeRTOS/timers.o
 .debug_macro   0x00021cca      0x1f7 ./common/ThirdParty/FreeRTOS/portable/GCC/ARM_CM4F/port.o
 .debug_macro   0x00021ec1      0x20f ./common/ThirdParty/FreeRTOS/portable/MemMang/heap_4.o
 .debug_macro   0x000220d0      0x137 ./common/ThirdParty/SEGGER/Config/SEGGER_SYSVIEW_Config_FreeRTOS.o
 .debug_macro   0x00022207      0x203 ./common/ThirdParty/SEGGER/OS/SEGGER_SYSVIEW_FreeRTOS.o
 .debug_macro   0x0002240a      0x41c ./common/ThirdParty/SEGGER/Rec/segger_uart.o
 .debug_macro   0x00022826       0x3a ./common/ThirdParty/SEGGER/Rec/segger_uart.o
 .debug_macro   0x00022860      0x138 ./common/ThirdParty/SEGGER/Rec/segger_uart.o
 .debug_macro   0x00022998       0x56 ./common/ThirdParty/SEGGER/Rec/segger_uart.o
 .debug_macro   0x000229ee      0x1bd ./common/ThirdParty/SEGGER/SEGGER/SEGGER_RTT.o
 .debug_macro   0x00022bab       0x34 ./common/ThirdParty/SEGGER/SEGGER/SEGGER_RTT.o
 .debug_macro   0x00022bdf      0x212 ./common/ThirdParty/SEGGER/SEGGER/SEGGER_SYSVIEW.o
 .debug_macro   0x00022df1      0x204 ./common/ThirdParty/SEGGER/SEGGER/SEGGER_SYSVIEW.o
 .debug_macro   0x00022ff5      0x16e ./common/ThirdParty/SEGGER/SEGGER/SEGGER_SYSVIEW.o

.debug_line     0x00000000    0x166ff
 .debug_line    0x00000000      0xc96 ./Core/Src/main.o
 .debug_line    0x00000c96      0xa1a ./Core/Src/stm32f4xx_hal_msp.o
 .debug_line    0x000016b0      0x7b2 ./Core/Src/stm32f4xx_hal_timebase_tim.o
 .debug_line    0x00001e62      0x7d3 ./Core/Src/stm32f4xx_it.o
 .debug_line    0x00002635      0x7bb ./Core/Src/system_stm32f4xx.o
 .debug_line    0x00002df0       0x7a ./Core/Startup/startup_stm32f407vgtx.o
 .debug_line    0x00002e6a      0xa24 ./Drivers/STM32F4xx_HAL_Driver/Src/stm32f4xx_hal.o
 .debug_line    0x0000388e      0xd16 ./Drivers/STM32F4xx_HAL_Driver/Src/stm32f4xx_hal_cortex.o
 .debug_line    0x000045a4      0xbb0 ./Drivers/STM32F4xx_HAL_Driver/Src/stm32f4xx_hal_gpio.o
 .debug_line    0x00005154      0xdaf ./Drivers/STM32F4xx_HAL_Driver/Src/stm32f4xx_hal_rcc.o
 .debug_line    0x00005f03     0x37c8 ./Drivers/STM32F4xx_HAL_Driver/Src/stm32f4xx_hal_tim.o
 .debug_line    0x000096cb     0x1a1a ./Drivers/STM32F4xx_HAL_Driver/Src/stm32f4xx_hal_tim_ex.o
 .debug_line    0x0000b0e5      0x9b4 ./common/ThirdParty/FreeRTOS/list.o
 .debug_line    0x0000ba99     0x188d ./common/ThirdParty/FreeRTOS/queue.o
 .debug_line    0x0000d326     0x1ffc ./common/ThirdParty/FreeRTOS/tasks.o
 .debug_line    0x0000f322      0xf35 ./common/ThirdParty/FreeRTOS/timers.o
 .debug_line    0x00010257      0xac9 ./common/ThirdParty/FreeRTOS/portable/GCC/ARM_CM4F/port.o
 .debug_line    0x00010d20      0xc00 ./common/ThirdParty/FreeRTOS/portable/MemMang/heap_4.o
 .debug_line    0x00011920      0x734 ./common/ThirdParty/SEGGER/Config/SEGGER_SYSVIEW_Config_FreeRTOS.o
 .debug_line    0x00012054      0xa19 ./common/ThirdParty/SEGGER/OS/SEGGER_SYSVIEW_FreeRTOS.o
 .debug_line    0x00012a6d      0xc44 ./common/ThirdParty/SEGGER/Rec/segger_uart.o
 .debug_line    0x000136b1      0xf72 ./common/ThirdParty/SEGGER/SEGGER/SEGGER_RTT.o
 .debug_line    0x00014623       0x86 ./common/ThirdParty/SEGGER/SEGGER/SEGGER_RTT_ASM_ARMv7M.o
 .debug_line    0x000146a9     0x2056 ./common/ThirdParty/SEGGER/SEGGER/SEGGER_SYSVIEW.o

.debug_str      0x00000000    0xd7c53
 .debug_str     0x00000000    0xcb7f8 ./Core/Src/main.o
                              0xcbb9c (size before relaxing)
 .debug_str     0x000cb7f8       0x40 ./Core/Src/stm32f4xx_hal_msp.o
                              0xc9849 (size before relaxing)
 .debug_str     0x000cb838      0x5fe ./Core/Src/stm32f4xx_hal_timebase_tim.o
                              0xc2c32 (size before relaxing)
 .debug_str     0x000cbe36       0xb9 ./Core/Src/stm32f4xx_it.o
                              0xc2be2 (size before relaxing)
 .debug_str     0x000cbeef       0xdb ./Core/Src/system_stm32f4xx.o
                              0xc213b (size before relaxing)
 .debug_str     0x000cbfca       0x44 ./Core/Startup/startup_stm32f407vgtx.o
                                 0x98 (size before relaxing)
 .debug_str     0x000cc00e      0x5d3 ./Drivers/STM32F4xx_HAL_Driver/Src/stm32f4xx_hal.o
                              0xc2cbf (size before relaxing)
 .debug_str     0x000cc5e1      0x37f ./Drivers/STM32F4xx_HAL_Driver/Src/stm32f4xx_hal_cortex.o
                              0xc2a3b (size before relaxing)
 .debug_str     0x000cc960      0x11e ./Drivers/STM32F4xx_HAL_Driver/Src/stm32f4xx_hal_gpio.o
                              0xc22b6 (size before relaxing)
 .debug_str     0x000cca7e      0x1fd ./Drivers/STM32F4xx_HAL_Driver/Src/stm32f4xx_hal_rcc.o
                              0xc256f (size before relaxing)
 .debug_str     0x000ccc7b      0xe79 ./Drivers/STM32F4xx_HAL_Driver/Src/stm32f4xx_hal_tim.o
                              0xc34c5 (size before relaxing)
 .debug_str     0x000cdaf4      0x503 ./Drivers/STM32F4xx_HAL_Driver/Src/stm32f4xx_hal_tim_ex.o
                              0xc2cd1 (size before relaxing)
 .debug_str     0x000cdff7     0x336b ./common/ThirdParty/FreeRTOS/list.o
                               0xecca (size before relaxing)
 .debug_str     0x000d1362     0x12b8 ./common/ThirdParty/FreeRTOS/queue.o
                              0x111d7 (size before relaxing)
 .debug_str     0x000d261a     0x1d04 ./common/ThirdParty/FreeRTOS/tasks.o
                              0x12044 (size before relaxing)
 .debug_str     0x000d431e      0x542 ./common/ThirdParty/FreeRTOS/timers.o
                              0x114e9 (size before relaxing)
 .debug_str     0x000d4860      0x805 ./common/ThirdParty/FreeRTOS/portable/GCC/ARM_CM4F/port.o
                               0xd505 (size before relaxing)
 .debug_str     0x000d5065      0x34b ./common/ThirdParty/FreeRTOS/portable/MemMang/heap_4.o
                              0x10193 (size before relaxing)
 .debug_str     0x000d53b0      0x203 ./common/ThirdParty/SEGGER/Config/SEGGER_SYSVIEW_Config_FreeRTOS.o
                               0xb395 (size before relaxing)
 .debug_str     0x000d55b3      0x131 ./common/ThirdParty/SEGGER/OS/SEGGER_SYSVIEW_FreeRTOS.o
                               0xff0b (size before relaxing)
 .debug_str     0x000d56e4     0x105c ./common/ThirdParty/SEGGER/Rec/segger_uart.o
                              0xc81a6 (size before relaxing)
 .debug_str     0x000d6740      0x769 ./common/ThirdParty/SEGGER/SEGGER/SEGGER_RTT.o
                               0x7c5c (size before relaxing)
 .debug_str     0x000d6ea9       0x6f ./common/ThirdParty/SEGGER/SEGGER/SEGGER_RTT_ASM_ARMv7M.o
                                 0xd1 (size before relaxing)
 .debug_str     0x000d6f18      0xd3b ./common/ThirdParty/SEGGER/SEGGER/SEGGER_SYSVIEW.o
                               0x9cb0 (size before relaxing)

.comment        0x00000000       0x43
 .comment       0x00000000       0x43 ./Core/Src/main.o
                                 0x44 (size before relaxing)
 .comment       0x00000043       0x44 ./Core/Src/stm32f4xx_hal_msp.o
 .comment       0x00000043       0x44 ./Core/Src/stm32f4xx_hal_timebase_tim.o
 .comment       0x00000043       0x44 ./Core/Src/stm32f4xx_it.o
 .comment       0x00000043       0x44 ./Core/Src/system_stm32f4xx.o
 .comment       0x00000043       0x44 ./Drivers/STM32F4xx_HAL_Driver/Src/stm32f4xx_hal.o
 .comment       0x00000043       0x44 ./Drivers/STM32F4xx_HAL_Driver/Src/stm32f4xx_hal_cortex.o
 .comment       0x00000043       0x44 ./Drivers/STM32F4xx_HAL_Driver/Src/stm32f4xx_hal_gpio.o
 .comment       0x00000043       0x44 ./Drivers/STM32F4xx_HAL_Driver/Src/stm32f4xx_hal_rcc.o
 .comment       0x00000043       0x44 ./Drivers/STM32F4xx_HAL_Driver/Src/stm32f4xx_hal_tim.o
 .comment       0x00000043       0x44 ./Drivers/STM32F4xx_HAL_Driver/Src/stm32f4xx_hal_tim_ex.o
 .comment       0x00000043       0x44 ./common/ThirdParty/FreeRTOS/list.o
 .comment       0x00000043       0x44 ./common/ThirdParty/FreeRTOS/queue.o
 .comment       0x00000043       0x44 ./common/ThirdParty/FreeRTOS/tasks.o
 .comment       0x00000043       0x44 ./common/ThirdParty/FreeRTOS/timers.o
 .comment       0x00000043       0x44 ./common/ThirdParty/FreeRTOS/portable/GCC/ARM_CM4F/port.o
 .comment       0x00000043       0x44 ./common/ThirdParty/FreeRTOS/portable/MemMang/heap_4.o
 .comment       0x00000043       0x44 ./common/ThirdParty/SEGGER/Config/SEGGER_SYSVIEW_Config_FreeRTOS.o
 .comment       0x00000043       0x44 ./common/ThirdParty/SEGGER/OS/SEGGER_SYSVIEW_FreeRTOS.o
 .comment       0x00000043       0x44 ./common/ThirdParty/SEGGER/Rec/segger_uart.o
 .comment       0x00000043       0x44 ./common/ThirdParty/SEGGER/SEGGER/SEGGER_RTT.o
 .comment       0x00000043       0x44 ./common/ThirdParty/SEGGER/SEGGER/SEGGER_SYSVIEW.o

.debug_frame    0x00000000     0x50e4
 .debug_frame   0x00000000      0x118 ./Core/Src/main.o
 .debug_frame   0x00000118       0x34 ./Core/Src/stm32f4xx_hal_msp.o
 .debug_frame   0x0000014c       0x74 ./Core/Src/stm32f4xx_hal_timebase_tim.o
 .debug_frame   0x000001c0       0xc4 ./Core/Src/stm32f4xx_it.o
 .debug_frame   0x00000284       0x58 ./Core/Src/system_stm32f4xx.o
 .debug_frame   0x000002dc      0x374 ./Drivers/STM32F4xx_HAL_Driver/Src/stm32f4xx_hal.o
 .debug_frame   0x00000650      0x508 ./Drivers/STM32F4xx_HAL_Driver/Src/stm32f4xx_hal_cortex.o
 .debug_frame   0x00000b58      0x14c ./Drivers/STM32F4xx_HAL_Driver/Src/stm32f4xx_hal_gpio.o
 .debug_frame   0x00000ca4      0x1f4 ./Drivers/STM32F4xx_HAL_Driver/Src/stm32f4xx_hal_rcc.o
 .debug_frame   0x00000e98     0x11c0 ./Drivers/STM32F4xx_HAL_Driver/Src/stm32f4xx_hal_tim.o
 .debug_frame   0x00002058      0x638 ./Drivers/STM32F4xx_HAL_Driver/Src/stm32f4xx_hal_tim_ex.o
 .debug_frame   0x00002690       0xd8 ./common/ThirdParty/FreeRTOS/list.o
 .debug_frame   0x00002768      0x544 ./common/ThirdParty/FreeRTOS/queue.o
 .debug_frame   0x00002cac      0x8fc ./common/ThirdParty/FreeRTOS/tasks.o
 .debug_frame   0x000035a8      0x38c ./common/ThirdParty/FreeRTOS/timers.o
 .debug_frame   0x00003934      0x1d0 ./common/ThirdParty/FreeRTOS/portable/GCC/ARM_CM4F/port.o
 .debug_frame   0x00003b04      0x12c ./common/ThirdParty/FreeRTOS/portable/MemMang/heap_4.o
 .debug_frame   0x00003c30       0x48 ./common/ThirdParty/SEGGER/Config/SEGGER_SYSVIEW_Config_FreeRTOS.o
 .debug_frame   0x00003c78      0x104 ./common/ThirdParty/SEGGER/OS/SEGGER_SYSVIEW_FreeRTOS.o
 .debug_frame   0x00003d7c      0x178 ./common/ThirdParty/SEGGER/Rec/segger_uart.o
 .debug_frame   0x00003ef4      0x530 ./common/ThirdParty/SEGGER/SEGGER/SEGGER_RTT.o
 .debug_frame   0x00004424      0xbc4 ./common/ThirdParty/SEGGER/SEGGER/SEGGER_SYSVIEW.o
 .debug_frame   0x00004fe8       0x28 D:/ST/STM32CubeIDE_1.16.0/STM32CubeIDE/plugins/com.st.stm32cube.ide.mcu.externaltools.gnu-tools-for-stm32.12.3.rel1.win32_1.0.200.202406191623/tools/bin/../lib/gcc/arm-none-eabi/12.3.1/../../../../arm-none-eabi/lib/thumb/v7e-m+fp/hard\libc_nano.a(libc_a-memcmp.o)
 .debug_frame   0x00005010       0x20 D:/ST/STM32CubeIDE_1.16.0/STM32CubeIDE/plugins/com.st.stm32cube.ide.mcu.externaltools.gnu-tools-for-stm32.12.3.rel1.win32_1.0.200.202406191623/tools/bin/../lib/gcc/arm-none-eabi/12.3.1/../../../../arm-none-eabi/lib/thumb/v7e-m+fp/hard\libc_nano.a(libc_a-memset.o)
 .debug_frame   0x00005030       0x2c D:/ST/STM32CubeIDE_1.16.0/STM32CubeIDE/plugins/com.st.stm32cube.ide.mcu.externaltools.gnu-tools-for-stm32.12.3.rel1.win32_1.0.200.202406191623/tools/bin/../lib/gcc/arm-none-eabi/12.3.1/../../../../arm-none-eabi/lib/thumb/v7e-m+fp/hard\libc_nano.a(libc_a-init.o)
 .debug_frame   0x0000505c       0x28 D:/ST/STM32CubeIDE_1.16.0/STM32CubeIDE/plugins/com.st.stm32cube.ide.mcu.externaltools.gnu-tools-for-stm32.12.3.rel1.win32_1.0.200.202406191623/tools/bin/../lib/gcc/arm-none-eabi/12.3.1/../../../../arm-none-eabi/lib/thumb/v7e-m+fp/hard\libc_nano.a(libc_a-memcpy-stub.o)
 .debug_frame   0x00005084       0x2c D:/ST/STM32CubeIDE_1.16.0/STM32CubeIDE/plugins/com.st.stm32cube.ide.mcu.externaltools.gnu-tools-for-stm32.12.3.rel1.win32_1.0.200.202406191623/tools/bin/../lib/gcc/arm-none-eabi/12.3.1/thumb/v7e-m+fp/hard\libgcc.a(_aeabi_uldivmod.o)
 .debug_frame   0x000050b0       0x34 D:/ST/STM32CubeIDE_1.16.0/STM32CubeIDE/plugins/com.st.stm32cube.ide.mcu.externaltools.gnu-tools-for-stm32.12.3.rel1.win32_1.0.200.202406191623/tools/bin/../lib/gcc/arm-none-eabi/12.3.1/thumb/v7e-m+fp/hard\libgcc.a(_udivmoddi4.o)

.debug_line_str
                0x00000000       0xeb
 .debug_line_str
                0x00000000       0x7c ./Core/Startup/startup_stm32f407vgtx.o
 .debug_line_str
                0x0000007c       0x6f ./common/ThirdParty/SEGGER/SEGGER/SEGGER_RTT_ASM_ARMv7M.o
                                 0xc3 (size before relaxing)
