Archive member included to satisfy reference by file (symbol)

D:/ST/STM32CubeIDE_1.16.0/STM32CubeIDE/plugins/com.st.stm32cube.ide.mcu.externaltools.gnu-tools-for-stm32.12.3.rel1.win32_1.0.200.202406191623/tools/bin/../lib/gcc/arm-none-eabi/12.3.1/../../../../arm-none-eabi/lib/thumb/v7e-m+fp/hard\libc_nano.a(libc_a-exit.o)
                              D:/ST/STM32CubeIDE_1.16.0/STM32CubeIDE/plugins/com.st.stm32cube.ide.mcu.externaltools.gnu-tools-for-stm32.12.3.rel1.win32_1.0.200.202406191623/tools/bin/../lib/gcc/arm-none-eabi/12.3.1/../../../../arm-none-eabi/lib/thumb/v7e-m+fp/hard/crt0.o (exit)
D:/ST/STM32CubeIDE_1.16.0/STM32CubeIDE/plugins/com.st.stm32cube.ide.mcu.externaltools.gnu-tools-for-stm32.12.3.rel1.win32_1.0.200.202406191623/tools/bin/../lib/gcc/arm-none-eabi/12.3.1/../../../../arm-none-eabi/lib/thumb/v7e-m+fp/hard\libc_nano.a(libc_a-findfp.o)
                              D:/ST/STM32CubeIDE_1.16.0/STM32CubeIDE/plugins/com.st.stm32cube.ide.mcu.externaltools.gnu-tools-for-stm32.12.3.rel1.win32_1.0.200.202406191623/tools/bin/../lib/gcc/arm-none-eabi/12.3.1/../../../../arm-none-eabi/lib/thumb/v7e-m+fp/hard\libc_nano.a(libc_a-exit.o) (__stdio_exit_handler)
D:/ST/STM32CubeIDE_1.16.0/STM32CubeIDE/plugins/com.st.stm32cube.ide.mcu.externaltools.gnu-tools-for-stm32.12.3.rel1.win32_1.0.200.202406191623/tools/bin/../lib/gcc/arm-none-eabi/12.3.1/../../../../arm-none-eabi/lib/thumb/v7e-m+fp/hard\libc_nano.a(libc_a-fwalk.o)
                              D:/ST/STM32CubeIDE_1.16.0/STM32CubeIDE/plugins/com.st.stm32cube.ide.mcu.externaltools.gnu-tools-for-stm32.12.3.rel1.win32_1.0.200.202406191623/tools/bin/../lib/gcc/arm-none-eabi/12.3.1/../../../../arm-none-eabi/lib/thumb/v7e-m+fp/hard\libc_nano.a(libc_a-findfp.o) (_fwalk_sglue)
D:/ST/STM32CubeIDE_1.16.0/STM32CubeIDE/plugins/com.st.stm32cube.ide.mcu.externaltools.gnu-tools-for-stm32.12.3.rel1.win32_1.0.200.202406191623/tools/bin/../lib/gcc/arm-none-eabi/12.3.1/../../../../arm-none-eabi/lib/thumb/v7e-m+fp/hard\libc_nano.a(libc_a-printf.o)
                              ./Core/Src/rtc.o (printf)
D:/ST/STM32CubeIDE_1.16.0/STM32CubeIDE/plugins/com.st.stm32cube.ide.mcu.externaltools.gnu-tools-for-stm32.12.3.rel1.win32_1.0.200.202406191623/tools/bin/../lib/gcc/arm-none-eabi/12.3.1/../../../../arm-none-eabi/lib/thumb/v7e-m+fp/hard\libc_nano.a(libc_a-sprintf.o)
                              ./Core/Src/rtc.o (sprintf)
D:/ST/STM32CubeIDE_1.16.0/STM32CubeIDE/plugins/com.st.stm32cube.ide.mcu.externaltools.gnu-tools-for-stm32.12.3.rel1.win32_1.0.200.202406191623/tools/bin/../lib/gcc/arm-none-eabi/12.3.1/../../../../arm-none-eabi/lib/thumb/v7e-m+fp/hard\libc_nano.a(libc_a-stdio.o)
                              D:/ST/STM32CubeIDE_1.16.0/STM32CubeIDE/plugins/com.st.stm32cube.ide.mcu.externaltools.gnu-tools-for-stm32.12.3.rel1.win32_1.0.200.202406191623/tools/bin/../lib/gcc/arm-none-eabi/12.3.1/../../../../arm-none-eabi/lib/thumb/v7e-m+fp/hard\libc_nano.a(libc_a-findfp.o) (__sread)
D:/ST/STM32CubeIDE_1.16.0/STM32CubeIDE/plugins/com.st.stm32cube.ide.mcu.externaltools.gnu-tools-for-stm32.12.3.rel1.win32_1.0.200.202406191623/tools/bin/../lib/gcc/arm-none-eabi/12.3.1/../../../../arm-none-eabi/lib/thumb/v7e-m+fp/hard\libc_nano.a(libc_a-memset.o)
                              D:/ST/STM32CubeIDE_1.16.0/STM32CubeIDE/plugins/com.st.stm32cube.ide.mcu.externaltools.gnu-tools-for-stm32.12.3.rel1.win32_1.0.200.202406191623/tools/bin/../lib/gcc/arm-none-eabi/12.3.1/../../../../arm-none-eabi/lib/thumb/v7e-m+fp/hard/crt0.o (memset)
D:/ST/STM32CubeIDE_1.16.0/STM32CubeIDE/plugins/com.st.stm32cube.ide.mcu.externaltools.gnu-tools-for-stm32.12.3.rel1.win32_1.0.200.202406191623/tools/bin/../lib/gcc/arm-none-eabi/12.3.1/../../../../arm-none-eabi/lib/thumb/v7e-m+fp/hard\libc_nano.a(libc_a-closer.o)
                              D:/ST/STM32CubeIDE_1.16.0/STM32CubeIDE/plugins/com.st.stm32cube.ide.mcu.externaltools.gnu-tools-for-stm32.12.3.rel1.win32_1.0.200.202406191623/tools/bin/../lib/gcc/arm-none-eabi/12.3.1/../../../../arm-none-eabi/lib/thumb/v7e-m+fp/hard\libc_nano.a(libc_a-stdio.o) (_close_r)
D:/ST/STM32CubeIDE_1.16.0/STM32CubeIDE/plugins/com.st.stm32cube.ide.mcu.externaltools.gnu-tools-for-stm32.12.3.rel1.win32_1.0.200.202406191623/tools/bin/../lib/gcc/arm-none-eabi/12.3.1/../../../../arm-none-eabi/lib/thumb/v7e-m+fp/hard\libc_nano.a(libc_a-reent.o)
                              D:/ST/STM32CubeIDE_1.16.0/STM32CubeIDE/plugins/com.st.stm32cube.ide.mcu.externaltools.gnu-tools-for-stm32.12.3.rel1.win32_1.0.200.202406191623/tools/bin/../lib/gcc/arm-none-eabi/12.3.1/../../../../arm-none-eabi/lib/thumb/v7e-m+fp/hard\libc_nano.a(libc_a-closer.o) (errno)
D:/ST/STM32CubeIDE_1.16.0/STM32CubeIDE/plugins/com.st.stm32cube.ide.mcu.externaltools.gnu-tools-for-stm32.12.3.rel1.win32_1.0.200.202406191623/tools/bin/../lib/gcc/arm-none-eabi/12.3.1/../../../../arm-none-eabi/lib/thumb/v7e-m+fp/hard\libc_nano.a(libc_a-impure.o)
[...]
Memory Configuration

Name             Origin             Length             Attributes
CCMRAM           0x10000000         0x00010000         xrw
RAM              0x20000000         0x00020000         xrw
FLASH            0x08000000         0x00100000         xr
*default*        0x00000000         0xffffffff

Linker script and memory map

LOAD D:/ST/STM32CubeIDE_1.16.0/STM32CubeIDE/plugins/com.st.stm32cube.ide.mcu.externaltools.gnu-tools-for-stm32.12.3.rel1.win32_1.0.200.202406191623/tools/bin/../lib/gcc/arm-none-eabi/12.3.1/thumb/v7e-m+fp/hard/crti.o
LOAD D:/ST/STM32CubeIDE_1.16.0/STM32CubeIDE/plugins/com.st.stm32cube.ide.mcu.externaltools.gnu-tools-for-stm32.12.3.rel1.win32_1.0.200.202406191623/tools/bin/../lib/gcc/arm-none-eabi/12.3.1/thumb/v7e-m+fp/hard/crtbegin.o
LOAD D:/ST/STM32CubeIDE_1.16.0/STM32CubeIDE/plugins/com.st.stm32cube.ide.mcu.externaltools.gnu-tools-for-stm32.12.3.rel1.win32_1.0.200.202406191623/tools/bin/../lib/gcc/arm-none-eabi/12.3.1/../../../../arm-none-eabi/lib/thumb/v7e-m+fp/hard/crt0.o
LOAD ./Core/Src/led_effect.o
LOAD ./Core/Src/main.o
LOAD ./Core/Src/rtc.o
LOAD ./Core/Src/stm32f4xx_hal_msp.o
LOAD ./Core/Src/stm32f4xx_hal_timebase_tim.o
LOAD ./Core/Src/stm32f4xx_it.o
LOAD ./Core/Src/syscalls.o
LOAD ./Core/Src/sysmem.o
LOAD ./Core/Src/system_stm32f4xx.o
LOAD ./Core/Src/task_handler.o
LOAD ./Core/Startup/startup_stm32f407vgtx.o
LOAD ./Drivers/STM32F4xx_HAL_Driver/Src/stm32f4xx_hal.o
LOAD ./Drivers/STM32F4xx_HAL_Driver/Src/stm32f4xx_hal_cortex.o
LOAD ./Drivers/STM32F4xx_HAL_Driver/Src/stm32f4xx_hal_dma.o
LOAD ./Drivers/STM32F4xx_HAL_Driver/Src/stm32f4xx_hal_dma_ex.o
LOAD ./Drivers/STM32F4xx_HAL_Driver/Src/stm32f4xx_hal_exti.o
LOAD ./Drivers/STM32F4xx_HAL_Driver/Src/stm32f4xx_hal_flash.o
LOAD ./Drivers/STM32F4xx_HAL_Driver/Src/stm32f4xx_hal_flash_ex.o
LOAD ./Drivers/STM32F4xx_HAL_Driver/Src/stm32f4xx_hal_flash_ramfunc.o
LOAD ./Drivers/STM32F4xx_HAL_Driver/Src/stm32f4xx_hal_gpio.o
LOAD ./Drivers/STM32F4xx_HAL_Driver/Src/stm32f4xx_hal_pwr.o
LOAD ./Drivers/STM32F4xx_HAL_Driver/Src/stm32f4xx_hal_pwr_ex.o
LOAD ./Drivers/STM32F4xx_HAL_Driver/Src/stm32f4xx_hal_rcc.o
LOAD ./Drivers/STM32F4xx_HAL_Driver/Src/stm32f4xx_hal_rcc_ex.o
LOAD ./Drivers/STM32F4xx_HAL_Driver/Src/stm32f4xx_hal_rtc.o
LOAD ./Drivers/STM32F4xx_HAL_Driver/Src/stm32f4xx_hal_rtc_ex.o
LOAD ./Drivers/STM32F4xx_HAL_Driver/Src/stm32f4xx_hal_tim.o
LOAD ./Drivers/STM32F4xx_HAL_Driver/Src/stm32f4xx_hal_tim_ex.o
LOAD ./Drivers/STM32F4xx_HAL_Driver/Src/stm32f4xx_hal_uart.o
LOAD ./common/ThirdParty/FreeRTOS/croutine.o
LOAD ./common/ThirdParty/FreeRTOS/event_groups.o
LOAD ./common/ThirdParty/FreeRTOS/list.o
LOAD ./common/ThirdParty/FreeRTOS/queue.o
LOAD ./common/ThirdParty/FreeRTOS/stream_buffer.o
LOAD ./common/ThirdParty/FreeRTOS/tasks.o
LOAD ./common/ThirdParty/FreeRTOS/timers.o
LOAD ./common/ThirdParty/FreeRTOS/portable/GCC/ARM_CM4F/port.o
LOAD ./common/ThirdParty/FreeRTOS/portable/MemMang/heap_4.o
START GROUP
LOAD D:/ST/STM32CubeIDE_1.16.0/STM32CubeIDE/plugins/com.st.stm32cube.ide.mcu.externaltools.gnu-tools-for-stm32.12.3.rel1.win32_1.0.200.202406191623/tools/bin/../lib/gcc/arm-none-eabi/12.3.1/../../../../arm-none-eabi/lib/thumb/v7e-m+fp/hard\libc_nano.a
LOAD D:/ST/STM32CubeIDE_1.16.0/STM32CubeIDE/plugins/com.st.stm32cube.ide.mcu.externaltools.gnu-tools-for-stm32.12.3.rel1.win32_1.0.200.202406191623/tools/bin/../lib/gcc/arm-none-eabi/12.3.1/../../../../arm-none-eabi/lib/thumb/v7e-m+fp/hard\libm.a
END GROUP
START GROUP
LOAD D:/ST/STM32CubeIDE_1.16.0/STM32CubeIDE/plugins/com.st.stm32cube.ide.mcu.externaltools.gnu-tools-for-stm32.12.3.rel1.win32_1.0.200.202406191623/tools/bin/../lib/gcc/arm-none-eabi/12.3.1/thumb/v7e-m+fp/hard\libgcc.a
LOAD D:/ST/STM32CubeIDE_1.16.0/STM32CubeIDE/plugins/com.st.stm32cube.ide.mcu.externaltools.gnu-tools-for-stm32.12.3.rel1.win32_1.0.200.202406191623/tools/bin/../lib/gcc/arm-none-eabi/12.3.1/../../../../arm-none-eabi/lib/thumb/v7e-m+fp/hard\libc_nano.a
END GROUP
START GROUP
LOAD D:/ST/STM32CubeIDE_1.16.0/STM32CubeIDE/plugins/com.st.stm32cube.ide.mcu.externaltools.gnu-tools-for-stm32.12.3.rel1.win32_1.0.200.202406191623/tools/bin/../lib/gcc/arm-none-eabi/12.3.1/thumb/v7e-m+fp/hard\libgcc.a
LOAD D:/ST/STM32CubeIDE_1.16.0/STM32CubeIDE/plugins/com.st.stm32cube.ide.mcu.externaltools.gnu-tools-for-stm32.12.3.rel1.win32_1.0.200.202406191623/tools/bin/../lib/gcc/arm-none-eabi/12.3.1/../../../../arm-none-eabi/lib/thumb/v7e-m+fp/hard\libc_nano.a
LOAD D:/ST/STM32CubeIDE_1.16.0/STM32CubeIDE/plugins/com.st.stm32cube.ide.mcu.externaltools.gnu-tools-for-stm32.12.3.rel1.win32_1.0.200.202406191623/tools/bin/../lib/gcc/arm-none-eabi/12.3.1/../../../../arm-none-eabi/lib/thumb/v7e-m+fp/hard\libnosys.a
END GROUP
START GROUP
LOAD D:/ST/STM32CubeIDE_1.16.0/STM32CubeIDE/plugins/com.st.stm32cube.ide.mcu.externaltools.gnu-tools-for-stm32.12.3.rel1.win32_1.0.200.202406191623/tools/bin/../lib/gcc/arm-none-eabi/12.3.1/thumb/v7e-m+fp/hard\libgcc.a
LOAD D:/ST/STM32CubeIDE_1.16.0/STM32CubeIDE/plugins/com.st.stm32cube.ide.mcu.externaltools.gnu-tools-for-stm32.12.3.rel1.win32_1.0.200.202406191623/tools/bin/../lib/gcc/arm-none-eabi/12.3.1/../../../../arm-none-eabi/lib/thumb/v7e-m+fp/hard\libc_nano.a
LOAD D:/ST/STM32CubeIDE_1.16.0/STM32CubeIDE/plugins/com.st.stm32cube.ide.mcu.externaltools.gnu-tools-for-stm32.12.3.rel1.win32_1.0.200.202406191623/tools/bin/../lib/gcc/arm-none-eabi/12.3.1/../../../../arm-none-eabi/lib/thumb/v7e-m+fp/hard\libnosys.a
END GROUP
LOAD D:/ST/STM32CubeIDE_1.16.0/STM32CubeIDE/plugins/com.st.stm32cube.ide.mcu.externaltools.gnu-tools-for-stm32.12.3.rel1.win32_1.0.200.202406191623/tools/bin/../lib/gcc/arm-none-eabi/12.3.1/thumb/v7e-m+fp/hard/crtend.o
LOAD D:/ST/STM32CubeIDE_1.16.0/STM32CubeIDE/plugins/com.st.stm32cube.ide.mcu.externaltools.gnu-tools-for-stm32.12.3.rel1.win32_1.0.200.202406191623/tools/bin/../lib/gcc/arm-none-eabi/12.3.1/thumb/v7e-m+fp/hard/crtn.o
                0x20020000                        _estack = (ORIGIN (RAM) + LENGTH (RAM))
                0x00000200                        _Min_Heap_Size = 0x200
                0x00000400                        _Min_Stack_Size = 0x400

.isr_vector     0x08000000      0x188
                0x08000000                        . = ALIGN (0x4)
 *(.isr_vector)
 .isr_vector    0x08000000      0x188 ./Core/Startup/startup_stm32f407vgtx.o
                0x08000000                g_pfnVectors
                0x08000188                        . = ALIGN (0x4)

.text           0x08000190     0x8d28
                0x08000190                        . = ALIGN (0x4)
 *(.text)
 .text          0x08000190       0x40 D:/ST/STM32CubeIDE_1.16.0/STM32CubeIDE/plugins/com.st.stm32cube.ide.mcu.externaltools.gnu-tools-for-stm32.12.3.rel1.win32_1.0.200.202406191623/tools/bin/../lib/gcc/arm-none-eabi/12.3.1/thumb/v7e-m+fp/hard/crtbegin.o
 .text          0x080001d0       0x14 D:/ST/STM32CubeIDE_1.16.0/STM32CubeIDE/plugins/com.st.stm32cube.ide.mcu.externaltools.gnu-tools-for-stm32.12.3.rel1.win32_1.0.200.202406191623/tools/bin/../lib/gcc/arm-none-eabi/12.3.1/../../../../arm-none-eabi/lib/thumb/v7e-m+fp/hard\libc_nano.a(libc_a-strcmp.o)
                0x080001d0                strcmp
 .text          0x080001e4       0x10 D:/ST/STM32CubeIDE_1.16.0/STM32CubeIDE/plugins/com.st.stm32cube.ide.mcu.externaltools.gnu-tools-for-stm32.12.3.rel1.win32_1.0.200.202406191623/tools/bin/../lib/gcc/arm-none-eabi/12.3.1/../../../../arm-none-eabi/lib/thumb/v7e-m+fp/hard\libc_nano.a(libc_a-strlen.o)
                0x080001e4                strlen
 *fill*         0x080001f4        0xc 
 .text          0x08000200       0xa0 D:/ST/STM32CubeIDE_1.16.0/STM32CubeIDE/plugins/com.st.stm32cube.ide.mcu.externaltools.gnu-tools-for-stm32.12.3.rel1.win32_1.0.200.202406191623/tools/bin/../lib/gcc/arm-none-eabi/12.3.1/../../../../arm-none-eabi/lib/thumb/v7e-m+fp/hard\libc_nano.a(libc_a-memchr.o)
                0x08000200                memchr
 .text          0x080002a0       0x30 D:/ST/STM32CubeIDE_1.16.0/STM32CubeIDE/plugins/com.st.stm32cube.ide.mcu.externaltools.gnu-tools-for-stm32.12.3.rel1.win32_1.0.200.202406191623/tools/bin/../lib/gcc/arm-none-eabi/12.3.1/thumb/v7e-m+fp/hard\libgcc.a(_aeabi_uldivmod.o)
                0x080002a0                __aeabi_uldivmod
 .text          0x080002d0      0x2bc D:/ST/STM32CubeIDE_1.16.0/STM32CubeIDE/plugins/com.st.stm32cube.ide.mcu.externaltools.gnu-tools-for-stm32.12.3.rel1.win32_1.0.200.202406191623/tools/bin/../lib/gcc/arm-none-eabi/12.3.1/thumb/v7e-m+fp/hard\libgcc.a(_udivmoddi4.o)
                0x080002d0                __udivmoddi4
 .text          0x0800058c        0x4 D:/ST/STM32CubeIDE_1.16.0/STM32CubeIDE/plugins/com.st.stm32cube.ide.mcu.externaltools.gnu-tools-for-stm32.12.3.rel1.win32_1.0.200.202406191623/tools/bin/../lib/gcc/arm-none-eabi/12.3.1/thumb/v7e-m+fp/hard\libgcc.a(_dvmd_tls.o)
                0x0800058c                __aeabi_idiv0
                0x0800058c                __aeabi_ldiv0
 *(.text*)
 .text.led_effect_stop
                0x08000590       0x40 ./Core/Src/led_effect.o
                0x08000590                led_effect_stop
 .text.led_effect
                0x080005d0       0x38 ./Core/Src/led_effect.o
                0x080005d0                led_effect
 .text.turn_on_all_leds
                0x08000608       0x3c ./Core/Src/led_effect.o
 .text.turn_off_all_leds
                0x08000644       0x3c ./Core/Src/led_effect.o
 .text.turn_on_even_leds
                0x08000680       0x3c ./Core/Src/led_effect.o
 .text.turn_on_odd_leds
                0x080006bc       0x3c ./Core/Src/led_effect.o
 .text.LED_control
                0x080006f8       0x50 ./Core/Src/led_effect.o
 .text.LED_effect1
                0x08000748       0x2c ./Core/Src/led_effect.o
                0x08000748                LED_effect1
 .text.LED_effect2
                0x08000774       0x2c ./Core/Src/led_effect.o
                0x08000774                LED_effect2
 .text.LED_effect3
                0x080007a0       0x2c ./Core/Src/led_effect.o
                0x080007a0                LED_effect3
 .text.LED_effect4
                0x080007cc       0x2c ./Core/Src/led_effect.o
                0x080007cc                LED_effect4
 .text.main     0x080007f8      0x24c ./Core/Src/main.o
                0x080007f8                main
 .text.SystemClock_Config
                0x08000a44       0xd8 ./Core/Src/main.o
                0x08000a44                SystemClock_Config
 .text.MX_RTC_Init
                0x08000b1c       0x4c ./Core/Src/main.o
 .text.MX_USART2_UART_Init
                0x08000b68       0x54 ./Core/Src/main.o
 .text.MX_GPIO_Init
                0x08000bbc      0x2bc ./Core/Src/main.o
 .text.rtc_report_callback
                0x08000e78       0x14 ./Core/Src/main.o
                0x08000e78                rtc_report_callback
 .text.led_effect_callback
                0x08000e8c       0x50 ./Core/Src/main.o
                0x08000e8c                led_effect_callback
 .text.HAL_UART_RxCpltCallback
                0x08000edc       0x94 ./Core/Src/main.o
                0x08000edc                HAL_UART_RxCpltCallback
 .text.HAL_TIM_PeriodElapsedCallback
                0x08000f70       0x24 ./Core/Src/main.o
                0x08000f70                HAL_TIM_PeriodElapsedCallback
 .text.Error_Handler
                0x08000f94        0xc ./Core/Src/main.o
                0x08000f94                Error_Handler
 .text.show_time_date_itm
                0x08000fa0       0x90 ./Core/Src/rtc.o
                0x08000fa0                show_time_date_itm
 .text.show_time_date
                0x08001030       0xdc ./Core/Src/rtc.o
                0x08001030                show_time_date
 .text.rtc_configure_time
                0x0800110c       0x30 ./Core/Src/rtc.o
                0x0800110c                rtc_configure_time
 .text.rtc_configure_date
                0x0800113c       0x20 ./Core/Src/rtc.o
                0x0800113c                rtc_configure_date
 .text.HAL_MspInit
                0x0800115c       0x50 ./Core/Src/stm32f4xx_hal_msp.o
                0x0800115c                HAL_MspInit
 .text.HAL_RTC_MspInit
                0x080011ac       0x54 ./Core/Src/stm32f4xx_hal_msp.o
                0x080011ac                HAL_RTC_MspInit
 .text.HAL_UART_MspInit
                0x08001200       0xa0 ./Core/Src/stm32f4xx_hal_msp.o
                0x08001200                HAL_UART_MspInit
 .text.HAL_InitTick
                0x080012a0       0xf8 ./Core/Src/stm32f4xx_hal_timebase_tim.o
                0x080012a0                HAL_InitTick
 .text.NMI_Handler
                0x08001398        0x8 ./Core/Src/stm32f4xx_it.o
                0x08001398                NMI_Handler
 .text.HardFault_Handler
                0x080013a0        0x8 ./Core/Src/stm32f4xx_it.o
                0x080013a0                HardFault_Handler
 .text.MemManage_Handler
                0x080013a8        0x8 ./Core/Src/stm32f4xx_it.o
                0x080013a8                MemManage_Handler
 .text.BusFault_Handler
                0x080013b0        0x8 ./Core/Src/stm32f4xx_it.o
                0x080013b0                BusFault_Handler
 .text.UsageFault_Handler
                0x080013b8        0x8 ./Core/Src/stm32f4xx_it.o
                0x080013b8                UsageFault_Handler
 .text.DebugMon_Handler
                0x080013c0        0xe ./Core/Src/stm32f4xx_it.o
                0x080013c0                DebugMon_Handler
 *fill*         0x080013ce        0x2 
 .text.USART2_IRQHandler
                0x080013d0       0x14 ./Core/Src/stm32f4xx_it.o
                0x080013d0                USART2_IRQHandler
 .text.TIM6_DAC_IRQHandler
                0x080013e4       0x14 ./Core/Src/stm32f4xx_it.o
                0x080013e4                TIM6_DAC_IRQHandler
 .text.ITM_SendChar
                0x080013f8       0x50 ./Core/Src/syscalls.o
                0x080013f8                ITM_SendChar
 .text._read    0x08001448       0x3a ./Core/Src/syscalls.o
                0x08001448                _read
 .text._write   0x08001482       0x38 ./Core/Src/syscalls.o
                0x08001482                _write
 .text._close   0x080014ba       0x18 ./Core/Src/syscalls.o
                0x080014ba                _close
 .text._fstat   0x080014d2       0x20 ./Core/Src/syscalls.o
                0x080014d2                _fstat
 .text._isatty  0x080014f2       0x16 ./Core/Src/syscalls.o
                0x080014f2                _isatty
 .text._lseek   0x08001508       0x1a ./Core/Src/syscalls.o
                0x08001508                _lseek
 *fill*         0x08001522        0x2 
 .text._sbrk    0x08001524       0x6c ./Core/Src/sysmem.o
                0x08001524                _sbrk
 .text.SystemInit
                0x08001590       0x24 ./Core/Src/system_stm32f4xx.o
                0x08001590                SystemInit
 .text.menu_task
                0x080015b4       0xe0 ./Core/Src/task_handler.o
                0x080015b4                menu_task
 .text.led_task
                0x08001694      0x12c ./Core/Src/task_handler.o
                0x08001694                led_task
 .text.getnumber
                0x080017c0       0x46 ./Core/Src/task_handler.o
                0x080017c0                getnumber
 *fill*         0x08001806        0x2 
 .text.rtc_task
                0x08001808      0x4cc ./Core/Src/task_handler.o
                0x08001808                rtc_task
 .text.print_task
                0x08001cd4       0x40 ./Core/Src/task_handler.o
                0x08001cd4                print_task
 .text.cmd_handler_task
                0x08001d14       0x2e ./Core/Src/task_handler.o
                0x08001d14                cmd_handler_task
 *fill*         0x08001d42        0x2 
 .text.process_command
                0x08001d44       0x78 ./Core/Src/task_handler.o
 .text.extract_command
                0x08001dbc       0x74 ./Core/Src/task_handler.o
 .text.Reset_Handler
                0x08001e30       0x50 ./Core/Startup/startup_stm32f407vgtx.o
                0x08001e30                Reset_Handler
 .text.Default_Handler
                0x08001e80        0x2 ./Core/Startup/startup_stm32f407vgtx.o
                0x08001e80                RTC_Alarm_IRQHandler
                0x08001e80                HASH_RNG_IRQHandler
                0x08001e80                EXTI2_IRQHandler
                0x08001e80                TIM8_CC_IRQHandler
                0x08001e80                TIM1_CC_IRQHandler
                0x08001e80                DMA2_Stream5_IRQHandler
                0x08001e80                DMA1_Stream5_IRQHandler
                0x08001e80                PVD_IRQHandler
                0x08001e80                SDIO_IRQHandler
                0x08001e80                TAMP_STAMP_IRQHandler
                0x08001e80                CAN2_RX1_IRQHandler
                0x08001e80                EXTI3_IRQHandler
                0x08001e80                TIM8_TRG_COM_TIM14_IRQHandler
                0x08001e80                TIM1_UP_TIM10_IRQHandler
                0x08001e80                TIM8_UP_TIM13_IRQHandler
                0x08001e80                I2C3_ER_IRQHandler
                0x08001e80                EXTI0_IRQHandler
                0x08001e80                I2C2_EV_IRQHandler
                0x08001e80                DMA1_Stream2_IRQHandler
                0x08001e80                CAN1_RX0_IRQHandler
                0x08001e80                FPU_IRQHandler
                0x08001e80                OTG_HS_WKUP_IRQHandler
                0x08001e80                CAN2_SCE_IRQHandler
                0x08001e80                DMA2_Stream2_IRQHandler
                0x08001e80                SPI1_IRQHandler
                0x08001e80                TIM1_BRK_TIM9_IRQHandler
                0x08001e80                DCMI_IRQHandler
                0x08001e80                CAN2_RX0_IRQHandler
                0x08001e80                DMA2_Stream3_IRQHandler
                0x08001e80                USART6_IRQHandler
                0x08001e80                USART3_IRQHandler
                0x08001e80                CAN1_RX1_IRQHandler
                0x08001e80                UART5_IRQHandler
                0x08001e80                DMA2_Stream0_IRQHandler
                0x08001e80                TIM4_IRQHandler
                0x08001e80                I2C1_EV_IRQHandler
                0x08001e80                DMA1_Stream6_IRQHandler
                0x08001e80                DMA1_Stream1_IRQHandler
                0x08001e80                UART4_IRQHandler
                0x08001e80                TIM3_IRQHandler
                0x08001e80                RCC_IRQHandler
                0x08001e80                TIM8_BRK_TIM12_IRQHandler
                0x08001e80                Default_Handler
                0x08001e80                EXTI15_10_IRQHandler
                0x08001e80                ADC_IRQHandler
                0x08001e80                DMA1_Stream7_IRQHandler
                0x08001e80                TIM7_IRQHandler
                0x08001e80                CAN2_TX_IRQHandler
                0x08001e80                TIM5_IRQHandler
                0x08001e80                DMA2_Stream7_IRQHandler
                0x08001e80                I2C3_EV_IRQHandler
                0x08001e80                EXTI9_5_IRQHandler
                0x08001e80                RTC_WKUP_IRQHandler
                0x08001e80                ETH_WKUP_IRQHandler
                0x08001e80                SPI2_IRQHandler
                0x08001e80                OTG_HS_EP1_IN_IRQHandler
                0x08001e80                DMA1_Stream0_IRQHandler
                0x08001e80                CAN1_TX_IRQHandler
                0x08001e80                EXTI4_IRQHandler
                0x08001e80                FSMC_IRQHandler
                0x08001e80                ETH_IRQHandler
                0x08001e80                OTG_HS_EP1_OUT_IRQHandler
                0x08001e80                WWDG_IRQHandler
                0x08001e80                TIM2_IRQHandler
                0x08001e80                OTG_FS_WKUP_IRQHandler
                0x08001e80                TIM1_TRG_COM_TIM11_IRQHandler
                0x08001e80                OTG_HS_IRQHandler
                0x08001e80                EXTI1_IRQHandler
                0x08001e80                I2C2_ER_IRQHandler
                0x08001e80                DMA2_Stream1_IRQHandler
                0x08001e80                CAN1_SCE_IRQHandler
                0x08001e80                FLASH_IRQHandler
                0x08001e80                DMA2_Stream4_IRQHandler
                0x08001e80                USART1_IRQHandler
                0x08001e80                OTG_FS_IRQHandler
                0x08001e80                SPI3_IRQHandler
                0x08001e80                DMA1_Stream4_IRQHandler
                0x08001e80                I2C1_ER_IRQHandler
                0x08001e80                DMA2_Stream6_IRQHandler
                0x08001e80                DMA1_Stream3_IRQHandler
 *fill*         0x08001e82        0x2 
 .text.HAL_Init
                0x08001e84       0x44 ./Drivers/STM32F4xx_HAL_Driver/Src/stm32f4xx_hal.o
                0x08001e84                HAL_Init
 .text.HAL_IncTick
                0x08001ec8       0x28 ./Drivers/STM32F4xx_HAL_Driver/Src/stm32f4xx_hal.o
                0x08001ec8                HAL_IncTick
 .text.HAL_GetTick
                0x08001ef0       0x18 ./Drivers/STM32F4xx_HAL_Driver/Src/stm32f4xx_hal.o
                0x08001ef0                HAL_GetTick
 .text.__NVIC_SetPriorityGrouping
                0x08001f08       0x48 ./Drivers/STM32F4xx_HAL_Driver/Src/stm32f4xx_hal_cortex.o
 .text.__NVIC_GetPriorityGrouping
                0x08001f50       0x1c ./Drivers/STM32F4xx_HAL_Driver/Src/stm32f4xx_hal_cortex.o
 .text.__NVIC_EnableIRQ
                0x08001f6c       0x3c ./Drivers/STM32F4xx_HAL_Driver/Src/stm32f4xx_hal_cortex.o
 .text.__NVIC_SetPriority
                0x08001fa8       0x54 ./Drivers/STM32F4xx_HAL_Driver/Src/stm32f4xx_hal_cortex.o
 .text.NVIC_EncodePriority
                0x08001ffc       0x66 ./Drivers/STM32F4xx_HAL_Driver/Src/stm32f4xx_hal_cortex.o
 .text.HAL_NVIC_SetPriorityGrouping
                0x08002062       0x16 ./Drivers/STM32F4xx_HAL_Driver/Src/stm32f4xx_hal_cortex.o
                0x08002062                HAL_NVIC_SetPriorityGrouping
 .text.HAL_NVIC_SetPriority
                0x08002078       0x38 ./Drivers/STM32F4xx_HAL_Driver/Src/stm32f4xx_hal_cortex.o
                0x08002078                HAL_NVIC_SetPriority
 .text.HAL_NVIC_EnableIRQ
                0x080020b0       0x1c ./Drivers/STM32F4xx_HAL_Driver/Src/stm32f4xx_hal_cortex.o
                0x080020b0                HAL_NVIC_EnableIRQ
 .text.HAL_DMA_Abort
                0x080020cc       0xe0 ./Drivers/STM32F4xx_HAL_Driver/Src/stm32f4xx_hal_dma.o
                0x080020cc                HAL_DMA_Abort
 .text.HAL_DMA_Abort_IT
                0x080021ac       0x44 ./Drivers/STM32F4xx_HAL_Driver/Src/stm32f4xx_hal_dma.o
                0x080021ac                HAL_DMA_Abort_IT
 .text.HAL_GPIO_Init
                0x080021f0      0x338 ./Drivers/STM32F4xx_HAL_Driver/Src/stm32f4xx_hal_gpio.o
                0x080021f0                HAL_GPIO_Init
 .text.HAL_GPIO_WritePin
                0x08002528       0x32 ./Drivers/STM32F4xx_HAL_Driver/Src/stm32f4xx_hal_gpio.o
                0x08002528                HAL_GPIO_WritePin
 *fill*         0x0800255a        0x2 
 .text.HAL_RCC_OscConfig
                0x0800255c      0x4f0 ./Drivers/STM32F4xx_HAL_Driver/Src/stm32f4xx_hal_rcc.o
                0x0800255c                HAL_RCC_OscConfig
 .text.HAL_RCC_ClockConfig
                0x08002a4c      0x1cc ./Drivers/STM32F4xx_HAL_Driver/Src/stm32f4xx_hal_rcc.o
                0x08002a4c                HAL_RCC_ClockConfig
 .text.HAL_RCC_GetSysClockFreq
                0x08002c18      0x20c ./Drivers/STM32F4xx_HAL_Driver/Src/stm32f4xx_hal_rcc.o
                0x08002c18                HAL_RCC_GetSysClockFreq
 .text.HAL_RCC_GetHCLKFreq
                0x08002e24       0x18 ./Drivers/STM32F4xx_HAL_Driver/Src/stm32f4xx_hal_rcc.o
                0x08002e24                HAL_RCC_GetHCLKFreq
 .text.HAL_RCC_GetPCLK1Freq
                0x08002e3c       0x28 ./Drivers/STM32F4xx_HAL_Driver/Src/stm32f4xx_hal_rcc.o
                0x08002e3c                HAL_RCC_GetPCLK1Freq
 .text.HAL_RCC_GetPCLK2Freq
                0x08002e64       0x28 ./Drivers/STM32F4xx_HAL_Driver/Src/stm32f4xx_hal_rcc.o
                0x08002e64                HAL_RCC_GetPCLK2Freq
 .text.HAL_RCC_GetClockConfig
                0x08002e8c       0x64 ./Drivers/STM32F4xx_HAL_Driver/Src/stm32f4xx_hal_rcc.o
                0x08002e8c                HAL_RCC_GetClockConfig
 .text.HAL_RCCEx_PeriphCLKConfig
                0x08002ef0      0x1c4 ./Drivers/STM32F4xx_HAL_Driver/Src/stm32f4xx_hal_rcc_ex.o
                0x08002ef0                HAL_RCCEx_PeriphCLKConfig
 .text.HAL_RTC_Init
                0x080030b4      0x106 ./Drivers/STM32F4xx_HAL_Driver/Src/stm32f4xx_hal_rtc.o
                0x080030b4                HAL_RTC_Init
 .text.HAL_RTC_SetTime
                0x080031ba      0x134 ./Drivers/STM32F4xx_HAL_Driver/Src/stm32f4xx_hal_rtc.o
                0x080031ba                HAL_RTC_SetTime
 .text.HAL_RTC_GetTime
                0x080032ee       0xbc ./Drivers/STM32F4xx_HAL_Driver/Src/stm32f4xx_hal_rtc.o
                0x080032ee                HAL_RTC_GetTime
 .text.HAL_RTC_SetDate
                0x080033aa      0x108 ./Drivers/STM32F4xx_HAL_Driver/Src/stm32f4xx_hal_rtc.o
                0x080033aa                HAL_RTC_SetDate
 .text.HAL_RTC_GetDate
                0x080034b2       0x9e ./Drivers/STM32F4xx_HAL_Driver/Src/stm32f4xx_hal_rtc.o
                0x080034b2                HAL_RTC_GetDate
 .text.HAL_RTC_WaitForSynchro
                0x08003550       0x4c ./Drivers/STM32F4xx_HAL_Driver/Src/stm32f4xx_hal_rtc.o
                0x08003550                HAL_RTC_WaitForSynchro
 .text.RTC_EnterInitMode
                0x0800359c       0x6e ./Drivers/STM32F4xx_HAL_Driver/Src/stm32f4xx_hal_rtc.o
                0x0800359c                RTC_EnterInitMode
 .text.RTC_ExitInitMode
                0x0800360a       0x4a ./Drivers/STM32F4xx_HAL_Driver/Src/stm32f4xx_hal_rtc.o
                0x0800360a                RTC_ExitInitMode
 .text.RTC_ByteToBcd2
                0x08003654       0x3c ./Drivers/STM32F4xx_HAL_Driver/Src/stm32f4xx_hal_rtc.o
                0x08003654                RTC_ByteToBcd2
 .text.RTC_Bcd2ToByte
                0x08003690       0x3c ./Drivers/STM32F4xx_HAL_Driver/Src/stm32f4xx_hal_rtc.o
                0x08003690                RTC_Bcd2ToByte
 .text.HAL_TIM_Base_Init
                0x080036cc       0x9e ./Drivers/STM32F4xx_HAL_Driver/Src/stm32f4xx_hal_tim.o
                0x080036cc                HAL_TIM_Base_Init
 .text.HAL_TIM_Base_MspInit
                0x0800376a       0x14 ./Drivers/STM32F4xx_HAL_Driver/Src/stm32f4xx_hal_tim.o
                0x0800376a                HAL_TIM_Base_MspInit
 *fill*         0x0800377e        0x2 
 .text.HAL_TIM_Base_Start_IT
                0x08003780       0xe0 ./Drivers/STM32F4xx_HAL_Driver/Src/stm32f4xx_hal_tim.o
                0x08003780                HAL_TIM_Base_Start_IT
 .text.HAL_TIM_IRQHandler
                0x08003860      0x1e0 ./Drivers/STM32F4xx_HAL_Driver/Src/stm32f4xx_hal_tim.o
                0x08003860                HAL_TIM_IRQHandler
 .text.HAL_TIM_OC_DelayElapsedCallback
                0x08003a40       0x14 ./Drivers/STM32F4xx_HAL_Driver/Src/stm32f4xx_hal_tim.o
                0x08003a40                HAL_TIM_OC_DelayElapsedCallback
 .text.HAL_TIM_IC_CaptureCallback
                0x08003a54       0x14 ./Drivers/STM32F4xx_HAL_Driver/Src/stm32f4xx_hal_tim.o
                0x08003a54                HAL_TIM_IC_CaptureCallback
 .text.HAL_TIM_PWM_PulseFinishedCallback
                0x08003a68       0x14 ./Drivers/STM32F4xx_HAL_Driver/Src/stm32f4xx_hal_tim.o
                0x08003a68                HAL_TIM_PWM_PulseFinishedCallback
 .text.HAL_TIM_TriggerCallback
                0x08003a7c       0x14 ./Drivers/STM32F4xx_HAL_Driver/Src/stm32f4xx_hal_tim.o
                0x08003a7c                HAL_TIM_TriggerCallback
 .text.TIM_Base_SetConfig
                0x08003a90      0x158 ./Drivers/STM32F4xx_HAL_Driver/Src/stm32f4xx_hal_tim.o
                0x08003a90                TIM_Base_SetConfig
 .text.HAL_TIMEx_CommutCallback
                0x08003be8       0x14 ./Drivers/STM32F4xx_HAL_Driver/Src/stm32f4xx_hal_tim_ex.o
                0x08003be8                HAL_TIMEx_CommutCallback
 .text.HAL_TIMEx_BreakCallback
                0x08003bfc       0x14 ./Drivers/STM32F4xx_HAL_Driver/Src/stm32f4xx_hal_tim_ex.o
                0x08003bfc                HAL_TIMEx_BreakCallback
 .text.HAL_UART_Init
                0x08003c10       0xa0 ./Drivers/STM32F4xx_HAL_Driver/Src/stm32f4xx_hal_uart.o
                0x08003c10                HAL_UART_Init
 .text.HAL_UART_Transmit
                0x08003cb0      0x116 ./Drivers/STM32F4xx_HAL_Driver/Src/stm32f4xx_hal_uart.o
                0x08003cb0                HAL_UART_Transmit
 .text.HAL_UART_Receive_IT
                0x08003dc6       0x4a ./Drivers/STM32F4xx_HAL_Driver/Src/stm32f4xx_hal_uart.o
                0x08003dc6                HAL_UART_Receive_IT
 .text.HAL_UART_IRQHandler
                0x08003e10      0x524 ./Drivers/STM32F4xx_HAL_Driver/Src/stm32f4xx_hal_uart.o
                0x08003e10                HAL_UART_IRQHandler
 .text.HAL_UART_TxCpltCallback
                0x08004334       0x14 ./Drivers/STM32F4xx_HAL_Driver/Src/stm32f4xx_hal_uart.o
                0x08004334                HAL_UART_TxCpltCallback
 .text.HAL_UART_ErrorCallback
                0x08004348       0x14 ./Drivers/STM32F4xx_HAL_Driver/Src/stm32f4xx_hal_uart.o
                0x08004348                HAL_UART_ErrorCallback
 .text.HAL_UARTEx_RxEventCallback
                0x0800435c       0x18 ./Drivers/STM32F4xx_HAL_Driver/Src/stm32f4xx_hal_uart.o
                0x0800435c                HAL_UARTEx_RxEventCallback
 .text.UART_WaitOnFlagUntilTimeout
                0x08004374       0xb2 ./Drivers/STM32F4xx_HAL_Driver/Src/stm32f4xx_hal_uart.o
 .text.UART_Start_Receive_IT
                0x08004426       0x74 ./Drivers/STM32F4xx_HAL_Driver/Src/stm32f4xx_hal_uart.o
                0x08004426                UART_Start_Receive_IT
 .text.UART_EndRxTransfer
                0x0800449a       0xc6 ./Drivers/STM32F4xx_HAL_Driver/Src/stm32f4xx_hal_uart.o
 .text.UART_DMAAbortOnError
                0x08004560       0x28 ./Drivers/STM32F4xx_HAL_Driver/Src/stm32f4xx_hal_uart.o
 .text.UART_Transmit_IT
                0x08004588       0xa0 ./Drivers/STM32F4xx_HAL_Driver/Src/stm32f4xx_hal_uart.o
 .text.UART_EndTransmit_IT
                0x08004628       0x30 ./Drivers/STM32F4xx_HAL_Driver/Src/stm32f4xx_hal_uart.o
 .text.UART_Receive_IT
                0x08004658      0x17c ./Drivers/STM32F4xx_HAL_Driver/Src/stm32f4xx_hal_uart.o
 .text.UART_SetConfig
                0x080047d4      0x4e8 ./Drivers/STM32F4xx_HAL_Driver/Src/stm32f4xx_hal_uart.o
 .text.vListInitialise
                0x08004cbc       0x40 ./common/ThirdParty/FreeRTOS/list.o
                0x08004cbc                vListInitialise
 .text.vListInitialiseItem
                0x08004cfc       0x1a ./common/ThirdParty/FreeRTOS/list.o
                0x08004cfc                vListInitialiseItem
 .text.vListInsertEnd
                0x08004d16       0x48 ./common/ThirdParty/FreeRTOS/list.o
                0x08004d16                vListInsertEnd
 .text.vListInsert
                0x08004d5e       0x72 ./common/ThirdParty/FreeRTOS/list.o
                0x08004d5e                vListInsert
 .text.uxListRemove
                0x08004dd0       0x54 ./common/ThirdParty/FreeRTOS/list.o
                0x08004dd0                uxListRemove
 .text.xQueueGenericReset
                0x08004e24       0xd4 ./common/ThirdParty/FreeRTOS/queue.o
                0x08004e24                xQueueGenericReset
 .text.xQueueGenericCreate
                0x08004ef8       0xc4 ./common/ThirdParty/FreeRTOS/queue.o
                0x08004ef8                xQueueGenericCreate
 .text.prvInitialiseNewQueue
                0x08004fbc       0x46 ./common/ThirdParty/FreeRTOS/queue.o
 *fill*         0x08005002        0x2 
 .text.xQueueGenericSend
                0x08005004      0x204 ./common/ThirdParty/FreeRTOS/queue.o
                0x08005004                xQueueGenericSend
 .text.xQueueGenericSendFromISR
                0x08005208      0x15c ./common/ThirdParty/FreeRTOS/queue.o
                0x08005208                xQueueGenericSendFromISR
 .text.xQueueReceive
                0x08005364      0x1c4 ./common/ThirdParty/FreeRTOS/queue.o
                0x08005364                xQueueReceive
 .text.xQueueReceiveFromISR
                0x08005528      0x124 ./common/ThirdParty/FreeRTOS/queue.o
                0x08005528                xQueueReceiveFromISR
 .text.uxQueueMessagesWaiting
                0x0800564c       0x3e ./common/ThirdParty/FreeRTOS/queue.o
                0x0800564c                uxQueueMessagesWaiting
 .text.prvCopyDataToQueue
                0x0800568a       0xd4 ./common/ThirdParty/FreeRTOS/queue.o
 .text.prvCopyDataFromQueue
                0x0800575e       0x4c ./common/ThirdParty/FreeRTOS/queue.o
 .text.prvUnlockQueue
                0x080057aa       0xa4 ./common/ThirdParty/FreeRTOS/queue.o
 .text.prvIsQueueEmpty
                0x0800584e       0x2c ./common/ThirdParty/FreeRTOS/queue.o
 .text.prvIsQueueFull
                0x0800587a       0x30 ./common/ThirdParty/FreeRTOS/queue.o
 .text.xQueueIsQueueFullFromISR
                0x080058aa       0x4e ./common/ThirdParty/FreeRTOS/queue.o
                0x080058aa                xQueueIsQueueFullFromISR
 .text.vQueueAddToRegistry
                0x080058f8       0x54 ./common/ThirdParty/FreeRTOS/queue.o
                0x080058f8                vQueueAddToRegistry
 .text.vQueueWaitForMessageRestricted
                0x0800594c       0x68 ./common/ThirdParty/FreeRTOS/queue.o
                0x0800594c                vQueueWaitForMessageRestricted
 .text.xTaskCreate
                0x080059b4       0x82 ./common/ThirdParty/FreeRTOS/tasks.o
                0x080059b4                xTaskCreate
 .text.prvInitialiseNewTask
                0x08005a36      0x12e ./common/ThirdParty/FreeRTOS/tasks.o
 .text.prvAddNewTaskToReadyList
                0x08005b64       0xdc ./common/ThirdParty/FreeRTOS/tasks.o
 .text.vTaskStartScheduler
                0x08005c40       0xa4 ./common/ThirdParty/FreeRTOS/tasks.o
                0x08005c40                vTaskStartScheduler
 .text.vTaskSuspendAll
                0x08005ce4       0x1c ./common/ThirdParty/FreeRTOS/tasks.o
                0x08005ce4                vTaskSuspendAll
 .text.xTaskResumeAll
                0x08005d00      0x13c ./common/ThirdParty/FreeRTOS/tasks.o
                0x08005d00                xTaskResumeAll
 .text.xTaskGetTickCount
                0x08005e3c       0x20 ./common/ThirdParty/FreeRTOS/tasks.o
                0x08005e3c                xTaskGetTickCount
 .text.xTaskIncrementTick
                0x08005e5c      0x174 ./common/ThirdParty/FreeRTOS/tasks.o
                0x08005e5c                xTaskIncrementTick
 .text.vTaskSwitchContext
                0x08005fd0       0xb8 ./common/ThirdParty/FreeRTOS/tasks.o
                0x08005fd0                vTaskSwitchContext
 .text.vTaskPlaceOnEventList
                0x08006088       0x4c ./common/ThirdParty/FreeRTOS/tasks.o
                0x08006088                vTaskPlaceOnEventList
 .text.vTaskPlaceOnEventListRestricted
                0x080060d4       0x58 ./common/ThirdParty/FreeRTOS/tasks.o
                0x080060d4                vTaskPlaceOnEventListRestricted
 .text.xTaskRemoveFromEventList
                0x0800612c       0xc8 ./common/ThirdParty/FreeRTOS/tasks.o
                0x0800612c                xTaskRemoveFromEventList
 .text.vTaskInternalSetTimeOutState
                0x080061f4       0x2c ./common/ThirdParty/FreeRTOS/tasks.o
                0x080061f4                vTaskInternalSetTimeOutState
 .text.xTaskCheckForTimeOut
                0x08006220       0xd0 ./common/ThirdParty/FreeRTOS/tasks.o
                0x08006220                xTaskCheckForTimeOut
 .text.vTaskMissedYield
                0x080062f0       0x18 ./common/ThirdParty/FreeRTOS/tasks.o
                0x080062f0                vTaskMissedYield
 .text.prvIdleTask
                0x08006308       0x30 ./common/ThirdParty/FreeRTOS/tasks.o
 .text.prvInitialiseTaskLists
                0x08006338       0x80 ./common/ThirdParty/FreeRTOS/tasks.o
 .text.prvCheckTasksWaitingTermination
                0x080063b8       0x5c ./common/ThirdParty/FreeRTOS/tasks.o
 .text.prvDeleteTCB
                0x08006414       0x20 ./common/ThirdParty/FreeRTOS/tasks.o
 .text.prvResetNextTaskUnblockTime
                0x08006434       0x38 ./common/ThirdParty/FreeRTOS/tasks.o
 .text.xTaskGetSchedulerState
                0x0800646c       0x3c ./common/ThirdParty/FreeRTOS/tasks.o
                0x0800646c                xTaskGetSchedulerState
 .text.xTaskPriorityDisinherit
                0x080064a8       0xf8 ./common/ThirdParty/FreeRTOS/tasks.o
                0x080064a8                xTaskPriorityDisinherit
 .text.xTaskGenericNotifyWait
                0x080065a0      0x100 ./common/ThirdParty/FreeRTOS/tasks.o
                0x080065a0                xTaskGenericNotifyWait
 .text.xTaskGenericNotify
                0x080066a0      0x1c8 ./common/ThirdParty/FreeRTOS/tasks.o
                0x080066a0                xTaskGenericNotify
 .text.xTaskGenericNotifyFromISR
                0x08006868      0x20c ./common/ThirdParty/FreeRTOS/tasks.o
                0x08006868                xTaskGenericNotifyFromISR
 .text.prvAddCurrentTaskToDelayedList
                0x08006a74       0xcc ./common/ThirdParty/FreeRTOS/tasks.o
 .text.xTimerCreateTimerTask
                0x08006b40       0x68 ./common/ThirdParty/FreeRTOS/timers.o
                0x08006b40                xTimerCreateTimerTask
 .text.xTimerCreate
                0x08006ba8       0x42 ./common/ThirdParty/FreeRTOS/timers.o
                0x08006ba8                xTimerCreate
 .text.prvInitialiseNewTimer
                0x08006bea       0x78 ./common/ThirdParty/FreeRTOS/timers.o
 *fill*         0x08006c62        0x2 
 .text.xTimerGenericCommand
                0x08006c64       0x9c ./common/ThirdParty/FreeRTOS/timers.o
                0x08006c64                xTimerGenericCommand
 .text.prvProcessExpiredTimer
                0x08006d00       0x9c ./common/ThirdParty/FreeRTOS/timers.o
 .text.prvTimerTask
                0x08006d9c       0x26 ./common/ThirdParty/FreeRTOS/timers.o
 *fill*         0x08006dc2        0x2 
 .text.prvProcessTimerOrBlockTask
                0x08006dc4       0x9c ./common/ThirdParty/FreeRTOS/timers.o
 .text.prvGetNextExpireTime
                0x08006e60       0x48 ./common/ThirdParty/FreeRTOS/timers.o
 .text.prvSampleTimeNow
                0x08006ea8       0x40 ./common/ThirdParty/FreeRTOS/timers.o
 .text.prvInsertTimerInActiveList
                0x08006ee8       0x84 ./common/ThirdParty/FreeRTOS/timers.o
 .text.prvProcessReceivedCommands
                0x08006f6c      0x194 ./common/ThirdParty/FreeRTOS/timers.o
 .text.prvSwitchTimerLists
                0x08007100       0xcc ./common/ThirdParty/FreeRTOS/timers.o
 .text.prvCheckForValidListAndQueue
                0x080071cc       0x6c ./common/ThirdParty/FreeRTOS/timers.o
 .text.xTimerIsTimerActive
                0x08007238       0x54 ./common/ThirdParty/FreeRTOS/timers.o
                0x08007238                xTimerIsTimerActive
 .text.pvTimerGetTimerID
                0x0800728c       0x42 ./common/ThirdParty/FreeRTOS/timers.o
                0x0800728c                pvTimerGetTimerID
 *fill*         0x080072ce        0x2 
 .text.pxPortInitialiseStack
                0x080072d0       0x68 ./common/ThirdParty/FreeRTOS/portable/GCC/ARM_CM4F/port.o
                0x080072d0                pxPortInitialiseStack
 .text.prvTaskExitError
                0x08007338       0x5c ./common/ThirdParty/FreeRTOS/portable/GCC/ARM_CM4F/port.o
 *fill*         0x08007394        0xc 
 .text.SVC_Handler
                0x080073a0       0x28 ./common/ThirdParty/FreeRTOS/portable/GCC/ARM_CM4F/port.o
                0x080073a0                SVC_Handler
 .text.prvPortStartFirstTask
                0x080073c8       0x2c ./common/ThirdParty/FreeRTOS/portable/GCC/ARM_CM4F/port.o
 .text.xPortStartScheduler
                0x080073f4      0x148 ./common/ThirdParty/FreeRTOS/portable/GCC/ARM_CM4F/port.o
                0x080073f4                xPortStartScheduler
 .text.vInitPrioGroupValue
                0x0800753c      0x100 ./common/ThirdParty/FreeRTOS/portable/GCC/ARM_CM4F/port.o
                0x0800753c                vInitPrioGroupValue
 .text.vPortEnterCritical
                0x0800763c       0x64 ./common/ThirdParty/FreeRTOS/portable/GCC/ARM_CM4F/port.o
                0x0800763c                vPortEnterCritical
 .text.vPortExitCritical
                0x080076a0       0x54 ./common/ThirdParty/FreeRTOS/portable/GCC/ARM_CM4F/port.o
                0x080076a0                vPortExitCritical
 *fill*         0x080076f4        0xc 
 .text.PendSV_Handler
                0x08007700       0x68 ./common/ThirdParty/FreeRTOS/portable/GCC/ARM_CM4F/port.o
                0x08007700                PendSV_Handler
 .text.SysTick_Handler
                0x08007768       0x44 ./common/ThirdParty/FreeRTOS/portable/GCC/ARM_CM4F/port.o
                0x08007768                SysTick_Handler
 .text.vPortSetupTimerInterrupt
                0x080077ac       0x48 ./common/ThirdParty/FreeRTOS/portable/GCC/ARM_CM4F/port.o
                0x080077ac                vPortSetupTimerInterrupt
 .text.vPortEnableVFP
                0x080077f4       0x18 ./common/ThirdParty/FreeRTOS/portable/GCC/ARM_CM4F/port.o
 .text.vPortValidateInterruptPriority
                0x0800780c       0x84 ./common/ThirdParty/FreeRTOS/portable/GCC/ARM_CM4F/port.o
                0x0800780c                vPortValidateInterruptPriority
 .text.pvPortMalloc
                0x08007890      0x1c4 ./common/ThirdParty/FreeRTOS/portable/MemMang/heap_4.o
                0x08007890                pvPortMalloc
 .text.vPortFree
                0x08007a54       0xc8 ./common/ThirdParty/FreeRTOS/portable/MemMang/heap_4.o
                0x08007a54                vPortFree
 .text.prvHeapInit
                0x08007b1c       0xc4 ./common/ThirdParty/FreeRTOS/portable/MemMang/heap_4.o
 .text.prvInsertBlockIntoFreeList
                0x08007be0       0xb4 ./common/ThirdParty/FreeRTOS/portable/MemMang/heap_4.o
 .text.std      0x08007c94       0x6c D:/ST/STM32CubeIDE_1.16.0/STM32CubeIDE/plugins/com.st.stm32cube.ide.mcu.externaltools.gnu-tools-for-stm32.12.3.rel1.win32_1.0.200.202406191623/tools/bin/../lib/gcc/arm-none-eabi/12.3.1/../../../../arm-none-eabi/lib/thumb/v7e-m+fp/hard\libc_nano.a(libc_a-findfp.o)
 .text.stdio_exit_handler
                0x08007d00       0x18 D:/ST/STM32CubeIDE_1.16.0/STM32CubeIDE/plugins/com.st.stm32cube.ide.mcu.externaltools.gnu-tools-for-stm32.12.3.rel1.win32_1.0.200.202406191623/tools/bin/../lib/gcc/arm-none-eabi/12.3.1/../../../../arm-none-eabi/lib/thumb/v7e-m+fp/hard\libc_nano.a(libc_a-findfp.o)
 .text.cleanup_stdio
                0x08007d18       0x40 D:/ST/STM32CubeIDE_1.16.0/STM32CubeIDE/plugins/com.st.stm32cube.ide.mcu.externaltools.gnu-tools-for-stm32.12.3.rel1.win32_1.0.200.202406191623/tools/bin/../lib/gcc/arm-none-eabi/12.3.1/../../../../arm-none-eabi/lib/thumb/v7e-m+fp/hard\libc_nano.a(libc_a-findfp.o)
 .text.global_stdio_init.part.0
                0x08007d58       0x3c D:/ST/STM32CubeIDE_1.16.0/STM32CubeIDE/plugins/com.st.stm32cube.ide.mcu.externaltools.gnu-tools-for-stm32.12.3.rel1.win32_1.0.200.202406191623/tools/bin/../lib/gcc/arm-none-eabi/12.3.1/../../../../arm-none-eabi/lib/thumb/v7e-m+fp/hard\libc_nano.a(libc_a-findfp.o)
 .text.__sfp_lock_acquire
                0x08007d94        0xc D:/ST/STM32CubeIDE_1.16.0/STM32CubeIDE/plugins/com.st.stm32cube.ide.mcu.externaltools.gnu-tools-for-stm32.12.3.rel1.win32_1.0.200.202406191623/tools/bin/../lib/gcc/arm-none-eabi/12.3.1/../../../../arm-none-eabi/lib/thumb/v7e-m+fp/hard\libc_nano.a(libc_a-findfp.o)
                0x08007d94                __sfp_lock_acquire
 .text.__sfp_lock_release
                0x08007da0        0xc D:/ST/STM32CubeIDE_1.16.0/STM32CubeIDE/plugins/com.st.stm32cube.ide.mcu.externaltools.gnu-tools-for-stm32.12.3.rel1.win32_1.0.200.202406191623/tools/bin/../lib/gcc/arm-none-eabi/12.3.1/../../../../arm-none-eabi/lib/thumb/v7e-m+fp/hard\libc_nano.a(libc_a-findfp.o)
                0x08007da0                __sfp_lock_release
 .text.__sinit  0x08007dac       0x30 D:/ST/STM32CubeIDE_1.16.0/STM32CubeIDE/plugins/com.st.stm32cube.ide.mcu.externaltools.gnu-tools-for-stm32.12.3.rel1.win32_1.0.200.202406191623/tools/bin/../lib/gcc/arm-none-eabi/12.3.1/../../../../arm-none-eabi/lib/thumb/v7e-m+fp/hard\libc_nano.a(libc_a-findfp.o)
                0x08007dac                __sinit
 .text._fwalk_sglue
                0x08007ddc       0x3c D:/ST/STM32CubeIDE_1.16.0/STM32CubeIDE/plugins/com.st.stm32cube.ide.mcu.externaltools.gnu-tools-for-stm32.12.3.rel1.win32_1.0.200.202406191623/tools/bin/../lib/gcc/arm-none-eabi/12.3.1/../../../../arm-none-eabi/lib/thumb/v7e-m+fp/hard\libc_nano.a(libc_a-fwalk.o)
                0x08007ddc                _fwalk_sglue
 .text.printf   0x08007e18       0x24 D:/ST/STM32CubeIDE_1.16.0/STM32CubeIDE/plugins/com.st.stm32cube.ide.mcu.externaltools.gnu-tools-for-stm32.12.3.rel1.win32_1.0.200.202406191623/tools/bin/../lib/gcc/arm-none-eabi/12.3.1/../../../../arm-none-eabi/lib/thumb/v7e-m+fp/hard\libc_nano.a(libc_a-printf.o)
                0x08007e18                iprintf
                0x08007e18                printf
 .text.sprintf  0x08007e3c       0x40 D:/ST/STM32CubeIDE_1.16.0/STM32CubeIDE/plugins/com.st.stm32cube.ide.mcu.externaltools.gnu-tools-for-stm32.12.3.rel1.win32_1.0.200.202406191623/tools/bin/../lib/gcc/arm-none-eabi/12.3.1/../../../../arm-none-eabi/lib/thumb/v7e-m+fp/hard\libc_nano.a(libc_a-sprintf.o)
                0x08007e3c                siprintf
                0x08007e3c                sprintf
 .text.__sread  0x08007e7c       0x22 D:/ST/STM32CubeIDE_1.16.0/STM32CubeIDE/plugins/com.st.stm32cube.ide.mcu.externaltools.gnu-tools-for-stm32.12.3.rel1.win32_1.0.200.202406191623/tools/bin/../lib/gcc/arm-none-eabi/12.3.1/../../../../arm-none-eabi/lib/thumb/v7e-m+fp/hard\libc_nano.a(libc_a-stdio.o)
                0x08007e7c                __sread
 .text.__swrite
                0x08007e9e       0x38 D:/ST/STM32CubeIDE_1.16.0/STM32CubeIDE/plugins/com.st.stm32cube.ide.mcu.externaltools.gnu-tools-for-stm32.12.3.rel1.win32_1.0.200.202406191623/tools/bin/../lib/gcc/arm-none-eabi/12.3.1/../../../../arm-none-eabi/lib/thumb/v7e-m+fp/hard\libc_nano.a(libc_a-stdio.o)
                0x08007e9e                __swrite
 .text.__sseek  0x08007ed6       0x24 D:/ST/STM32CubeIDE_1.16.0/STM32CubeIDE/plugins/com.st.stm32cube.ide.mcu.externaltools.gnu-tools-for-stm32.12.3.rel1.win32_1.0.200.202406191623/tools/bin/../lib/gcc/arm-none-eabi/12.3.1/../../../../arm-none-eabi/lib/thumb/v7e-m+fp/hard\libc_nano.a(libc_a-stdio.o)
                0x08007ed6                __sseek
 .text.__sclose
                0x08007efa        0x8 D:/ST/STM32CubeIDE_1.16.0/STM32CubeIDE/plugins/com.st.stm32cube.ide.mcu.externaltools.gnu-tools-for-stm32.12.3.rel1.win32_1.0.200.202406191623/tools/bin/../lib/gcc/arm-none-eabi/12.3.1/../../../../arm-none-eabi/lib/thumb/v7e-m+fp/hard\libc_nano.a(libc_a-stdio.o)
                0x08007efa                __sclose
 .text.memset   0x08007f02       0x10 D:/ST/STM32CubeIDE_1.16.0/STM32CubeIDE/plugins/com.st.stm32cube.ide.mcu.externaltools.gnu-tools-for-stm32.12.3.rel1.win32_1.0.200.202406191623/tools/bin/../lib/gcc/arm-none-eabi/12.3.1/../../../../arm-none-eabi/lib/thumb/v7e-m+fp/hard\libc_nano.a(libc_a-memset.o)
                0x08007f02                memset
 *fill*         0x08007f12        0x2 
 .text._close_r
                0x08007f14       0x20 D:/ST/STM32CubeIDE_1.16.0/STM32CubeIDE/plugins/com.st.stm32cube.ide.mcu.externaltools.gnu-tools-for-stm32.12.3.rel1.win32_1.0.200.202406191623/tools/bin/../lib/gcc/arm-none-eabi/12.3.1/../../../../arm-none-eabi/lib/thumb/v7e-m+fp/hard\libc_nano.a(libc_a-closer.o)
                0x08007f14                _close_r
 .text._lseek_r
                0x08007f34       0x24 D:/ST/STM32CubeIDE_1.16.0/STM32CubeIDE/plugins/com.st.stm32cube.ide.mcu.externaltools.gnu-tools-for-stm32.12.3.rel1.win32_1.0.200.202406191623/tools/bin/../lib/gcc/arm-none-eabi/12.3.1/../../../../arm-none-eabi/lib/thumb/v7e-m+fp/hard\libc_nano.a(libc_a-lseekr.o)
                0x08007f34                _lseek_r
 .text._read_r  0x08007f58       0x24 D:/ST/STM32CubeIDE_1.16.0/STM32CubeIDE/plugins/com.st.stm32cube.ide.mcu.externaltools.gnu-tools-for-stm32.12.3.rel1.win32_1.0.200.202406191623/tools/bin/../lib/gcc/arm-none-eabi/12.3.1/../../../../arm-none-eabi/lib/thumb/v7e-m+fp/hard\libc_nano.a(libc_a-readr.o)
                0x08007f58                _read_r
 .text._write_r
                0x08007f7c       0x24 D:/ST/STM32CubeIDE_1.16.0/STM32CubeIDE/plugins/com.st.stm32cube.ide.mcu.externaltools.gnu-tools-for-stm32.12.3.rel1.win32_1.0.200.202406191623/tools/bin/../lib/gcc/arm-none-eabi/12.3.1/../../../../arm-none-eabi/lib/thumb/v7e-m+fp/hard\libc_nano.a(libc_a-writer.o)
                0x08007f7c                _write_r
 .text.__errno  0x08007fa0        0xc D:/ST/STM32CubeIDE_1.16.0/STM32CubeIDE/plugins/com.st.stm32cube.ide.mcu.externaltools.gnu-tools-for-stm32.12.3.rel1.win32_1.0.200.202406191623/tools/bin/../lib/gcc/arm-none-eabi/12.3.1/../../../../arm-none-eabi/lib/thumb/v7e-m+fp/hard\libc_nano.a(libc_a-errno.o)
                0x08007fa0                __errno
 .text.__libc_init_array
                0x08007fac       0x48 D:/ST/STM32CubeIDE_1.16.0/STM32CubeIDE/plugins/com.st.stm32cube.ide.mcu.externaltools.gnu-tools-for-stm32.12.3.rel1.win32_1.0.200.202406191623/tools/bin/../lib/gcc/arm-none-eabi/12.3.1/../../../../arm-none-eabi/lib/thumb/v7e-m+fp/hard\libc_nano.a(libc_a-init.o)
                0x08007fac                __libc_init_array
 .text.__retarget_lock_init_recursive
                0x08007ff4        0x2 D:/ST/STM32CubeIDE_1.16.0/STM32CubeIDE/plugins/com.st.stm32cube.ide.mcu.externaltools.gnu-tools-for-stm32.12.3.rel1.win32_1.0.200.202406191623/tools/bin/../lib/gcc/arm-none-eabi/12.3.1/../../../../arm-none-eabi/lib/thumb/v7e-m+fp/hard\libc_nano.a(libc_a-lock.o)
                0x08007ff4                __retarget_lock_init_recursive
 .text.__retarget_lock_acquire_recursive
                0x08007ff6        0x2 D:/ST/STM32CubeIDE_1.16.0/STM32CubeIDE/plugins/com.st.stm32cube.ide.mcu.externaltools.gnu-tools-for-stm32.12.3.rel1.win32_1.0.200.202406191623/tools/bin/../lib/gcc/arm-none-eabi/12.3.1/../../../../arm-none-eabi/lib/thumb/v7e-m+fp/hard\libc_nano.a(libc_a-lock.o)
                0x08007ff6                __retarget_lock_acquire_recursive
 .text.__retarget_lock_release_recursive
                0x08007ff8        0x2 D:/ST/STM32CubeIDE_1.16.0/STM32CubeIDE/plugins/com.st.stm32cube.ide.mcu.externaltools.gnu-tools-for-stm32.12.3.rel1.win32_1.0.200.202406191623/tools/bin/../lib/gcc/arm-none-eabi/12.3.1/../../../../arm-none-eabi/lib/thumb/v7e-m+fp/hard\libc_nano.a(libc_a-lock.o)
                0x08007ff8                __retarget_lock_release_recursive
 .text.memcpy   0x08007ffa       0x1c D:/ST/STM32CubeIDE_1.16.0/STM32CubeIDE/plugins/com.st.stm32cube.ide.mcu.externaltools.gnu-tools-for-stm32.12.3.rel1.win32_1.0.200.202406191623/tools/bin/../lib/gcc/arm-none-eabi/12.3.1/../../../../arm-none-eabi/lib/thumb/v7e-m+fp/hard\libc_nano.a(libc_a-memcpy-stub.o)
                0x08007ffa                memcpy
 *fill*         0x08008016        0x2 
 .text._free_r  0x08008018       0x94 D:/ST/STM32CubeIDE_1.16.0/STM32CubeIDE/plugins/com.st.stm32cube.ide.mcu.externaltools.gnu-tools-for-stm32.12.3.rel1.win32_1.0.200.202406191623/tools/bin/../lib/gcc/arm-none-eabi/12.3.1/../../../../arm-none-eabi/lib/thumb/v7e-m+fp/hard\libc_nano.a(libc_a-freer.o)
                0x08008018                _free_r
 .text.sbrk_aligned
                0x080080ac       0x44 D:/ST/STM32CubeIDE_1.16.0/STM32CubeIDE/plugins/com.st.stm32cube.ide.mcu.externaltools.gnu-tools-for-stm32.12.3.rel1.win32_1.0.200.202406191623/tools/bin/../lib/gcc/arm-none-eabi/12.3.1/../../../../arm-none-eabi/lib/thumb/v7e-m+fp/hard\libc_nano.a(libc_a-mallocr.o)
 .text._malloc_r
                0x080080f0      0x100 D:/ST/STM32CubeIDE_1.16.0/STM32CubeIDE/plugins/com.st.stm32cube.ide.mcu.externaltools.gnu-tools-for-stm32.12.3.rel1.win32_1.0.200.202406191623/tools/bin/../lib/gcc/arm-none-eabi/12.3.1/../../../../arm-none-eabi/lib/thumb/v7e-m+fp/hard\libc_nano.a(libc_a-mallocr.o)
                0x080080f0                _malloc_r
 .text.__malloc_lock
                0x080081f0        0xc D:/ST/STM32CubeIDE_1.16.0/STM32CubeIDE/plugins/com.st.stm32cube.ide.mcu.externaltools.gnu-tools-for-stm32.12.3.rel1.win32_1.0.200.202406191623/tools/bin/../lib/gcc/arm-none-eabi/12.3.1/../../../../arm-none-eabi/lib/thumb/v7e-m+fp/hard\libc_nano.a(libc_a-mlock.o)
                0x080081f0                __malloc_lock
 .text.__malloc_unlock
                0x080081fc        0xc D:/ST/STM32CubeIDE_1.16.0/STM32CubeIDE/plugins/com.st.stm32cube.ide.mcu.externaltools.gnu-tools-for-stm32.12.3.rel1.win32_1.0.200.202406191623/tools/bin/../lib/gcc/arm-none-eabi/12.3.1/../../../../arm-none-eabi/lib/thumb/v7e-m+fp/hard\libc_nano.a(libc_a-mlock.o)
                0x080081fc                __malloc_unlock
 .text.__ssputs_r
                0x08008208       0xb6 D:/ST/STM32CubeIDE_1.16.0/STM32CubeIDE/plugins/com.st.stm32cube.ide.mcu.externaltools.gnu-tools-for-stm32.12.3.rel1.win32_1.0.200.202406191623/tools/bin/../lib/gcc/arm-none-eabi/12.3.1/../../../../arm-none-eabi/lib/thumb/v7e-m+fp/hard\libc_nano.a(libc_a-nano-svfprintf.o)
                0x08008208                __ssputs_r
 *fill*         0x080082be        0x2 
 .text._svfprintf_r
                0x080082c0      0x1f8 D:/ST/STM32CubeIDE_1.16.0/STM32CubeIDE/plugins/com.st.stm32cube.ide.mcu.externaltools.gnu-tools-for-stm32.12.3.rel1.win32_1.0.200.202406191623/tools/bin/../lib/gcc/arm-none-eabi/12.3.1/../../../../arm-none-eabi/lib/thumb/v7e-m+fp/hard\libc_nano.a(libc_a-nano-svfprintf.o)
                0x080082c0                _svfiprintf_r
                0x080082c0                _svfprintf_r
 .text.__sfputc_r
                0x080084b8       0x2e D:/ST/STM32CubeIDE_1.16.0/STM32CubeIDE/plugins/com.st.stm32cube.ide.mcu.externaltools.gnu-tools-for-stm32.12.3.rel1.win32_1.0.200.202406191623/tools/bin/../lib/gcc/arm-none-eabi/12.3.1/../../../../arm-none-eabi/lib/thumb/v7e-m+fp/hard\libc_nano.a(libc_a-nano-vfprintf.o)
 .text.__sfputs_r
                0x080084e6       0x24 D:/ST/STM32CubeIDE_1.16.0/STM32CubeIDE/plugins/com.st.stm32cube.ide.mcu.externaltools.gnu-tools-for-stm32.12.3.rel1.win32_1.0.200.202406191623/tools/bin/../lib/gcc/arm-none-eabi/12.3.1/../../../../arm-none-eabi/lib/thumb/v7e-m+fp/hard\libc_nano.a(libc_a-nano-vfprintf.o)
                0x080084e6                __sfputs_r
 *fill*         0x0800850a        0x2 
 .text._vfprintf_r
                0x0800850c      0x230 D:/ST/STM32CubeIDE_1.16.0/STM32CubeIDE/plugins/com.st.stm32cube.ide.mcu.externaltools.gnu-tools-for-stm32.12.3.rel1.win32_1.0.200.202406191623/tools/bin/../lib/gcc/arm-none-eabi/12.3.1/../../../../arm-none-eabi/lib/thumb/v7e-m+fp/hard\libc_nano.a(libc_a-nano-vfprintf.o)
                0x0800850c                _vfprintf_r
                0x0800850c                _vfiprintf_r
 .text._printf_common
                0x0800873c       0xda D:/ST/STM32CubeIDE_1.16.0/STM32CubeIDE/plugins/com.st.stm32cube.ide.mcu.externaltools.gnu-tools-for-stm32.12.3.rel1.win32_1.0.200.202406191623/tools/bin/../lib/gcc/arm-none-eabi/12.3.1/../../../../arm-none-eabi/lib/thumb/v7e-m+fp/hard\libc_nano.a(libc_a-nano-vfprintf_i.o)
                0x0800873c                _printf_common
 *fill*         0x08008816        0x2 
 .text._printf_i
                0x08008818      0x240 D:/ST/STM32CubeIDE_1.16.0/STM32CubeIDE/plugins/com.st.stm32cube.ide.mcu.externaltools.gnu-tools-for-stm32.12.3.rel1.win32_1.0.200.202406191623/tools/bin/../lib/gcc/arm-none-eabi/12.3.1/../../../../arm-none-eabi/lib/thumb/v7e-m+fp/hard\libc_nano.a(libc_a-nano-vfprintf_i.o)
                0x08008818                _printf_i
 .text.__sflush_r
                0x08008a58      0x108 D:/ST/STM32CubeIDE_1.16.0/STM32CubeIDE/plugins/com.st.stm32cube.ide.mcu.externaltools.gnu-tools-for-stm32.12.3.rel1.win32_1.0.200.202406191623/tools/bin/../lib/gcc/arm-none-eabi/12.3.1/../../../../arm-none-eabi/lib/thumb/v7e-m+fp/hard\libc_nano.a(libc_a-fflush.o)
                0x08008a58                __sflush_r
 .text._fflush_r
                0x08008b60       0x50 D:/ST/STM32CubeIDE_1.16.0/STM32CubeIDE/plugins/com.st.stm32cube.ide.mcu.externaltools.gnu-tools-for-stm32.12.3.rel1.win32_1.0.200.202406191623/tools/bin/../lib/gcc/arm-none-eabi/12.3.1/../../../../arm-none-eabi/lib/thumb/v7e-m+fp/hard\libc_nano.a(libc_a-fflush.o)
                0x08008b60                _fflush_r
 .text.__swbuf_r
                0x08008bb0       0x7c D:/ST/STM32CubeIDE_1.16.0/STM32CubeIDE/plugins/com.st.stm32cube.ide.mcu.externaltools.gnu-tools-for-stm32.12.3.rel1.win32_1.0.200.202406191623/tools/bin/../lib/gcc/arm-none-eabi/12.3.1/../../../../arm-none-eabi/lib/thumb/v7e-m+fp/hard\libc_nano.a(libc_a-wbuf.o)
                0x08008bb0                __swbuf_r
 .text.__swsetup_r
                0x08008c2c       0xac D:/ST/STM32CubeIDE_1.16.0/STM32CubeIDE/plugins/com.st.stm32cube.ide.mcu.externaltools.gnu-tools-for-stm32.12.3.rel1.win32_1.0.200.202406191623/tools/bin/../lib/gcc/arm-none-eabi/12.3.1/../../../../arm-none-eabi/lib/thumb/v7e-m+fp/hard\libc_nano.a(libc_a-wsetup.o)
                0x08008c2c                __swsetup_r
 .text.memmove  0x08008cd8       0x34 D:/ST/STM32CubeIDE_1.16.0/STM32CubeIDE/plugins/com.st.stm32cube.ide.mcu.externaltools.gnu-tools-for-stm32.12.3.rel1.win32_1.0.200.202406191623/tools/bin/../lib/gcc/arm-none-eabi/12.3.1/../../../../arm-none-eabi/lib/thumb/v7e-m+fp/hard\libc_nano.a(libc_a-memmove.o)
                0x08008cd8                memmove
 .text._sbrk_r  0x08008d0c       0x20 D:/ST/STM32CubeIDE_1.16.0/STM32CubeIDE/plugins/com.st.stm32cube.ide.mcu.externaltools.gnu-tools-for-stm32.12.3.rel1.win32_1.0.200.202406191623/tools/bin/../lib/gcc/arm-none-eabi/12.3.1/../../../../arm-none-eabi/lib/thumb/v7e-m+fp/hard\libc_nano.a(libc_a-sbrkr.o)
                0x08008d0c                _sbrk_r
 .text._realloc_r
                0x08008d2c       0x5c D:/ST/STM32CubeIDE_1.16.0/STM32CubeIDE/plugins/com.st.stm32cube.ide.mcu.externaltools.gnu-tools-for-stm32.12.3.rel1.win32_1.0.200.202406191623/tools/bin/../lib/gcc/arm-none-eabi/12.3.1/../../../../arm-none-eabi/lib/thumb/v7e-m+fp/hard\libc_nano.a(libc_a-reallocr.o)
                0x08008d2c                _realloc_r
 .text.__swhatbuf_r
                0x08008d88       0x4c D:/ST/STM32CubeIDE_1.16.0/STM32CubeIDE/plugins/com.st.stm32cube.ide.mcu.externaltools.gnu-tools-for-stm32.12.3.rel1.win32_1.0.200.202406191623/tools/bin/../lib/gcc/arm-none-eabi/12.3.1/../../../../arm-none-eabi/lib/thumb/v7e-m+fp/hard\libc_nano.a(libc_a-makebuf.o)
                0x08008d88                __swhatbuf_r
 .text.__smakebuf_r
                0x08008dd4       0x78 D:/ST/STM32CubeIDE_1.16.0/STM32CubeIDE/plugins/com.st.stm32cube.ide.mcu.externaltools.gnu-tools-for-stm32.12.3.rel1.win32_1.0.200.202406191623/tools/bin/../lib/gcc/arm-none-eabi/12.3.1/../../../../arm-none-eabi/lib/thumb/v7e-m+fp/hard\libc_nano.a(libc_a-makebuf.o)
                0x08008dd4                __smakebuf_r
 .text._fstat_r
                0x08008e4c       0x24 D:/ST/STM32CubeIDE_1.16.0/STM32CubeIDE/plugins/com.st.stm32cube.ide.mcu.externaltools.gnu-tools-for-stm32.12.3.rel1.win32_1.0.200.202406191623/tools/bin/../lib/gcc/arm-none-eabi/12.3.1/../../../../arm-none-eabi/lib/thumb/v7e-m+fp/hard\libc_nano.a(libc_a-fstatr.o)
                0x08008e4c                _fstat_r
 .text._isatty_r
                0x08008e70       0x20 D:/ST/STM32CubeIDE_1.16.0/STM32CubeIDE/plugins/com.st.stm32cube.ide.mcu.externaltools.gnu-tools-for-stm32.12.3.rel1.win32_1.0.200.202406191623/tools/bin/../lib/gcc/arm-none-eabi/12.3.1/../../../../arm-none-eabi/lib/thumb/v7e-m+fp/hard\libc_nano.a(libc_a-isattyr.o)
                0x08008e70                _isatty_r
 .text._malloc_usable_size_r
                0x08008e90       0x10 D:/ST/STM32CubeIDE_1.16.0/STM32CubeIDE/plugins/com.st.stm32cube.ide.mcu.externaltools.gnu-tools-for-stm32.12.3.rel1.win32_1.0.200.202406191623/tools/bin/../lib/gcc/arm-none-eabi/12.3.1/../../../../arm-none-eabi/lib/thumb/v7e-m+fp/hard\libc_nano.a(libc_a-msizer.o)
                0x08008e90                _malloc_usable_size_r
 *(.glue_7)
 .glue_7        0x08008ea0        0x0 linker stubs
 *(.glue_7t)
 .glue_7t       0x08008ea0        0x0 linker stubs
 *(.eh_frame)
 .eh_frame      0x08008ea0        0x0 D:/ST/STM32CubeIDE_1.16.0/STM32CubeIDE/plugins/com.st.stm32cube.ide.mcu.externaltools.gnu-tools-for-stm32.12.3.rel1.win32_1.0.200.202406191623/tools/bin/../lib/gcc/arm-none-eabi/12.3.1/thumb/v7e-m+fp/hard/crtbegin.o
 *(.init)
 .init          0x08008ea0        0x4 D:/ST/STM32CubeIDE_1.16.0/STM32CubeIDE/plugins/com.st.stm32cube.ide.mcu.externaltools.gnu-tools-for-stm32.12.3.rel1.win32_1.0.200.202406191623/tools/bin/../lib/gcc/arm-none-eabi/12.3.1/thumb/v7e-m+fp/hard/crti.o
                0x08008ea0                _init
 .init          0x08008ea4        0x8 D:/ST/STM32CubeIDE_1.16.0/STM32CubeIDE/plugins/com.st.stm32cube.ide.mcu.externaltools.gnu-tools-for-stm32.12.3.rel1.win32_1.0.200.202406191623/tools/bin/../lib/gcc/arm-none-eabi/12.3.1/thumb/v7e-m+fp/hard/crtn.o
 *(.fini)
 .fini          0x08008eac        0x4 D:/ST/STM32CubeIDE_1.16.0/STM32CubeIDE/plugins/com.st.stm32cube.ide.mcu.externaltools.gnu-tools-for-stm32.12.3.rel1.win32_1.0.200.202406191623/tools/bin/../lib/gcc/arm-none-eabi/12.3.1/thumb/v7e-m+fp/hard/crti.o
                0x08008eac                _fini
 .fini          0x08008eb0        0x8 D:/ST/STM32CubeIDE_1.16.0/STM32CubeIDE/plugins/com.st.stm32cube.ide.mcu.externaltools.gnu-tools-for-stm32.12.3.rel1.win32_1.0.200.202406191623/tools/bin/../lib/gcc/arm-none-eabi/12.3.1/thumb/v7e-m+fp/hard/crtn.o
                0x08008eb8                        . = ALIGN (0x4)
                0x08008eb8                        _etext = .

.vfp11_veneer   0x08008eb8        0x0
 .vfp11_veneer  0x08008eb8        0x0 linker stubs

.v4_bx          0x08008eb8        0x0
 .v4_bx         0x08008eb8        0x0 linker stubs

.iplt           0x08008eb8        0x0
 .iplt          0x08008eb8        0x0 D:/ST/STM32CubeIDE_1.16.0/STM32CubeIDE/plugins/com.st.stm32cube.ide.mcu.externaltools.gnu-tools-for-stm32.12.3.rel1.win32_1.0.200.202406191623/tools/bin/../lib/gcc/arm-none-eabi/12.3.1/thumb/v7e-m+fp/hard/crtbegin.o

.rodata         0x08008eb8      0x43c
                0x08008eb8                        . = ALIGN (0x4)
 *(.rodata)
 .rodata        0x08008eb8       0x52 ./Core/Src/main.o
 *fill*         0x08008f0a        0x2 
 .rodata        0x08008f0c       0x69 ./Core/Src/rtc.o
 *fill*         0x08008f75        0x3 
 .rodata        0x08008f78      0x317 ./Core/Src/task_handler.o
 *fill*         0x0800928f        0x1 
 .rodata        0x08009290        0x5 ./common/ThirdParty/FreeRTOS/tasks.o
 *fill*         0x08009295        0x3 
 .rodata        0x08009298        0xd ./common/ThirdParty/FreeRTOS/timers.o
 *(.rodata*)
 *fill*         0x080092a5        0x3 
 .rodata.AHBPrescTable
                0x080092a8       0x10 ./Core/Src/system_stm32f4xx.o
                0x080092a8                AHBPrescTable
 .rodata.APBPrescTable
                0x080092b8        0x8 ./Core/Src/system_stm32f4xx.o
                0x080092b8                APBPrescTable
 .rodata._svfprintf_r.str1.1
                0x080092c0       0x11 D:/ST/STM32CubeIDE_1.16.0/STM32CubeIDE/plugins/com.st.stm32cube.ide.mcu.externaltools.gnu-tools-for-stm32.12.3.rel1.win32_1.0.200.202406191623/tools/bin/../lib/gcc/arm-none-eabi/12.3.1/../../../../arm-none-eabi/lib/thumb/v7e-m+fp/hard\libc_nano.a(libc_a-nano-svfprintf.o)
 .rodata._vfprintf_r.str1.1
                0x080092d1       0x11 D:/ST/STM32CubeIDE_1.16.0/STM32CubeIDE/plugins/com.st.stm32cube.ide.mcu.externaltools.gnu-tools-for-stm32.12.3.rel1.win32_1.0.200.202406191623/tools/bin/../lib/gcc/arm-none-eabi/12.3.1/../../../../arm-none-eabi/lib/thumb/v7e-m+fp/hard\libc_nano.a(libc_a-nano-vfprintf.o)
 .rodata._printf_i.str1.1
                0x080092d1       0x22 D:/ST/STM32CubeIDE_1.16.0/STM32CubeIDE/plugins/com.st.stm32cube.ide.mcu.externaltools.gnu-tools-for-stm32.12.3.rel1.win32_1.0.200.202406191623/tools/bin/../lib/gcc/arm-none-eabi/12.3.1/../../../../arm-none-eabi/lib/thumb/v7e-m+fp/hard\libc_nano.a(libc_a-nano-vfprintf_i.o)
                0x080092f4                        . = ALIGN (0x4)
 *fill*         0x080092f3        0x1 

.ARM.extab      0x080092f4        0x0
                0x080092f4                        . = ALIGN (0x4)
 *(.ARM.extab* .gnu.linkonce.armextab.*)
                0x080092f4                        . = ALIGN (0x4)

.ARM            0x080092f4        0x8
                0x080092f4                        . = ALIGN (0x4)
                0x080092f4                        __exidx_start = .
 *(.ARM.exidx*)
 .ARM.exidx     0x080092f4        0x8 D:/ST/STM32CubeIDE_1.16.0/STM32CubeIDE/plugins/com.st.stm32cube.ide.mcu.externaltools.gnu-tools-for-stm32.12.3.rel1.win32_1.0.200.202406191623/tools/bin/../lib/gcc/arm-none-eabi/12.3.1/../../../../arm-none-eabi/lib/thumb/v7e-m+fp/hard\libc_nano.a(libc_a-strcmp.o)
 .ARM.exidx     0x080092fc        0x0 D:/ST/STM32CubeIDE_1.16.0/STM32CubeIDE/plugins/com.st.stm32cube.ide.mcu.externaltools.gnu-tools-for-stm32.12.3.rel1.win32_1.0.200.202406191623/tools/bin/../lib/gcc/arm-none-eabi/12.3.1/../../../../arm-none-eabi/lib/thumb/v7e-m+fp/hard\libc_nano.a(libc_a-strlen.o)
                                  0x8 (size before relaxing)
 .ARM.exidx     0x080092fc        0x0 D:/ST/STM32CubeIDE_1.16.0/STM32CubeIDE/plugins/com.st.stm32cube.ide.mcu.externaltools.gnu-tools-for-stm32.12.3.rel1.win32_1.0.200.202406191623/tools/bin/../lib/gcc/arm-none-eabi/12.3.1/../../../../arm-none-eabi/lib/thumb/v7e-m+fp/hard\libc_nano.a(libc_a-memchr.o)
                                  0x8 (size before relaxing)
 .ARM.exidx     0x080092fc        0x0 D:/ST/STM32CubeIDE_1.16.0/STM32CubeIDE/plugins/com.st.stm32cube.ide.mcu.externaltools.gnu-tools-for-stm32.12.3.rel1.win32_1.0.200.202406191623/tools/bin/../lib/gcc/arm-none-eabi/12.3.1/thumb/v7e-m+fp/hard\libgcc.a(_udivmoddi4.o)
                                  0x8 (size before relaxing)
                0x080092fc                        __exidx_end = .
                0x080092fc                        . = ALIGN (0x4)

.preinit_array  0x080092fc        0x0
                0x080092fc                        . = ALIGN (0x4)
                0x080092fc                        PROVIDE (__preinit_array_start = .)
 *(.preinit_array*)
                0x080092fc                        PROVIDE (__preinit_array_end = .)
                0x080092fc                        . = ALIGN (0x4)

.init_array     0x080092fc        0x4
                0x080092fc                        . = ALIGN (0x4)
                0x080092fc                        PROVIDE (__init_array_start = .)
 *(SORT_BY_NAME(.init_array.*))
 *(.init_array*)
 .init_array    0x080092fc        0x4 D:/ST/STM32CubeIDE_1.16.0/STM32CubeIDE/plugins/com.st.stm32cube.ide.mcu.externaltools.gnu-tools-for-stm32.12.3.rel1.win32_1.0.200.202406191623/tools/bin/../lib/gcc/arm-none-eabi/12.3.1/thumb/v7e-m+fp/hard/crtbegin.o
                0x08009300                        PROVIDE (__init_array_end = .)
                0x08009300                        . = ALIGN (0x4)

.fini_array     0x08009300        0x4
                0x08009300                        . = ALIGN (0x4)
                [!provide]                        PROVIDE (__fini_array_start = .)
 *(SORT_BY_NAME(.fini_array.*))
 *(.fini_array*)
 .fini_array    0x08009300        0x4 D:/ST/STM32CubeIDE_1.16.0/STM32CubeIDE/plugins/com.st.stm32cube.ide.mcu.externaltools.gnu-tools-for-stm32.12.3.rel1.win32_1.0.200.202406191623/tools/bin/../lib/gcc/arm-none-eabi/12.3.1/thumb/v7e-m+fp/hard/crtbegin.o
                [!provide]                        PROVIDE (__fini_array_end = .)
                0x08009304                        . = ALIGN (0x4)
                0x08009304                        _sidata = LOADADDR (.data)

.rel.dyn        0x08009304        0x0
 .rel.iplt      0x08009304        0x0 D:/ST/STM32CubeIDE_1.16.0/STM32CubeIDE/plugins/com.st.stm32cube.ide.mcu.externaltools.gnu-tools-for-stm32.12.3.rel1.win32_1.0.200.202406191623/tools/bin/../lib/gcc/arm-none-eabi/12.3.1/thumb/v7e-m+fp/hard/crtbegin.o

.data           0x20000000       0x78 load address 0x08009304
                0x20000000                        . = ALIGN (0x4)
                0x20000000                        _sdata = .
 *(.data)
 *(.data*)
 .data.flag.3   0x20000000        0x1 ./Core/Src/led_effect.o
 .data.flag.2   0x20000001        0x1 ./Core/Src/led_effect.o
 *fill*         0x20000002        0x2 
 .data.SystemCoreClock
                0x20000004        0x4 ./Core/Src/system_stm32f4xx.o
                0x20000004                SystemCoreClock
 .data.msg_inv  0x20000008        0x4 ./Core/Src/task_handler.o
                0x20000008                msg_inv
 .data.uwTickPrio
                0x2000000c        0x4 ./Drivers/STM32F4xx_HAL_Driver/Src/stm32f4xx_hal.o
                0x2000000c                uwTickPrio
 .data.uwTickFreq
                0x20000010        0x1 ./Drivers/STM32F4xx_HAL_Driver/Src/stm32f4xx_hal.o
                0x20000010                uwTickFreq
 *fill*         0x20000011        0x3 
 .data.uxTopUsedPriority
                0x20000014        0x4 ./common/ThirdParty/FreeRTOS/tasks.o
                0x20000014                uxTopUsedPriority
 .data.uxCriticalNesting
                0x20000018        0x4 ./common/ThirdParty/FreeRTOS/portable/GCC/ARM_CM4F/port.o
 .data.__sglue  0x2000001c        0xc D:/ST/STM32CubeIDE_1.16.0/STM32CubeIDE/plugins/com.st.stm32cube.ide.mcu.externaltools.gnu-tools-for-stm32.12.3.rel1.win32_1.0.200.202406191623/tools/bin/../lib/gcc/arm-none-eabi/12.3.1/../../../../arm-none-eabi/lib/thumb/v7e-m+fp/hard\libc_nano.a(libc_a-findfp.o)
                0x2000001c                __sglue
 .data._impure_ptr
                0x20000028        0x4 D:/ST/STM32CubeIDE_1.16.0/STM32CubeIDE/plugins/com.st.stm32cube.ide.mcu.externaltools.gnu-tools-for-stm32.12.3.rel1.win32_1.0.200.202406191623/tools/bin/../lib/gcc/arm-none-eabi/12.3.1/../../../../arm-none-eabi/lib/thumb/v7e-m+fp/hard\libc_nano.a(libc_a-impure.o)
                0x20000028                _impure_ptr
 .data._impure_data
                0x2000002c       0x4c D:/ST/STM32CubeIDE_1.16.0/STM32CubeIDE/plugins/com.st.stm32cube.ide.mcu.externaltools.gnu-tools-for-stm32.12.3.rel1.win32_1.0.200.202406191623/tools/bin/../lib/gcc/arm-none-eabi/12.3.1/../../../../arm-none-eabi/lib/thumb/v7e-m+fp/hard\libc_nano.a(libc_a-impure.o)
                0x2000002c                _impure_data
 *(.RamFunc)
 *(.RamFunc*)
                0x20000078                        . = ALIGN (0x4)
                0x20000078                        _edata = .
                0x0800937c                        _siccmram = LOADADDR (.ccmram)

.igot.plt       0x20000078        0x0 load address 0x0800937c
 .igot.plt      0x20000078        0x0 D:/ST/STM32CubeIDE_1.16.0/STM32CubeIDE/plugins/com.st.stm32cube.ide.mcu.externaltools.gnu-tools-for-stm32.12.3.rel1.win32_1.0.200.202406191623/tools/bin/../lib/gcc/arm-none-eabi/12.3.1/thumb/v7e-m+fp/hard/crtbegin.o

.ccmram         0x10000000        0x0 load address 0x0800937c
                0x10000000                        . = ALIGN (0x4)
                0x10000000                        _sccmram = .
 *(.ccmram)
 *(.ccmram*)
                0x10000000                        . = ALIGN (0x4)
                0x10000000                        _eccmram = .
                0x10000000                        . = ALIGN (0x4)

.bss            0x20000078    0x13054
                0x20000078                        _sbss = .
                0x20000078                        __bss_start__ = _sbss
 *(.bss)
 .bss           0x20000078       0x1c D:/ST/STM32CubeIDE_1.16.0/STM32CubeIDE/plugins/com.st.stm32cube.ide.mcu.externaltools.gnu-tools-for-stm32.12.3.rel1.win32_1.0.200.202406191623/tools/bin/../lib/gcc/arm-none-eabi/12.3.1/thumb/v7e-m+fp/hard/crtbegin.o
 *(.bss*)
 .bss.i.1       0x20000094        0x1 ./Core/Src/led_effect.o
 .bss.i.0       0x20000095        0x1 ./Core/Src/led_effect.o
 *fill*         0x20000096        0x2 
 .bss.hrtc      0x20000098       0x20 ./Core/Src/main.o
                0x20000098                hrtc
 .bss.huart2    0x200000b8       0x48 ./Core/Src/main.o
                0x200000b8                huart2
 .bss.handle_menu_task
                0x20000100        0x4 ./Core/Src/main.o
                0x20000100                handle_menu_task
 .bss.handle_cmd_task
                0x20000104        0x4 ./Core/Src/main.o
                0x20000104                handle_cmd_task
 .bss.handle_print_task
                0x20000108        0x4 ./Core/Src/main.o
                0x20000108                handle_print_task
 .bss.handle_led_task
                0x2000010c        0x4 ./Core/Src/main.o
                0x2000010c                handle_led_task
 .bss.handle_rtc_task
                0x20000110        0x4 ./Core/Src/main.o
                0x20000110                handle_rtc_task
 .bss.q_data    0x20000114        0x4 ./Core/Src/main.o
                0x20000114                q_data
 .bss.q_print   0x20000118        0x4 ./Core/Src/main.o
                0x20000118                q_print
 .bss.user_data
                0x2000011c        0x1 ./Core/Src/main.o
                0x2000011c                user_data
 *fill*         0x2000011d        0x3 
 .bss.handle_led_timer
                0x20000120       0x10 ./Core/Src/main.o
                0x20000120                handle_led_timer
 .bss.rtc_timer
                0x20000130        0x4 ./Core/Src/main.o
                0x20000130                rtc_timer
 .bss.curr_state
                0x20000134        0x1 ./Core/Src/main.o
                0x20000134                curr_state
 *fill*         0x20000135        0x3 
 .bss.showtime.1
                0x20000138       0x28 ./Core/Src/rtc.o
 .bss.showdate.0
                0x20000160       0x28 ./Core/Src/rtc.o
 .bss.htim6     0x20000188       0x48 ./Core/Src/stm32f4xx_hal_timebase_tim.o
                0x20000188                htim6
 .bss.__sbrk_heap_end
                0x200001d0        0x4 ./Core/Src/sysmem.o
 .bss.uwTick    0x200001d4        0x4 ./Drivers/STM32F4xx_HAL_Driver/Src/stm32f4xx_hal.o
                0x200001d4                uwTick
 .bss.xQueueRegistry
                0x200001d8       0x40 ./common/ThirdParty/FreeRTOS/queue.o
                0x200001d8                xQueueRegistry
 .bss.pxCurrentTCB
                0x20000218        0x4 ./common/ThirdParty/FreeRTOS/tasks.o
                0x20000218                pxCurrentTCB
 .bss.pxReadyTasksLists
                0x2000021c       0x64 ./common/ThirdParty/FreeRTOS/tasks.o
 .bss.xDelayedTaskList1
                0x20000280       0x14 ./common/ThirdParty/FreeRTOS/tasks.o
 .bss.xDelayedTaskList2
                0x20000294       0x14 ./common/ThirdParty/FreeRTOS/tasks.o
 .bss.pxDelayedTaskList
                0x200002a8        0x4 ./common/ThirdParty/FreeRTOS/tasks.o
 .bss.pxOverflowDelayedTaskList
                0x200002ac        0x4 ./common/ThirdParty/FreeRTOS/tasks.o
 .bss.xPendingReadyList
                0x200002b0       0x14 ./common/ThirdParty/FreeRTOS/tasks.o
 .bss.xTasksWaitingTermination
                0x200002c4       0x14 ./common/ThirdParty/FreeRTOS/tasks.o
 .bss.uxDeletedTasksWaitingCleanUp
                0x200002d8        0x4 ./common/ThirdParty/FreeRTOS/tasks.o
 .bss.xSuspendedTaskList
                0x200002dc       0x14 ./common/ThirdParty/FreeRTOS/tasks.o
 .bss.uxCurrentNumberOfTasks
                0x200002f0        0x4 ./common/ThirdParty/FreeRTOS/tasks.o
 .bss.xTickCount
                0x200002f4        0x4 ./common/ThirdParty/FreeRTOS/tasks.o
 .bss.uxTopReadyPriority
                0x200002f8        0x4 ./common/ThirdParty/FreeRTOS/tasks.o
 .bss.xSchedulerRunning
                0x200002fc        0x4 ./common/ThirdParty/FreeRTOS/tasks.o
 .bss.xPendedTicks
                0x20000300        0x4 ./common/ThirdParty/FreeRTOS/tasks.o
 .bss.xYieldPending
                0x20000304        0x4 ./common/ThirdParty/FreeRTOS/tasks.o
 .bss.xNumOfOverflows
                0x20000308        0x4 ./common/ThirdParty/FreeRTOS/tasks.o
 .bss.uxTaskNumber
                0x2000030c        0x4 ./common/ThirdParty/FreeRTOS/tasks.o
 .bss.xNextTaskUnblockTime
                0x20000310        0x4 ./common/ThirdParty/FreeRTOS/tasks.o
 .bss.xIdleTaskHandle
                0x20000314        0x4 ./common/ThirdParty/FreeRTOS/tasks.o
 .bss.uxSchedulerSuspended
                0x20000318        0x4 ./common/ThirdParty/FreeRTOS/tasks.o
 .bss.xActiveTimerList1
                0x2000031c       0x14 ./common/ThirdParty/FreeRTOS/timers.o
 .bss.xActiveTimerList2
                0x20000330       0x14 ./common/ThirdParty/FreeRTOS/timers.o
 .bss.pxCurrentTimerList
                0x20000344        0x4 ./common/ThirdParty/FreeRTOS/timers.o
 .bss.pxOverflowTimerList
                0x20000348        0x4 ./common/ThirdParty/FreeRTOS/timers.o
 .bss.xTimerQueue
                0x2000034c        0x4 ./common/ThirdParty/FreeRTOS/timers.o
 .bss.xTimerTaskHandle
                0x20000350        0x4 ./common/ThirdParty/FreeRTOS/timers.o
 .bss.xLastTime.0
                0x20000354        0x4 ./common/ThirdParty/FreeRTOS/timers.o
 .bss.ucMaxSysCallPriority
                0x20000358        0x1 ./common/ThirdParty/FreeRTOS/portable/GCC/ARM_CM4F/port.o
 *fill*         0x20000359        0x3 
 .bss.ulMaxPRIGROUPValue
                0x2000035c        0x4 ./common/ThirdParty/FreeRTOS/portable/GCC/ARM_CM4F/port.o
 .bss.ucHeap    0x20000360    0x12c00 ./common/ThirdParty/FreeRTOS/portable/MemMang/heap_4.o
 .bss.xStart    0x20012f60        0x8 ./common/ThirdParty/FreeRTOS/portable/MemMang/heap_4.o
 .bss.pxEnd     0x20012f68        0x4 ./common/ThirdParty/FreeRTOS/portable/MemMang/heap_4.o
 .bss.xFreeBytesRemaining
                0x20012f6c        0x4 ./common/ThirdParty/FreeRTOS/portable/MemMang/heap_4.o
 .bss.xMinimumEverFreeBytesRemaining
                0x20012f70        0x4 ./common/ThirdParty/FreeRTOS/portable/MemMang/heap_4.o
 .bss.xNumberOfSuccessfulAllocations
                0x20012f74        0x4 ./common/ThirdParty/FreeRTOS/portable/MemMang/heap_4.o
 .bss.xNumberOfSuccessfulFrees
                0x20012f78        0x4 ./common/ThirdParty/FreeRTOS/portable/MemMang/heap_4.o
 .bss.xBlockAllocatedBit
                0x20012f7c        0x4 ./common/ThirdParty/FreeRTOS/portable/MemMang/heap_4.o
 .bss.__sf      0x20012f80      0x138 D:/ST/STM32CubeIDE_1.16.0/STM32CubeIDE/plugins/com.st.stm32cube.ide.mcu.externaltools.gnu-tools-for-stm32.12.3.rel1.win32_1.0.200.202406191623/tools/bin/../lib/gcc/arm-none-eabi/12.3.1/../../../../arm-none-eabi/lib/thumb/v7e-m+fp/hard\libc_nano.a(libc_a-findfp.o)
                0x20012f80                __sf
 .bss.__stdio_exit_handler
                0x200130b8        0x4 D:/ST/STM32CubeIDE_1.16.0/STM32CubeIDE/plugins/com.st.stm32cube.ide.mcu.externaltools.gnu-tools-for-stm32.12.3.rel1.win32_1.0.200.202406191623/tools/bin/../lib/gcc/arm-none-eabi/12.3.1/../../../../arm-none-eabi/lib/thumb/v7e-m+fp/hard\libc_nano.a(libc_a-findfp.o)
                0x200130b8                __stdio_exit_handler
 .bss.errno     0x200130bc        0x4 D:/ST/STM32CubeIDE_1.16.0/STM32CubeIDE/plugins/com.st.stm32cube.ide.mcu.externaltools.gnu-tools-for-stm32.12.3.rel1.win32_1.0.200.202406191623/tools/bin/../lib/gcc/arm-none-eabi/12.3.1/../../../../arm-none-eabi/lib/thumb/v7e-m+fp/hard\libc_nano.a(libc_a-reent.o)
                0x200130bc                errno
 .bss.__lock___malloc_recursive_mutex
                0x200130c0        0x1 D:/ST/STM32CubeIDE_1.16.0/STM32CubeIDE/plugins/com.st.stm32cube.ide.mcu.externaltools.gnu-tools-for-stm32.12.3.rel1.win32_1.0.200.202406191623/tools/bin/../lib/gcc/arm-none-eabi/12.3.1/../../../../arm-none-eabi/lib/thumb/v7e-m+fp/hard\libc_nano.a(libc_a-lock.o)
                0x200130c0                __lock___malloc_recursive_mutex
 .bss.__lock___sfp_recursive_mutex
                0x200130c1        0x1 D:/ST/STM32CubeIDE_1.16.0/STM32CubeIDE/plugins/com.st.stm32cube.ide.mcu.externaltools.gnu-tools-for-stm32.12.3.rel1.win32_1.0.200.202406191623/tools/bin/../lib/gcc/arm-none-eabi/12.3.1/../../../../arm-none-eabi/lib/thumb/v7e-m+fp/hard\libc_nano.a(libc_a-lock.o)
                0x200130c1                __lock___sfp_recursive_mutex
 *fill*         0x200130c2        0x2 
 .bss.__malloc_sbrk_start
                0x200130c4        0x4 D:/ST/STM32CubeIDE_1.16.0/STM32CubeIDE/plugins/com.st.stm32cube.ide.mcu.externaltools.gnu-tools-for-stm32.12.3.rel1.win32_1.0.200.202406191623/tools/bin/../lib/gcc/arm-none-eabi/12.3.1/../../../../arm-none-eabi/lib/thumb/v7e-m+fp/hard\libc_nano.a(libc_a-mallocr.o)
                0x200130c4                __malloc_sbrk_start
 .bss.__malloc_free_list
                0x200130c8        0x4 D:/ST/STM32CubeIDE_1.16.0/STM32CubeIDE/plugins/com.st.stm32cube.ide.mcu.externaltools.gnu-tools-for-stm32.12.3.rel1.win32_1.0.200.202406191623/tools/bin/../lib/gcc/arm-none-eabi/12.3.1/../../../../arm-none-eabi/lib/thumb/v7e-m+fp/hard\libc_nano.a(libc_a-mallocr.o)
                0x200130c8                __malloc_free_list
 *(COMMON)
                0x200130cc                        . = ALIGN (0x4)
                0x200130cc                        _ebss = .
                0x200130cc                        __bss_end__ = _ebss

._user_heap_stack
                0x200130cc      0x604
                0x200130d0                        . = ALIGN (0x8)
 *fill*         0x200130cc        0x4 
                [!provide]                        PROVIDE (end = .)
                0x200130d0                        PROVIDE (_end = .)
                0x200132d0                        . = (. + _Min_Heap_Size)
 *fill*         0x200130d0      0x200 
                0x200136d0                        . = (. + _Min_Stack_Size)
 *fill*         0x200132d0      0x400 
                0x200136d0                        . = ALIGN (0x8)

/DISCARD/
 libc.a(*)
 libm.a(*)
 libgcc.a(*)

.ARM.attributes
                0x00000000       0x30
 *(.ARM.attributes)
 .ARM.attributes
                0x00000000       0x22 D:/ST/STM32CubeIDE_1.16.0/STM32CubeIDE/plugins/com.st.stm32cube.ide.mcu.externaltools.gnu-tools-for-stm32.12.3.rel1.win32_1.0.200.202406191623/tools/bin/../lib/gcc/arm-none-eabi/12.3.1/thumb/v7e-m+fp/hard/crti.o
 .ARM.attributes
                0x00000022       0x34 D:/ST/STM32CubeIDE_1.16.0/STM32CubeIDE/plugins/com.st.stm32cube.ide.mcu.externaltools.gnu-tools-for-stm32.12.3.rel1.win32_1.0.200.202406191623/tools/bin/../lib/gcc/arm-none-eabi/12.3.1/thumb/v7e-m+fp/hard/crtbegin.o
 .ARM.attributes
                0x00000056       0x34 ./Core/Src/led_effect.o
 .ARM.attributes
                0x0000008a       0x34 ./Core/Src/main.o
 .ARM.attributes
                0x000000be       0x34 ./Core/Src/rtc.o
 .ARM.attributes
                0x000000f2       0x34 ./Core/Src/stm32f4xx_hal_msp.o
 .ARM.attributes
                0x00000126       0x34 ./Core/Src/stm32f4xx_hal_timebase_tim.o
 .ARM.attributes
                0x0000015a       0x34 ./Core/Src/stm32f4xx_it.o
 .ARM.attributes
                0x0000018e       0x34 ./Core/Src/syscalls.o
 .ARM.attributes
                0x000001c2       0x34 ./Core/Src/sysmem.o
 .ARM.attributes
                0x000001f6       0x34 ./Core/Src/system_stm32f4xx.o
 .ARM.attributes
                0x0000022a       0x34 ./Core/Src/task_handler.o
 .ARM.attributes
                0x0000025e       0x21 ./Core/Startup/startup_stm32f407vgtx.o
 .ARM.attributes
                0x0000027f       0x34 ./Drivers/STM32F4xx_HAL_Driver/Src/stm32f4xx_hal.o
 .ARM.attributes
                0x000002b3       0x34 ./Drivers/STM32F4xx_HAL_Driver/Src/stm32f4xx_hal_cortex.o
 .ARM.attributes
                0x000002e7       0x34 ./Drivers/STM32F4xx_HAL_Driver/Src/stm32f4xx_hal_dma.o
 .ARM.attributes
                0x0000031b       0x34 ./Drivers/STM32F4xx_HAL_Driver/Src/stm32f4xx_hal_gpio.o
 .ARM.attributes
                0x0000034f       0x34 ./Drivers/STM32F4xx_HAL_Driver/Src/stm32f4xx_hal_rcc.o
 .ARM.attributes
                0x00000383       0x34 ./Drivers/STM32F4xx_HAL_Driver/Src/stm32f4xx_hal_rcc_ex.o
 .ARM.attributes
                0x000003b7       0x34 ./Drivers/STM32F4xx_HAL_Driver/Src/stm32f4xx_hal_rtc.o
 .ARM.attributes
                0x000003eb       0x34 ./Drivers/STM32F4xx_HAL_Driver/Src/stm32f4xx_hal_tim.o
 .ARM.attributes
                0x0000041f       0x34 ./Drivers/STM32F4xx_HAL_Driver/Src/stm32f4xx_hal_tim_ex.o
 .ARM.attributes
                0x00000453       0x34 ./Drivers/STM32F4xx_HAL_Driver/Src/stm32f4xx_hal_uart.o
 .ARM.attributes
                0x00000487       0x34 ./common/ThirdParty/FreeRTOS/list.o
 .ARM.attributes
                0x000004bb       0x34 ./common/ThirdParty/FreeRTOS/queue.o
 .ARM.attributes
                0x000004ef       0x34 ./common/ThirdParty/FreeRTOS/tasks.o
 .ARM.attributes
                0x00000523       0x34 ./common/ThirdParty/FreeRTOS/timers.o
 .ARM.attributes
                0x00000557       0x34 ./common/ThirdParty/FreeRTOS/portable/GCC/ARM_CM4F/port.o
 .ARM.attributes
                0x0000058b       0x34 ./common/ThirdParty/FreeRTOS/portable/MemMang/heap_4.o
 .ARM.attributes
                0x000005bf       0x34 D:/ST/STM32CubeIDE_1.16.0/STM32CubeIDE/plugins/com.st.stm32cube.ide.mcu.externaltools.gnu-tools-for-stm32.12.3.rel1.win32_1.0.200.202406191623/tools/bin/../lib/gcc/arm-none-eabi/12.3.1/../../../../arm-none-eabi/lib/thumb/v7e-m+fp/hard\libc_nano.a(libc_a-findfp.o)
 .ARM.attributes
                0x000005f3       0x34 D:/ST/STM32CubeIDE_1.16.0/STM32CubeIDE/plugins/com.st.stm32cube.ide.mcu.externaltools.gnu-tools-for-stm32.12.3.rel1.win32_1.0.200.202406191623/tools/bin/../lib/gcc/arm-none-eabi/12.3.1/../../../../arm-none-eabi/lib/thumb/v7e-m+fp/hard\libc_nano.a(libc_a-fwalk.o)
 .ARM.attributes
                0x00000627       0x34 D:/ST/STM32CubeIDE_1.16.0/STM32CubeIDE/plugins/com.st.stm32cube.ide.mcu.externaltools.gnu-tools-for-stm32.12.3.rel1.win32_1.0.200.202406191623/tools/bin/../lib/gcc/arm-none-eabi/12.3.1/../../../../arm-none-eabi/lib/thumb/v7e-m+fp/hard\libc_nano.a(libc_a-printf.o)
 .ARM.attributes
                0x0000065b       0x34 D:/ST/STM32CubeIDE_1.16.0/STM32CubeIDE/plugins/com.st.stm32cube.ide.mcu.externaltools.gnu-tools-for-stm32.12.3.rel1.win32_1.0.200.202406191623/tools/bin/../lib/gcc/arm-none-eabi/12.3.1/../../../../arm-none-eabi/lib/thumb/v7e-m+fp/hard\libc_nano.a(libc_a-sprintf.o)
 .ARM.attributes
                0x0000068f       0x34 D:/ST/STM32CubeIDE_1.16.0/STM32CubeIDE/plugins/com.st.stm32cube.ide.mcu.externaltools.gnu-tools-for-stm32.12.3.rel1.win32_1.0.200.202406191623/tools/bin/../lib/gcc/arm-none-eabi/12.3.1/../../../../arm-none-eabi/lib/thumb/v7e-m+fp/hard\libc_nano.a(libc_a-stdio.o)
 .ARM.attributes
                0x000006c3       0x34 D:/ST/STM32CubeIDE_1.16.0/STM32CubeIDE/plugins/com.st.stm32cube.ide.mcu.externaltools.gnu-tools-for-stm32.12.3.rel1.win32_1.0.200.202406191623/tools/bin/../lib/gcc/arm-none-eabi/12.3.1/../../../../arm-none-eabi/lib/thumb/v7e-m+fp/hard\libc_nano.a(libc_a-memset.o)
 .ARM.attributes
                0x000006f7       0x34 D:/ST/STM32CubeIDE_1.16.0/STM32CubeIDE/plugins/com.st.stm32cube.ide.mcu.externaltools.gnu-tools-for-stm32.12.3.rel1.win32_1.0.200.202406191623/tools/bin/../lib/gcc/arm-none-eabi/12.3.1/../../../../arm-none-eabi/lib/thumb/v7e-m+fp/hard\libc_nano.a(libc_a-closer.o)
 .ARM.attributes
                0x0000072b       0x34 D:/ST/STM32CubeIDE_1.16.0/STM32CubeIDE/plugins/com.st.stm32cube.ide.mcu.externaltools.gnu-tools-for-stm32.12.3.rel1.win32_1.0.200.202406191623/tools/bin/../lib/gcc/arm-none-eabi/12.3.1/../../../../arm-none-eabi/lib/thumb/v7e-m+fp/hard\libc_nano.a(libc_a-reent.o)
 .ARM.attributes
                0x0000075f       0x34 D:/ST/STM32CubeIDE_1.16.0/STM32CubeIDE/plugins/com.st.stm32cube.ide.mcu.externaltools.gnu-tools-for-stm32.12.3.rel1.win32_1.0.200.202406191623/tools/bin/../lib/gcc/arm-none-eabi/12.3.1/../../../../arm-none-eabi/lib/thumb/v7e-m+fp/hard\libc_nano.a(libc_a-impure.o)
 .ARM.attributes
                0x00000793       0x34 D:/ST/STM32CubeIDE_1.16.0/STM32CubeIDE/plugins/com.st.stm32cube.ide.mcu.externaltools.gnu-tools-for-stm32.12.3.rel1.win32_1.0.200.202406191623/tools/bin/../lib/gcc/arm-none-eabi/12.3.1/../../../../arm-none-eabi/lib/thumb/v7e-m+fp/hard\libc_nano.a(libc_a-lseekr.o)
 .ARM.attributes
                0x000007c7       0x34 D:/ST/STM32CubeIDE_1.16.0/STM32CubeIDE/plugins/com.st.stm32cube.ide.mcu.externaltools.gnu-tools-for-stm32.12.3.rel1.win32_1.0.200.202406191623/tools/bin/../lib/gcc/arm-none-eabi/12.3.1/../../../../arm-none-eabi/lib/thumb/v7e-m+fp/hard\libc_nano.a(libc_a-readr.o)
 .ARM.attributes
                0x000007fb       0x34 D:/ST/STM32CubeIDE_1.16.0/STM32CubeIDE/plugins/com.st.stm32cube.ide.mcu.externaltools.gnu-tools-for-stm32.12.3.rel1.win32_1.0.200.202406191623/tools/bin/../lib/gcc/arm-none-eabi/12.3.1/../../../../arm-none-eabi/lib/thumb/v7e-m+fp/hard\libc_nano.a(libc_a-writer.o)
 .ARM.attributes
                0x0000082f       0x34 D:/ST/STM32CubeIDE_1.16.0/STM32CubeIDE/plugins/com.st.stm32cube.ide.mcu.externaltools.gnu-tools-for-stm32.12.3.rel1.win32_1.0.200.202406191623/tools/bin/../lib/gcc/arm-none-eabi/12.3.1/../../../../arm-none-eabi/lib/thumb/v7e-m+fp/hard\libc_nano.a(libc_a-errno.o)
 .ARM.attributes
                0x00000863       0x34 D:/ST/STM32CubeIDE_1.16.0/STM32CubeIDE/plugins/com.st.stm32cube.ide.mcu.externaltools.gnu-tools-for-stm32.12.3.rel1.win32_1.0.200.202406191623/tools/bin/../lib/gcc/arm-none-eabi/12.3.1/../../../../arm-none-eabi/lib/thumb/v7e-m+fp/hard\libc_nano.a(libc_a-init.o)
 .ARM.attributes
                0x00000897       0x34 D:/ST/STM32CubeIDE_1.16.0/STM32CubeIDE/plugins/com.st.stm32cube.ide.mcu.externaltools.gnu-tools-for-stm32.12.3.rel1.win32_1.0.200.202406191623/tools/bin/../lib/gcc/arm-none-eabi/12.3.1/../../../../arm-none-eabi/lib/thumb/v7e-m+fp/hard\libc_nano.a(libc_a-lock.o)
 .ARM.attributes
                0x000008cb       0x20 D:/ST/STM32CubeIDE_1.16.0/STM32CubeIDE/plugins/com.st.stm32cube.ide.mcu.externaltools.gnu-tools-for-stm32.12.3.rel1.win32_1.0.200.202406191623/tools/bin/../lib/gcc/arm-none-eabi/12.3.1/../../../../arm-none-eabi/lib/thumb/v7e-m+fp/hard\libc_nano.a(libc_a-strcmp.o)
 .ARM.attributes
                0x000008eb       0x34 D:/ST/STM32CubeIDE_1.16.0/STM32CubeIDE/plugins/com.st.stm32cube.ide.mcu.externaltools.gnu-tools-for-stm32.12.3.rel1.win32_1.0.200.202406191623/tools/bin/../lib/gcc/arm-none-eabi/12.3.1/../../../../arm-none-eabi/lib/thumb/v7e-m+fp/hard\libc_nano.a(libc_a-memcpy-stub.o)
 .ARM.attributes
                0x0000091f       0x17 D:/ST/STM32CubeIDE_1.16.0/STM32CubeIDE/plugins/com.st.stm32cube.ide.mcu.externaltools.gnu-tools-for-stm32.12.3.rel1.win32_1.0.200.202406191623/tools/bin/../lib/gcc/arm-none-eabi/12.3.1/../../../../arm-none-eabi/lib/thumb/v7e-m+fp/hard\libc_nano.a(libc_a-strlen.o)
 .ARM.attributes
                0x00000936       0x34 D:/ST/STM32CubeIDE_1.16.0/STM32CubeIDE/plugins/com.st.stm32cube.ide.mcu.externaltools.gnu-tools-for-stm32.12.3.rel1.win32_1.0.200.202406191623/tools/bin/../lib/gcc/arm-none-eabi/12.3.1/../../../../arm-none-eabi/lib/thumb/v7e-m+fp/hard\libc_nano.a(libc_a-freer.o)
 .ARM.attributes
                0x0000096a       0x34 D:/ST/STM32CubeIDE_1.16.0/STM32CubeIDE/plugins/com.st.stm32cube.ide.mcu.externaltools.gnu-tools-for-stm32.12.3.rel1.win32_1.0.200.202406191623/tools/bin/../lib/gcc/arm-none-eabi/12.3.1/../../../../arm-none-eabi/lib/thumb/v7e-m+fp/hard\libc_nano.a(libc_a-mallocr.o)
 .ARM.attributes
                0x0000099e       0x34 D:/ST/STM32CubeIDE_1.16.0/STM32CubeIDE/plugins/com.st.stm32cube.ide.mcu.externaltools.gnu-tools-for-stm32.12.3.rel1.win32_1.0.200.202406191623/tools/bin/../lib/gcc/arm-none-eabi/12.3.1/../../../../arm-none-eabi/lib/thumb/v7e-m+fp/hard\libc_nano.a(libc_a-mlock.o)
 .ARM.attributes
                0x000009d2       0x34 D:/ST/STM32CubeIDE_1.16.0/STM32CubeIDE/plugins/com.st.stm32cube.ide.mcu.externaltools.gnu-tools-for-stm32.12.3.rel1.win32_1.0.200.202406191623/tools/bin/../lib/gcc/arm-none-eabi/12.3.1/../../../../arm-none-eabi/lib/thumb/v7e-m+fp/hard\libc_nano.a(libc_a-nano-svfprintf.o)
 .ARM.attributes
                0x00000a06       0x34 D:/ST/STM32CubeIDE_1.16.0/STM32CubeIDE/plugins/com.st.stm32cube.ide.mcu.externaltools.gnu-tools-for-stm32.12.3.rel1.win32_1.0.200.202406191623/tools/bin/../lib/gcc/arm-none-eabi/12.3.1/../../../../arm-none-eabi/lib/thumb/v7e-m+fp/hard\libc_nano.a(libc_a-nano-vfprintf.o)
 .ARM.attributes
                0x00000a3a       0x34 D:/ST/STM32CubeIDE_1.16.0/STM32CubeIDE/plugins/com.st.stm32cube.ide.mcu.externaltools.gnu-tools-for-stm32.12.3.rel1.win32_1.0.200.202406191623/tools/bin/../lib/gcc/arm-none-eabi/12.3.1/../../../../arm-none-eabi/lib/thumb/v7e-m+fp/hard\libc_nano.a(libc_a-nano-vfprintf_i.o)
 .ARM.attributes
                0x00000a6e       0x34 D:/ST/STM32CubeIDE_1.16.0/STM32CubeIDE/plugins/com.st.stm32cube.ide.mcu.externaltools.gnu-tools-for-stm32.12.3.rel1.win32_1.0.200.202406191623/tools/bin/../lib/gcc/arm-none-eabi/12.3.1/../../../../arm-none-eabi/lib/thumb/v7e-m+fp/hard\libc_nano.a(libc_a-fflush.o)
 .ARM.attributes
                0x00000aa2       0x34 D:/ST/STM32CubeIDE_1.16.0/STM32CubeIDE/plugins/com.st.stm32cube.ide.mcu.externaltools.gnu-tools-for-stm32.12.3.rel1.win32_1.0.200.202406191623/tools/bin/../lib/gcc/arm-none-eabi/12.3.1/../../../../arm-none-eabi/lib/thumb/v7e-m+fp/hard\libc_nano.a(libc_a-wbuf.o)
 .ARM.attributes