../Core/Src/main.c:70:5:main	48	static,ignoring_inline_asm
../Core/Src/main.c:138:6:SystemClock_Config	88	static
../Core/Src/main.c:185:13:MX_GPIO_Init	56	static
../Core/Src/main.c:324:6:vApplicationIdleHook	8	static
../Core/Src/main.c:329:13:led_green_handler	16	static
../Core/Src/main.c:340:13:led_orange_handler	16	static
../Core/Src/main.c:351:13:led_red_handler	16	static
../Core/Src/main.c:371:6:HAL_TIM_PeriodElapsedCallback	16	static
../Core/Src/main.c:388:6:Error_Handler	4	static,ignoring_inline_asm
