09:43:35 **** Incremental Build of configuration Debug for project 009_Bin_Sema_Tasks ****
make -j8 all 
arm-none-eabi-gcc "../Core/Src/main.c" -mcpu=cortex-m4 -std=gnu11 -g3 -DDEBUG -DUSE_HAL_DRIVER -DSTM32F407xx -c -I../Core/Inc -I../Drivers/STM32F4xx_HAL_Driver/Inc -I../Drivers/STM32F4xx_HAL_Driver/Inc/Legacy -I../Drivers/CMSIS/Device/ST/STM32F4xx/Include -I../Drivers/CMSIS/Include -I"D:/Users/ASUS/Documents/Embedded-C/RTOS/RTOS_workspace/common/ThirdParty/FreeRTOS/include" -I"D:/Users/ASUS/Documents/Embedded-C/RTOS/RTOS_workspace/common/ThirdParty/FreeRTOS/portable/GCC/ARM_CM4F" -I"D:/Users/ASUS/Documents/Embedded-C/RTOS/RTOS_workspace/common/ThirdParty/SEGGER/Config" -I"D:/Users/ASUS/Documents/Embedded-C/RTOS/RTOS_workspace/common/ThirdParty/SEGGER/OS" -I"D:/Users/ASUS/Documents/Embedded-C/RTOS/RTOS_workspace/common/ThirdParty/SEGGER/SEGGER" -O0 -ffunction-sections -fdata-sections -Wall -fstack-usage -fcyclomatic-complexity -MMD -MP -MF"Core/Src/main.d" -MT"Core/Src/main.o" --specs=nano.specs -mfpu=fpv4-sp-d16 -mfloat-abi=hard -mthumb -o "Core/Src/main.o"
arm-none-eabi-gcc -o "009_Bin_Sema_Tasks.elf" @"objects.list"   -mcpu=cortex-m4 -T"D:\Users\ASUS\Documents\Embedded-C\RTOS\RTOS_workspace\009_Bin_Sema_Tasks\STM32F407VGTX_FLASH.ld" --specs=nosys.specs -Wl,-Map="009_Bin_Sema_Tasks.map" -Wl,--gc-sections -static --specs=nano.specs -mfpu=fpv4-sp-d16 -mfloat-abi=hard -mthumb -Wl,--start-group -lc -lm -Wl,--end-group
Finished building target: 009_Bin_Sema_Tasks.elf
 
arm-none-eabi-size  009_Bin_Sema_Tasks.elf 
arm-none-eabi-objdump -h -S 009_Bin_Sema_Tasks.elf  > "009_Bin_Sema_Tasks.list"
   text	   data	    bss	    dec	    hex	filename
  30196	    112	  79536	 109844	  1ad14	009_Bin_Sema_Tasks.elf
Finished building: default.size.stdout
 
Finished building: 009_Bin_Sema_Tasks.list
 

09:43:41 Build Finished. 0 errors, 0 warnings. (took 5s.975ms)

