../Core/Src/main.c:77:5:main	32	static,ignoring_inline_asm
../Core/Src/main.c:134:6:SystemClock_Config	88	static
../Core/Src/main.c:181:13:MX_GPIO_Init	56	static
../Core/Src/main.c:323:13:green_task_handler	16	static
../Core/Src/main.c:333:13:red_task_handler	16	static
../Core/Src/main.c:344:6:switch_priority	16	static
../Core/Src/main.c:378:6:button_interrupt_handler	8	static
../Core/Src/main.c:396:6:HAL_TIM_PeriodElapsedCallback	16	static
../Core/Src/main.c:413:6:Error_Handler	4	static,ignoring_inline_asm
