../Drivers/CMSIS/Include/core_cm4.h:1760:22:__NVIC_SetPendingIRQ	16	static
../Core/Src/main.c:74:5:main	32	static,ignoring_inline_asm
../Core/Src/main.c:131:6:SystemClock_Config	88	static
../Core/Src/main.c:178:13:MX_USART2_UART_Init	8	static
../Core/Src/main.c:211:13:MX_GPIO_Init	56	static
../Core/Src/main.c:353:13:vHandlerTask	16	static
../Core/Src/main.c:371:13:vPeriodicTask	16	static
../Core/Src/main.c:393:6:GPIO_EXTI_Callback	16	static,ignoring_inline_asm
../Core/Src/main.c:437:6:HAL_TIM_PeriodElapsedCallback	16	static
../Core/Src/main.c:454:6:Error_Handler	4	static,ignoring_inline_asm
